store StoreId([248, 123, 95, 10, 185, 237, 125, 187, 123, 44, 77, 37, 164, 233, 89, 137]); sequence 11; checkpoint None
route 2 revision 1 bytes 1366 candidate false total_m 6526 vertices 167 visit None
  name "meiringen-loop-dem" flags EntryFlags(0) first Some(RoutePoint { lon: 8184359, lat: 46727505, ele: 596, surface: 0, elevation_incomplete: false }) last Some(RoutePoint { lon: 8184359, lat: 46727505, ele: 596, surface: 0, elevation_incomplete: false })
route 4 revision 1 bytes 1474 candidate true total_m 7365 vertices 171 visit Some(VisitDescriptor { original: RouteSourceKey { store: [248, 123, 95, 10, 185, 237, 125, 187, 123, 44, 77, 37, 164, 233, 89, 137], object: 2, revision: 1 }, original_anchors_m: [1664, 1664, 1664], accepted_anchors_m: [0, 1251, 2503], target_id: 5186081122, target_lon: 8191853, target_lat: 46717870, target_kind: 1 })
  name "Visit" flags EntryFlags(0) first Some(RoutePoint { lon: 8194555, lat: 46723124, ele: 602, surface: 0, elevation_incomplete: false }) last Some(RoutePoint { lon: 8184359, lat: 46727505, ele: 596, surface: 0, elevation_incomplete: false })
  preview 52 vertices; stop and final rejoin retained; displayed interval 0..2503m, stored 7365m
  coalesced tail seam distance_m Some(0.0)
  preserved prefix 0 vertices exact true; tail 119 vertices exact true; source_progress 1664 source_rejoin 1664 accepted [0, 1251, 2503]
route 5 revision 1 bytes 1152 candidate true total_m 4964 vertices 125 visit Some(VisitDescriptor { original: RouteSourceKey { store: [248, 123, 95, 10, 185, 237, 125, 187, 123, 44, 77, 37, 164, 233, 89, 137], object: 2, revision: 1 }, original_anchors_m: [1664, 3422, 3422], accepted_anchors_m: [0, 1808, 1859], target_id: 37901724, target_lon: 8185145, target_lat: 46728646, target_kind: 2 })
  name "Visit" flags EntryFlags(0) first Some(RoutePoint { lon: 8194555, lat: 46723124, ele: 602, surface: 0, elevation_incomplete: false }) last Some(RoutePoint { lon: 8184359, lat: 46727505, ele: 596, surface: 0, elevation_incomplete: false })
  preview 36 vertices; stop and final rejoin retained; displayed interval 0..1859m, stored 4964m
  coalesced tail seam distance_m Some(0.07621950020661207)
  preserved prefix 46 vertices exact true; tail 75 vertices exact true; source_progress 1664 source_rejoin 3422 accepted [0, 1808, 1859]
route 6 revision 1 bytes 1194 candidate true total_m 5152 vertices 131 visit Some(VisitDescriptor { original: RouteSourceKey { store: [248, 123, 95, 10, 185, 237, 125, 187, 123, 44, 77, 37, 164, 233, 89, 137], object: 2, revision: 1 }, original_anchors_m: [1664, 3730, 3730], accepted_anchors_m: [0, 2210, 2355], target_id: 474703692, target_lon: 8186473, target_lat: 46727790, target_kind: 1 })
  name "Visit" flags EntryFlags(0) first Some(RoutePoint { lon: 8194555, lat: 46723124, ele: 602, surface: 0, elevation_incomplete: false }) last Some(RoutePoint { lon: 8184359, lat: 46727505, ele: 596, surface: 0, elevation_incomplete: false })
  preview 38 vertices; stop and final rejoin retained; displayed interval 0..2355m, stored 5152m
  coalesced tail seam distance_m Some(0.0)
  preserved prefix 59 vertices exact true; tail 62 vertices exact true; source_progress 1664 source_rejoin 3730 accepted [0, 2210, 2355]
route 7 revision 1 bytes 1138 candidate true total_m 4868 vertices 123 visit Some(VisitDescriptor { original: RouteSourceKey { store: [248, 123, 95, 10, 185, 237, 125, 187, 123, 44, 77, 37, 164, 233, 89, 137], object: 2, revision: 1 }, original_anchors_m: [1664, 3591, 3591], accepted_anchors_m: [0, 1929, 1932], target_id: 12463141649, target_lon: 8184689, target_lat: 46727402, target_kind: 1 })
  name "Visit" flags EntryFlags(0) first Some(RoutePoint { lon: 8194555, lat: 46723124, ele: 602, surface: 0, elevation_incomplete: false }) last Some(RoutePoint { lon: 8184359, lat: 46727505, ele: 596, surface: 0, elevation_incomplete: false })
  preview 35 vertices; stop and final rejoin retained; displayed interval 0..1932m, stored 4868m
  coalesced tail seam distance_m Some(0.0)
  preserved prefix 54 vertices exact true; tail 67 vertices exact true; source_progress 1664 source_rejoin 3591 accepted [0, 1929, 1932]
route 9 revision 1 bytes 393 candidate true total_m 1045 vertices 28 visit None
  name "Route to place" flags EntryFlags(0) first Some(RoutePoint { lon: 8194551, lat: 46723126, ele: 602, surface: 0, elevation_incomplete: false }) last Some(RoutePoint { lon: 8185145, lat: 46728646, ele: 597, surface: 0, elevation_incomplete: false })
visit_candidates 4
