0.001167 [INFO ] obc-fw-nrf54l 0.1.0+cc5bf0e (obc_fw_nrf54l obc-fw-nrf54l/src/main.rs:990)
0.001268 [INFO ] boot: RESETREAS=0x00000040 (obc_fw_nrf54l obc-fw-nrf54l/src/main.rs:998)
0.001340 [INFO ] VCOM debug sensors up on UARTE20 (J-Link VCOM 'UART1', TX P1_16 / RX P1_17) @ 115200 (obc_fw_nrf54l obc-fw-nrf54l/src/main.rs:1048)
0.001464 [INFO ] LS021 FLPR: released (INITPC=0x2007d000) — waiting for alive (obc_fw_nrf54l obc-fw-nrf54l/src/ls021_flpr.rs:387)
0.001514 [INFO ] obc-fw-nrf54l: FLPR alive — LS021 panel backend up; init-black then COM (obc_fw_nrf54l obc-fw-nrf54l/src/main.rs:1148)
0.045833 [INFO ] FLPR LS021: gesture/bulge plane on SWI01 @ P3; map plane: thread mode (event-driven, #219) (obc_fw_nrf54l obc-fw-nrf54l/src/main.rs:1199)
0.201504 [INFO ] SD: card up over sEMMC — 60906 MB, 4-bit, 32 MHz reads (high-speed true), RCA 0xaaaa; FLPR mode: storage (obc_fw_nrf54l obc-fw-nrf54l/src/sd.rs:129)
0.206665 [INFO ] flat: ReadWrite at sequence 687 — 7 entries, 60855 free extents of 1048576 B, mount 4178 us (obc_fw_nrf54l obc-fw-nrf54l/src/flat_store.rs:1459)
0.207924 [INFO ] flat: catalog holds 1 map object(s), 5 route(s), 0 ride(s), 1 other — listing complete: true (obc_fw_nrf54l obc-fw-nrf54l/src/flat_store.rs:1495)
0.209118 [INFO ] flat: map object 1 revision 1 open — 44643264 B, read direct (no channel) (obc_fw_nrf54l obc-fw-nrf54l/src/flat_store.rs:1633)
0.229722 [INFO ] map: streaming from SD; bbox lon[7340032..9437184] lat[46137344..48234496] (obc_fw_nrf54l obc-fw-nrf54l/src/main.rs:1356)
0.230730 [INFO ] map: terrain mounted from the §1.3 region (8388704 B) (obc_fw_nrf54l obc-fw-nrf54l/src/main.rs:640)
0.254743 [INFO ] flat: Route menu loaded 5 route(s) (obc_fw_nrf54l obc-fw-nrf54l/src/flat_store.rs:1837)
0.255851 [INFO ] flat: Route menu loaded 0 trip folder(s) (obc_fw_nrf54l obc-fw-nrf54l/src/flat_store.rs:1882)
0.256996 [INFO ] flat: Rides menu loaded 0 finished ride(s) (obc_fw_nrf54l obc-fw-nrf54l/src/flat_store.rs:1911)
0.257440 [INFO ] boot #122 (obc_fw_nrf54l obc-fw-nrf54l/src/main.rs:1447)
0.257516 [INFO ] dfu: running image is cc5bf0e (obc_fw_nrf54l obc-fw-nrf54l/src/dfu.rs:86)
0.257602 [INFO ] store-epoch: no mounted store — no epoch to mint or serve (obc_fw_nrf54l obc-fw-nrf54l/src/main.rs:1513)
0.257664 [INFO ] settings: RRAM slot @ 0x001fc000 blank/invalid → booting defaults (obc_fw_nrf54l obc-fw-nrf54l/src/settings.rs:498)
0.257992 [INFO ] settings: RRAM slot @ 0x001fc000 blank/invalid → booting defaults (obc_fw_nrf54l obc-fw-nrf54l/src/settings.rs:498)
0.260437 [INFO ] stack high-water 22200 / 49672 B (new peak) (obc_fw_nrf54l obc-fw-nrf54l/src/ride.rs:992)
0.308945 [INFO ] flat: storage task up — the write half and the v4 engine are serialized here, reads stay direct (obc_fw_nrf54l obc-fw-nrf54l/src/flat_store.rs:1027)
0.309458 [INFO ] ble: sdc required_memory = 11336 bytes (SDC_MEM_SIZE = 11336) (obc_fw_nrf54l src/ble/mod.rs:359)
0.513149 [INFO ] settings: loaded BLE bond from RRAM @ 0x001fcc00 (obc_fw_nrf54l obc-fw-nrf54l/src/settings.rs:378)
0.513207 [INFO ] ble: restored stored bond — bonded reconnect armed (obc_fw_nrf54l src/ble/mod.rs:399)
0.513672 [WARN ] ClientAttTable buffer (64 bytes) oversized. Only need 22 bytes for exact size (trouble_host src/attribute_server/client_att_table.rs:355)
0.513976 [INFO ] ble: host up as 'OBC-[device]', address [device address] (obc_fw_nrf54l src/ble/mod.rs:416)
0.514310 [INFO ] ble: DIS fw 'cc5bf0e' hw 'nrf54lm20-dk' serial '[device serial]' (obc_fw_nrf54l src/ble/mod.rs:426)
0.514550 [INFO ] ble: [sensor] manager up (SENSOR_LINKS = 3) (obc_fw_nrf54l src/ble/sensors.rs:383)
0.684773 [INFO ] [host] using packet pool with MTU 251 capacity 16 (trouble_host trouble-host-0.7.0/src/host.rs:1519)
0.684845 [INFO ] [host] filter accept list size: 8 (trouble_host trouble-host-0.7.0/src/host.rs:1526)
0.684896 [INFO ] [host] setting txq to 3, fragmenting at 251 (trouble_host trouble-host-0.7.0/src/host.rs:1529)
0.684970 [INFO ] [host] configuring host buffers (1 packets of size 255) (trouble_host trouble-host-0.7.0/src/host.rs:1539)
0.685040 [INFO ] [host] initialized (trouble_host trouble-host-0.7.0/src/host.rs:1561)
0.685085 [INFO ] [host] RPA timeout set to 900s (trouble_host trouble-host-0.7.0/src/host.rs:1580)
0.685177 [INFO ] [host] incremental resolving list add (trouble_host trouble-host-0.7.0/src/host.rs:348)
0.685338 [INFO ] ble: radio off — parked until re-enabled (obc_fw_nrf54l src/ble/mod.rs:453)
0.685393 [INFO ] usb: arming VBUS detect (VREGUSB); no USBHS access until a cable is present (obc_fw_nrf54l src/usb/mod.rs:640)
0.685443 [INFO ] usb: VBUS present — BLE radio parked; bringing the device plane up (obc_fw_nrf54l src/usb/mod.rs:650)
0.686007 [INFO ] usb: device plane up — 1209:0001, serial '[device serial]', HS bulk 512 B (obc_fw_nrf54l src/usb/mod.rs:653)
0.686419 [INFO ] ui frame: render 39584 us + push 385820 us (screen redraw, no map) (obc_fw_nrf54l obc-fw-nrf54l/src/ride.rs:3299)
0.708928 [INFO ] flat: Route menu loaded 5 route(s) (obc_fw_nrf54l obc-fw-nrf54l/src/flat_store.rs:1837)
0.710033 [INFO ] flat: Route menu loaded 0 trip folder(s) (obc_fw_nrf54l obc-fw-nrf54l/src/flat_store.rs:1882)
0.711176 [INFO ] flat: Rides menu loaded 0 finished ride(s) (obc_fw_nrf54l obc-fw-nrf54l/src/flat_store.rs:1911)
0.764771 [INFO ] ui frame: render 39593 us + push 8574 us (screen redraw, no map) (obc_fw_nrf54l obc-fw-nrf54l/src/ride.rs:3299)
1.304268 [INFO ] stack high-water 27388 / 49672 B (new peak) (obc_fw_nrf54l obc-fw-nrf54l/src/ride.rs:992)
14.012464 [INFO ] input: Press on Home (obc_fw_nrf54l obc-fw-nrf54l/src/ride.rs:2713)
14.103203 [INFO ] ui frame: render 37355 us + push 52823 us (screen redraw, no map) (obc_fw_nrf54l obc-fw-nrf54l/src/ride.rs:3299)
14.415003 [INFO ] stack high-water 27508 / 49672 B (new peak) (obc_fw_nrf54l obc-fw-nrf54l/src/ride.rs:992)
14.502703 [INFO ] input: Press on Menu (obc_fw_nrf54l obc-fw-nrf54l/src/ride.rs:2713)
14.571648 [INFO ] ui frame: render 23314 us + push 45062 us (screen redraw, no map) (obc_fw_nrf54l obc-fw-nrf54l/src/ride.rs:3299)
15.000974 [INFO ] input: Press on RouteMenu (obc_fw_nrf54l obc-fw-nrf54l/src/ride.rs:2713)
15.074059 [INFO ] ui frame: render 38539 us + push 33936 us (screen redraw, no map) (obc_fw_nrf54l obc-fw-nrf54l/src/ride.rs:3299)
15.183678 [INFO ] ui frame: render 66945 us + push 23401 us (screen redraw, no map) (obc_fw_nrf54l obc-fw-nrf54l/src/ride.rs:3299)
15.901541 [INFO ] input: Press on RouteOverview (obc_fw_nrf54l obc-fw-nrf54l/src/ride.rs:2713)
16.080774 [INFO ] map frame: render 123659 us + push 52825 us | lod 13 | feat 42/188 | chunks 4 | map-cache 0 hit / 4 miss (obc_fw_nrf54l obc-fw-nrf54l/src/ride.rs:3285)
16.173760 [INFO ] ui frame: render 27803 us + push 52818 us (screen redraw, no map) (obc_fw_nrf54l obc-fw-nrf54l/src/ride.rs:3299)
16.198861 [INFO ] flat: Route menu loaded 5 route(s) (obc_fw_nrf54l obc-fw-nrf54l/src/flat_store.rs:1837)
16.200004 [INFO ] flat: Route menu loaded 0 trip folder(s) (obc_fw_nrf54l obc-fw-nrf54l/src/flat_store.rs:1882)
16.201192 [INFO ] flat: Rides menu loaded 0 finished ride(s) (obc_fw_nrf54l obc-fw-nrf54l/src/flat_store.rs:1911)
16.730527 [INFO ] stack high-water 33184 / 49672 B (new peak) (obc_fw_nrf54l obc-fw-nrf54l/src/ride.rs:992)
22.258079 [INFO ] input: chord Assistant on Assistant (opened/closed) (obc_fw_nrf54l obc-fw-nrf54l/src/ride.rs:2691)
22.355689 [INFO ] ui frame: render 49505 us + push 47379 us (screen redraw, no map) (obc_fw_nrf54l obc-fw-nrf54l/src/ride.rs:3299)
23.045539 [INFO ] input: Press on Assistant (obc_fw_nrf54l obc-fw-nrf54l/src/ride.rs:2713)
23.132636 [INFO ] map frame: render 38458 us + push 47961 us | lod 0 | feat 0/0 | chunks 0 | map-cache 0 hit / 0 miss (obc_fw_nrf54l obc-fw-nrf54l/src/ride.rs:3285)
23.439460 [INFO ] input: Step 1 on FindPlace (obc_fw_nrf54l obc-fw-nrf54l/src/ride.rs:2711)
23.498541 [INFO ] map frame: render 38472 us + push 19938 us | lod 0 | feat 0/0 | chunks 0 | map-cache 0 hit / 0 miss (obc_fw_nrf54l obc-fw-nrf54l/src/ride.rs:3285)
23.833224 [INFO ] input: Step 1 on FindPlace (obc_fw_nrf54l obc-fw-nrf54l/src/ride.rs:2711)
23.892433 [INFO ] map frame: render 38469 us + push 20068 us | lod 0 | feat 0/0 | chunks 0 | map-cache 0 hit / 0 miss (obc_fw_nrf54l obc-fw-nrf54l/src/ride.rs:3285)
24.226963 [INFO ] input: Step 1 on FindPlace (obc_fw_nrf54l obc-fw-nrf54l/src/ride.rs:2711)
24.286294 [INFO ] map frame: render 38471 us + push 20188 us | lod 0 | feat 0/0 | chunks 0 | map-cache 0 hit / 0 miss (obc_fw_nrf54l obc-fw-nrf54l/src/ride.rs:3285)
24.636873 [INFO ] input: Press on FindPlace (obc_fw_nrf54l obc-fw-nrf54l/src/ride.rs:2713)
25.455451 [INFO ] map frame: render 767206 us + push 50671 us | lod 13 | feat 9/136 | chunks 2 | map-cache 0 hit / 2 miss (obc_fw_nrf54l obc-fw-nrf54l/src/ride.rs:3285)
25.456250 [INFO ] stack high-water 34800 / 49672 B (new peak) (obc_fw_nrf54l obc-fw-nrf54l/src/ride.rs:992)
25.466628 [INFO ] freeze: banner repaint rows 88..144 (obc_fw_nrf54l obc-fw-nrf54l/src/ride.rs:3051)
25.478839 [INFO ] ui frame: render 8177 us + push 11962 us (screen redraw, no map) (obc_fw_nrf54l obc-fw-nrf54l/src/ride.rs:3299)
26.097162 [INFO ] freeze: banner repaint rows 88..144 (obc_fw_nrf54l obc-fw-nrf54l/src/ride.rs:3051)
26.108012 [INFO ] ui frame: render 8170 us + push 10599 us (screen redraw, no map) (obc_fw_nrf54l obc-fw-nrf54l/src/ride.rs:3299)
26.467661 [INFO ] visit: complete searches=2 anchors=1664/1664/1664 arrival=1251 total=7365 (obc_fw_nrf54l obc-fw-nrf54l/src/visit.rs:565)
26.590570 [INFO ] flat: Route menu loaded 6 route(s) (obc_fw_nrf54l obc-fw-nrf54l/src/flat_store.rs:1837)
26.592133 [INFO ] flat: Route menu loaded 0 trip folder(s) (obc_fw_nrf54l obc-fw-nrf54l/src/flat_store.rs:1882)
26.593747 [INFO ] flat: Rides menu loaded 0 finished ride(s) (obc_fw_nrf54l obc-fw-nrf54l/src/flat_store.rs:1911)
27.010793 [INFO ] freeze: banner repaint rows 88..144 (obc_fw_nrf54l obc-fw-nrf54l/src/ride.rs:3051)
27.023005 [INFO ] ui frame: render 8193 us + push 11961 us (screen redraw, no map) (obc_fw_nrf54l obc-fw-nrf54l/src/ride.rs:3299)
27.346522 [INFO ] visit: complete searches=2 anchors=1664/3422/3422 arrival=1808 total=4964 (obc_fw_nrf54l obc-fw-nrf54l/src/visit.rs:565)
27.465626 [INFO ] flat: Route menu loaded 7 route(s) (obc_fw_nrf54l obc-fw-nrf54l/src/flat_store.rs:1837)
27.467255 [INFO ] flat: Route menu loaded 0 trip folder(s) (obc_fw_nrf54l obc-fw-nrf54l/src/flat_store.rs:1882)
27.468913 [INFO ] flat: Rides menu loaded 0 finished ride(s) (obc_fw_nrf54l obc-fw-nrf54l/src/flat_store.rs:1911)
28.105133 [INFO ] freeze: banner repaint rows 88..144 (obc_fw_nrf54l obc-fw-nrf54l/src/ride.rs:3051)
28.117350 [INFO ] ui frame: render 8176 us + push 11967 us (screen redraw, no map) (obc_fw_nrf54l obc-fw-nrf54l/src/ride.rs:3299)
28.264635 [INFO ] visit: complete searches=2 anchors=1664/5422/5422 arrival=3759 total=4864 (obc_fw_nrf54l obc-fw-nrf54l/src/visit.rs:565)
28.388047 [INFO ] flat: Route menu loaded 8 route(s) (obc_fw_nrf54l obc-fw-nrf54l/src/flat_store.rs:1837)
28.389680 [INFO ] flat: Route menu loaded 0 trip folder(s) (obc_fw_nrf54l obc-fw-nrf54l/src/flat_store.rs:1882)
28.391382 [INFO ] flat: Rides menu loaded 0 finished ride(s) (obc_fw_nrf54l obc-fw-nrf54l/src/flat_store.rs:1911)
29.020321 [INFO ] freeze: banner repaint rows 88..144 (obc_fw_nrf54l obc-fw-nrf54l/src/ride.rs:3051)
29.031168 [INFO ] ui frame: render 8169 us + push 10596 us (screen redraw, no map) (obc_fw_nrf54l obc-fw-nrf54l/src/ride.rs:3299)
29.124362 [INFO ] visit: complete searches=2 anchors=1664/3591/3591 arrival=1929 total=4868 (obc_fw_nrf54l obc-fw-nrf54l/src/visit.rs:565)
29.248640 [INFO ] flat: Route menu loaded 9 route(s) (obc_fw_nrf54l obc-fw-nrf54l/src/flat_store.rs:1837)
29.250370 [INFO ] flat: Route menu loaded 0 trip folder(s) (obc_fw_nrf54l obc-fw-nrf54l/src/flat_store.rs:1882)
29.252174 [INFO ] flat: Rides menu loaded 0 finished ride(s) (obc_fw_nrf54l obc-fw-nrf54l/src/flat_store.rs:1911)
30.017415 [INFO ] freeze: banner repaint rows 88..144 (obc_fw_nrf54l obc-fw-nrf54l/src/ride.rs:3051)
30.029640 [INFO ] ui frame: render 8194 us + push 11974 us (screen redraw, no map) (obc_fw_nrf54l obc-fw-nrf54l/src/ride.rs:3299)
30.072099 [INFO ] visit: complete searches=2 anchors=1664/3730/3730 arrival=2210 total=5152 (obc_fw_nrf54l obc-fw-nrf54l/src/visit.rs:565)
30.212394 [INFO ] flat: Route menu loaded 10 route(s) (obc_fw_nrf54l obc-fw-nrf54l/src/flat_store.rs:1837)
30.214507 [INFO ] flat: Route menu loaded 0 trip folder(s) (obc_fw_nrf54l obc-fw-nrf54l/src/flat_store.rs:1882)
30.216677 [INFO ] flat: Rides menu loaded 0 finished ride(s) (obc_fw_nrf54l obc-fw-nrf54l/src/flat_store.rs:1911)
30.967155 [INFO ] visit: complete searches=2 anchors=1664/3553/3553 arrival=2210 total=5505 (obc_fw_nrf54l obc-fw-nrf54l/src/visit.rs:565)
31.105476 [INFO ] flat: Route menu loaded 11 route(s) (obc_fw_nrf54l obc-fw-nrf54l/src/flat_store.rs:1837)
31.107606 [INFO ] flat: Route menu loaded 0 trip folder(s) (obc_fw_nrf54l obc-fw-nrf54l/src/flat_store.rs:1882)
31.109853 [INFO ] flat: Rides menu loaded 0 finished ride(s) (obc_fw_nrf54l obc-fw-nrf54l/src/flat_store.rs:1911)
31.127452 [INFO ] freeze: banner repaint rows 88..144 (obc_fw_nrf54l obc-fw-nrf54l/src/ride.rs:3051)
31.139663 [INFO ] ui frame: render 8175 us + push 11960 us (screen redraw, no map) (obc_fw_nrf54l obc-fw-nrf54l/src/ride.rs:3299)
31.176229 [INFO ] find: ready results=4 (obc_fw_nrf54l obc-fw-nrf54l/src/ride.rs:2933)
31.742338 [INFO ] map frame: render 520398 us + push 43241 us | lod 10 | feat 451/663 | chunks 15 | map-cache 0 hit / 15 miss (obc_fw_nrf54l obc-fw-nrf54l/src/ride.rs:3285)
32.267374 [INFO ] map frame: render 513387 us + push 8574 us | lod 10 | feat 451/663 | chunks 15 | map-cache 2 hit / 13 miss (obc_fw_nrf54l obc-fw-nrf54l/src/ride.rs:3285)
32.344195 [INFO ] flat: Route menu loaded 10 route(s) (obc_fw_nrf54l obc-fw-nrf54l/src/flat_store.rs:1837)
32.346284 [INFO ] flat: Route menu loaded 0 trip folder(s) (obc_fw_nrf54l obc-fw-nrf54l/src/flat_store.rs:1882)
32.348455 [INFO ] flat: Rides menu loaded 0 finished ride(s) (obc_fw_nrf54l obc-fw-nrf54l/src/flat_store.rs:1911)
32.879390 [INFO ] map frame: render 512982 us + push 8572 us | lod 10 | feat 451/663 | chunks 15 | map-cache 2 hit / 13 miss (obc_fw_nrf54l obc-fw-nrf54l/src/ride.rs:3285)
32.948290 [INFO ] flat: Route menu loaded 9 route(s) (obc_fw_nrf54l obc-fw-nrf54l/src/flat_store.rs:1837)
32.949965 [INFO ] flat: Route menu loaded 0 trip folder(s) (obc_fw_nrf54l obc-fw-nrf54l/src/flat_store.rs:1882)
32.951713 [INFO ] flat: Rides menu loaded 0 finished ride(s) (obc_fw_nrf54l obc-fw-nrf54l/src/flat_store.rs:1911)
33.481763 [INFO ] map frame: render 512926 us + push 8573 us | lod 10 | feat 451/663 | chunks 15 | map-cache 2 hit / 13 miss (obc_fw_nrf54l obc-fw-nrf54l/src/ride.rs:3285)
48.591776 [INFO ] input: Press on FindPlace (obc_fw_nrf54l obc-fw-nrf54l/src/ride.rs:2713)
48.747359 [INFO ] map frame: render 105468 us + push 49421 us | lod 13 | feat 37/218 | chunks 3 | map-cache 0 hit / 3 miss (obc_fw_nrf54l obc-fw-nrf54l/src/ride.rs:3285)
48.806827 [INFO ] flat: Route menu loaded 9 route(s) (obc_fw_nrf54l obc-fw-nrf54l/src/flat_store.rs:1837)
49.363296 [INFO ] map frame: render 434021 us + push 39301 us | lod 10 | feat 339/426 | chunks 10 | map-cache 0 hit / 10 miss (obc_fw_nrf54l obc-fw-nrf54l/src/ride.rs:3285)
49.724779 [INFO ] input: Step 1 on VisitReview (obc_fw_nrf54l obc-fw-nrf54l/src/ride.rs:2711)
49.866163 [INFO ] map frame: render 101401 us + push 39296 us | lod 13 | feat 37/218 | chunks 3 | map-cache 0 hit / 3 miss (obc_fw_nrf54l obc-fw-nrf54l/src/ride.rs:3285)
49.979896 [INFO ] map frame: render 99450 us + push 8573 us | lod 13 | feat 37/218 | chunks 3 | map-cache 1 hit / 2 miss (obc_fw_nrf54l obc-fw-nrf54l/src/ride.rs:3285)
50.019571 [INFO ] freeze: banner repaint rows 88..144 (obc_fw_nrf54l obc-fw-nrf54l/src/ride.rs:3051)
50.030433 [INFO ] ui frame: render 8183 us + push 10612 us (screen redraw, no map) (obc_fw_nrf54l obc-fw-nrf54l/src/ride.rs:3299)
50.558850 [INFO ] flat: Route menu loaded 10 route(s) (obc_fw_nrf54l obc-fw-nrf54l/src/flat_store.rs:1837)
50.559458 [INFO ] nav route: ok len=1045 total_ms=557 snap_ms=107 search_ms=78 emit_ms=56 write_ms=46 rescan_ms=0 source_reads=267 graph_reads=218 index_reads=49 settles=179 eps=13/10 stack_hw=34800/49672 (obc_fw_nrf54l obc-fw-nrf54l/src/ride.rs:505)
50.632160 [INFO ] flat: Route menu loaded 10 route(s) (obc_fw_nrf54l obc-fw-nrf54l/src/flat_store.rs:1837)
50.634249 [INFO ] flat: Route menu loaded 0 trip folder(s) (obc_fw_nrf54l obc-fw-nrf54l/src/flat_store.rs:1882)
50.636419 [INFO ] flat: Rides menu loaded 0 finished ride(s) (obc_fw_nrf54l obc-fw-nrf54l/src/flat_store.rs:1911)
50.644829 [INFO ] nav route: released after 643 ms (obc_fw_nrf54l obc-fw-nrf54l/src/ride.rs:2322)
51.034129 [INFO ] map frame: render 348773 us + push 37268 us | lod 10 | feat 251/375 | chunks 8 | map-cache 0 hit / 8 miss (obc_fw_nrf54l obc-fw-nrf54l/src/ride.rs:3285)
63.401975 [INFO ] input: Press on VisitReview (obc_fw_nrf54l obc-fw-nrf54l/src/ride.rs:2713)
63.722728 [INFO ] map frame: render 307249 us + push 12713 us | lod 10 | feat 251/375 | chunks 8 | map-cache 2 hit / 6 miss (obc_fw_nrf54l obc-fw-nrf54l/src/ride.rs:3285)
63.967785 [INFO ] map frame: render 124291 us + push 52837 us | lod 13 | feat 37/218 | chunks 3 | map-cache 1 hit / 2 miss (obc_fw_nrf54l obc-fw-nrf54l/src/ride.rs:3285)
64.023109 [INFO ] flat: Route menu loaded 10 route(s) (obc_fw_nrf54l obc-fw-nrf54l/src/flat_store.rs:1837)
64.025228 [INFO ] flat: Route menu loaded 0 trip folder(s) (obc_fw_nrf54l obc-fw-nrf54l/src/flat_store.rs:1882)
64.027398 [INFO ] flat: Rides menu loaded 0 finished ride(s) (obc_fw_nrf54l obc-fw-nrf54l/src/flat_store.rs:1911)
64.158670 [INFO ] map frame: render 94806 us + push 14114 us | lod 13 | feat 37/218 | chunks 3 | map-cache 1 hit / 2 miss (obc_fw_nrf54l obc-fw-nrf54l/src/ride.rs:3285)
64.244156 [INFO ] flat: Route menu loaded 9 route(s) (obc_fw_nrf54l obc-fw-nrf54l/src/flat_store.rs:1837)
64.245826 [INFO ] flat: Route menu loaded 0 trip folder(s) (obc_fw_nrf54l obc-fw-nrf54l/src/flat_store.rs:1882)
64.247576 [INFO ] flat: Rides menu loaded 0 finished ride(s) (obc_fw_nrf54l obc-fw-nrf54l/src/flat_store.rs:1911)
64.359003 [INFO ] map frame: render 91270 us + push 8572 us | lod 13 | feat 37/218 | chunks 3 | map-cache 3 hit / 0 miss (obc_fw_nrf54l obc-fw-nrf54l/src/ride.rs:3285)
64.859741 [INFO ] stack high-water 35928 / 49672 B (new peak) (obc_fw_nrf54l obc-fw-nrf54l/src/ride.rs:992)
64.928275 [INFO ] flat: Route menu loaded 8 route(s) (obc_fw_nrf54l obc-fw-nrf54l/src/flat_store.rs:1837)
64.929910 [INFO ] flat: Route menu loaded 0 trip folder(s) (obc_fw_nrf54l obc-fw-nrf54l/src/flat_store.rs:1882)
64.931612 [INFO ] flat: Rides menu loaded 0 finished ride(s) (obc_fw_nrf54l obc-fw-nrf54l/src/flat_store.rs:1911)
65.044334 [INFO ] map frame: render 91227 us + push 8574 us | lod 13 | feat 37/218 | chunks 3 | map-cache 3 hit / 0 miss (obc_fw_nrf54l obc-fw-nrf54l/src/ride.rs:3285)
65.249615 [INFO ] flat: Route menu loaded 7 route(s) (obc_fw_nrf54l obc-fw-nrf54l/src/flat_store.rs:1837)
65.251189 [INFO ] flat: Route menu loaded 0 trip folder(s) (obc_fw_nrf54l obc-fw-nrf54l/src/flat_store.rs:1882)
65.252844 [INFO ] flat: Rides menu loaded 0 finished ride(s) (obc_fw_nrf54l obc-fw-nrf54l/src/flat_store.rs:1911)
65.365406 [INFO ] map frame: render 91272 us + push 8574 us | lod 13 | feat 37/218 | chunks 3 | map-cache 3 hit / 0 miss (obc_fw_nrf54l obc-fw-nrf54l/src/ride.rs:3285)
65.462092 [INFO ] flat: Route menu loaded 6 route(s) (obc_fw_nrf54l obc-fw-nrf54l/src/flat_store.rs:1837)
65.463654 [INFO ] flat: Route menu loaded 0 trip folder(s) (obc_fw_nrf54l obc-fw-nrf54l/src/flat_store.rs:1882)
65.465267 [INFO ] flat: Rides menu loaded 0 finished ride(s) (obc_fw_nrf54l obc-fw-nrf54l/src/flat_store.rs:1911)
65.492243 [INFO ] input: Press on Map (obc_fw_nrf54l obc-fw-nrf54l/src/ride.rs:2713)
65.583533 [INFO ] ui frame: render 37752 us + push 52865 us (screen redraw, no map) (obc_fw_nrf54l obc-fw-nrf54l/src/ride.rs:3299)
65.991149 [INFO ] input: Step 1 on RideControl (obc_fw_nrf54l obc-fw-nrf54l/src/ride.rs:2711)
66.049354 [INFO ] ui frame: render 37817 us + push 19734 us (screen redraw, no map) (obc_fw_nrf54l obc-fw-nrf54l/src/ride.rs:3299)
66.384350 [INFO ] input: Step 1 on RideControl (obc_fw_nrf54l obc-fw-nrf54l/src/ride.rs:2711)
66.442695 [INFO ] ui frame: render 37765 us + push 19926 us (screen redraw, no map) (obc_fw_nrf54l obc-fw-nrf54l/src/ride.rs:3299)
66.759167 [INFO ] ui frame: render 38132 us + push 14738 us (screen redraw, no map) (obc_fw_nrf54l obc-fw-nrf54l/src/ride.rs:3299)
66.839830 [INFO ] ui frame: render 38245 us + push 14740 us (screen redraw, no map) (obc_fw_nrf54l obc-fw-nrf54l/src/ride.rs:3299)
66.895301 [INFO ] ui frame: render 38219 us + push 14803 us (screen redraw, no map) (obc_fw_nrf54l obc-fw-nrf54l/src/ride.rs:3299)
66.970720 [INFO ] ui frame: render 38314 us + push 14813 us (screen redraw, no map) (obc_fw_nrf54l obc-fw-nrf54l/src/ride.rs:3299)
67.066727 [INFO ] ui frame: render 38313 us + push 14815 us (screen redraw, no map) (obc_fw_nrf54l obc-fw-nrf54l/src/ride.rs:3299)
67.162299 [INFO ] ui frame: render 38384 us + push 14819 us (screen redraw, no map) (obc_fw_nrf54l obc-fw-nrf54l/src/ride.rs:3299)
67.204238 [INFO ] input: Hold on RideControl (obc_fw_nrf54l obc-fw-nrf54l/src/ride.rs:2713)
67.282447 [INFO ] ui frame: render 39760 us + push 37786 us (screen redraw, no map) (obc_fw_nrf54l obc-fw-nrf54l/src/ride.rs:3299)
67.322709 [INFO ] flat ride: rider-confirmed exact removal of 344 (obc_fw_nrf54l obc-fw-nrf54l/src/flat_ride.rs:364)
67.351456 [INFO ] flat ride: exact removal committed (obc_fw_nrf54l obc-fw-nrf54l/src/flat_ride.rs:376)
67.401946 [INFO ] ui frame: render 39757 us + push 8652 us (screen redraw, no map) (obc_fw_nrf54l obc-fw-nrf54l/src/ride.rs:3299)
67.470246 [INFO ] flat: Route menu loaded 6 route(s) (obc_fw_nrf54l obc-fw-nrf54l/src/flat_store.rs:1837)
67.471393 [INFO ] flat: Route menu loaded 0 trip folder(s) (obc_fw_nrf54l obc-fw-nrf54l/src/flat_store.rs:1882)
67.472614 [INFO ] flat: Rides menu loaded 0 finished ride(s) (obc_fw_nrf54l obc-fw-nrf54l/src/flat_store.rs:1911)
67.583057 [INFO ] ui frame: render 39848 us + push 8572 us (screen redraw, no map) (obc_fw_nrf54l obc-fw-nrf54l/src/ride.rs:3299)
67.610556 [INFO ] flat: Route menu loaded 6 route(s) (obc_fw_nrf54l obc-fw-nrf54l/src/flat_store.rs:1837)
67.611702 [INFO ] flat: Route menu loaded 0 trip folder(s) (obc_fw_nrf54l obc-fw-nrf54l/src/flat_store.rs:1882)
67.612891 [INFO ] flat: Rides menu loaded 0 finished ride(s) (obc_fw_nrf54l obc-fw-nrf54l/src/flat_store.rs:1911)
67.668256 [INFO ] ui frame: render 39731 us + push 8573 us (screen redraw, no map) (obc_fw_nrf54l obc-fw-nrf54l/src/ride.rs:3299)
73.061533 [INFO ] input: Press on Home (obc_fw_nrf54l obc-fw-nrf54l/src/ride.rs:2713)
73.152350 [INFO ] ui frame: render 37328 us + push 52821 us (screen redraw, no map) (obc_fw_nrf54l obc-fw-nrf54l/src/ride.rs:3299)
73.567826 [INFO ] input: Step 1 on Menu (obc_fw_nrf54l obc-fw-nrf54l/src/ride.rs:2711)
73.630439 [INFO ] ui frame: render 36545 us + push 25446 us (screen redraw, no map) (obc_fw_nrf54l obc-fw-nrf54l/src/ride.rs:3299)
73.703688 [INFO ] ui frame: render 35802 us + push 20683 us (screen redraw, no map) (obc_fw_nrf54l obc-fw-nrf54l/src/ride.rs:3299)
73.772807 [INFO ] ui frame: render 35216 us + push 17140 us (screen redraw, no map) (obc_fw_nrf54l obc-fw-nrf54l/src/ride.rs:3299)
73.839026 [INFO ] ui frame: render 34753 us + push 14700 us (screen redraw, no map) (obc_fw_nrf54l obc-fw-nrf54l/src/ride.rs:3299)
73.961576 [INFO ] input: Step 1 on Menu (obc_fw_nrf54l obc-fw-nrf54l/src/ride.rs:2711)
74.021827 [INFO ] ui frame: render 33496 us + push 26134 us (screen redraw, no map) (obc_fw_nrf54l obc-fw-nrf54l/src/ride.rs:3299)
74.086525 [INFO ] ui frame: render 33783 us + push 14150 us (screen redraw, no map) (obc_fw_nrf54l obc-fw-nrf54l/src/ride.rs:3299)
74.154353 [INFO ] ui frame: render 34412 us + push 16604 us (screen redraw, no map) (obc_fw_nrf54l obc-fw-nrf54l/src/ride.rs:3299)
74.224128 [INFO ] ui frame: render 34770 us + push 18240 us (screen redraw, no map) (obc_fw_nrf54l obc-fw-nrf54l/src/ride.rs:3299)
74.290718 [INFO ] ui frame: render 34926 us + push 14353 us (screen redraw, no map) (obc_fw_nrf54l obc-fw-nrf54l/src/ride.rs:3299)
74.355355 [INFO ] input: Press on Menu (obc_fw_nrf54l obc-fw-nrf54l/src/ride.rs:2713)
74.508679 [INFO ] map frame: render 99926 us + push 52718 us | lod 13 | feat 37/218 | chunks 3 | map-cache 3 hit / 0 miss (obc_fw_nrf54l obc-fw-nrf54l/src/ride.rs:3285)
75.520604 [INFO ] input: chord Assistant on Assistant (opened/closed) (obc_fw_nrf54l obc-fw-nrf54l/src/ride.rs:2691)
75.623492 [INFO ] ui frame: render 49448 us + push 52720 us (screen redraw, no map) (obc_fw_nrf54l obc-fw-nrf54l/src/ride.rs:3299)
76.316194 [INFO ] input: Press on Assistant (obc_fw_nrf54l obc-fw-nrf54l/src/ride.rs:2713)
76.403061 [INFO ] map frame: render 38371 us + push 47822 us | lod 0 | feat 0/0 | chunks 0 | map-cache 0 hit / 0 miss (obc_fw_nrf54l obc-fw-nrf54l/src/ride.rs:3285)
76.710003 [INFO ] input: Press on FindPlace (obc_fw_nrf54l obc-fw-nrf54l/src/ride.rs:2713)
76.843244 [INFO ] map frame: render 81904 us + push 50640 us | lod 13 | feat 9/136 | chunks 2 | map-cache 2 hit / 0 miss (obc_fw_nrf54l obc-fw-nrf54l/src/ride.rs:3285)
77.016875 [INFO ] freeze: banner repaint rows 88..144 (obc_fw_nrf54l obc-fw-nrf54l/src/ride.rs:3051)
77.027722 [INFO ] ui frame: render 8170 us + push 10596 us (screen redraw, no map) (obc_fw_nrf54l obc-fw-nrf54l/src/ride.rs:3299)
77.143838 [INFO ] flat: Route menu loaded 7 route(s) (obc_fw_nrf54l obc-fw-nrf54l/src/flat_store.rs:1837)
77.144402 [INFO ] nav route: ok len=17 total_ms=244 snap_ms=70 search_ms=0 emit_ms=1 write_ms=42 rescan_ms=0 source_reads=114 graph_reads=95 index_reads=19 settles=1 eps=13/10 stack_hw=35928/49672 (obc_fw_nrf54l obc-fw-nrf54l/src/ride.rs:505)
77.189995 [INFO ] flat: Route menu loaded 7 route(s) (obc_fw_nrf54l obc-fw-nrf54l/src/flat_store.rs:1837)
77.191587 [INFO ] flat: Route menu loaded 0 trip folder(s) (obc_fw_nrf54l obc-fw-nrf54l/src/flat_store.rs:1882)
77.193250 [INFO ] flat: Rides menu loaded 0 finished ride(s) (obc_fw_nrf54l obc-fw-nrf54l/src/flat_store.rs:1911)
77.199962 [INFO ] nav route: released after 299 ms (obc_fw_nrf54l obc-fw-nrf54l/src/ride.rs:2322)
77.453974 [INFO ] flat: Route menu loaded 8 route(s) (obc_fw_nrf54l obc-fw-nrf54l/src/flat_store.rs:1837)
77.454539 [INFO ] nav route: ok len=255 total_ms=216 snap_ms=52 search_ms=1 emit_ms=4 write_ms=42 rescan_ms=0 source_reads=84 graph_reads=67 index_reads=17 settles=4 eps=13/10 stack_hw=35928/49672 (obc_fw_nrf54l obc-fw-nrf54l/src/ride.rs:505)
77.512804 [INFO ] flat: Route menu loaded 8 route(s) (obc_fw_nrf54l obc-fw-nrf54l/src/flat_store.rs:1837)
77.514399 [INFO ] flat: Route menu loaded 0 trip folder(s) (obc_fw_nrf54l obc-fw-nrf54l/src/flat_store.rs:1882)
77.516060 [INFO ] flat: Rides menu loaded 0 finished ride(s) (obc_fw_nrf54l obc-fw-nrf54l/src/flat_store.rs:1911)
77.524519 [INFO ] nav route: released after 286 ms (obc_fw_nrf54l obc-fw-nrf54l/src/ride.rs:2322)
77.920831 [INFO ] flat: Route menu loaded 9 route(s) (obc_fw_nrf54l obc-fw-nrf54l/src/flat_store.rs:1837)
77.921395 [INFO ] nav route: ok len=803 total_ms=358 snap_ms=55 search_ms=70 emit_ms=20 write_ms=41 rescan_ms=0 source_reads=150 graph_reads=130 index_reads=20 settles=184 eps=13/10 stack_hw=35928/49672 (obc_fw_nrf54l obc-fw-nrf54l/src/ride.rs:505)
77.983320 [INFO ] flat: Route menu loaded 9 route(s) (obc_fw_nrf54l obc-fw-nrf54l/src/flat_store.rs:1837)
77.984931 [INFO ] flat: Route menu loaded 0 trip folder(s) (obc_fw_nrf54l obc-fw-nrf54l/src/flat_store.rs:1882)
77.986636 [INFO ] flat: Rides menu loaded 0 finished ride(s) (obc_fw_nrf54l obc-fw-nrf54l/src/flat_store.rs:1911)
77.995056 [INFO ] nav route: released after 432 ms (obc_fw_nrf54l obc-fw-nrf54l/src/ride.rs:2322)
78.012361 [INFO ] freeze: banner repaint rows 88..144 (obc_fw_nrf54l obc-fw-nrf54l/src/ride.rs:3051)
78.024573 [INFO ] ui frame: render 8193 us + push 11961 us (screen redraw, no map) (obc_fw_nrf54l obc-fw-nrf54l/src/ride.rs:3299)
78.419799 [INFO ] flat: Route menu loaded 10 route(s) (obc_fw_nrf54l obc-fw-nrf54l/src/flat_store.rs:1837)
78.420364 [INFO ] nav route: ok len=482 total_ms=366 snap_ms=113 search_ms=30 emit_ms=25 write_ms=42 rescan_ms=0 source_reads=217 graph_reads=185 index_reads=32 settles=74 eps=13/10 stack_hw=35928/49672 (obc_fw_nrf54l obc-fw-nrf54l/src/ride.rs:505)
78.482637 [INFO ] flat: Route menu loaded 10 route(s) (obc_fw_nrf54l obc-fw-nrf54l/src/flat_store.rs:1837)
78.484315 [INFO ] flat: Route menu loaded 0 trip folder(s) (obc_fw_nrf54l obc-fw-nrf54l/src/flat_store.rs:1882)
78.486087 [INFO ] flat: Rides menu loaded 0 finished ride(s) (obc_fw_nrf54l obc-fw-nrf54l/src/flat_store.rs:1911)
78.493103 [INFO ] nav route: released after 439 ms (obc_fw_nrf54l obc-fw-nrf54l/src/ride.rs:2322)
78.510935 [INFO ] find: ready results=4 (obc_fw_nrf54l obc-fw-nrf54l/src/ride.rs:2933)
79.043037 [INFO ] map frame: render 486461 us + push 43250 us | lod 11 | feat 452/761 | chunks 12 | map-cache 0 hit / 12 miss (obc_fw_nrf54l obc-fw-nrf54l/src/ride.rs:3285)
79.528797 [INFO ] map frame: render 475320 us + push 8572 us | lod 11 | feat 452/761 | chunks 12 | map-cache 2 hit / 10 miss (obc_fw_nrf54l obc-fw-nrf54l/src/ride.rs:3285)
98.182064 [INFO ] input: Press on FindPlace (obc_fw_nrf54l obc-fw-nrf54l/src/ride.rs:2713)
98.333568 [INFO ] map frame: render 101929 us + push 48883 us | lod 13 | feat 37/218 | chunks 3 | map-cache 0 hit / 3 miss (obc_fw_nrf54l obc-fw-nrf54l/src/ride.rs:3285)
98.390084 [INFO ] flat: Route menu loaded 10 route(s) (obc_fw_nrf54l obc-fw-nrf54l/src/flat_store.rs:1837)
98.500802 [INFO ] map frame: render 59988 us + push 37271 us | lod 13 | feat 10/136 | chunks 2 | map-cache 2 hit / 0 miss (obc_fw_nrf54l obc-fw-nrf54l/src/ride.rs:3285)
99.291079 [INFO ] input: Back on VisitReview (obc_fw_nrf54l obc-fw-nrf54l/src/ride.rs:2713)
99.827223 [INFO ] map frame: render 486268 us + push 49160 us | lod 11 | feat 452/761 | chunks 12 | map-cache 2 hit / 10 miss (obc_fw_nrf54l obc-fw-nrf54l/src/ride.rs:3285)
99.827544 [INFO ] input: Back on FindPlace (obc_fw_nrf54l obc-fw-nrf54l/src/ride.rs:2713)
99.917275 [INFO ] map frame: render 38459 us + push 50553 us | lod 0 | feat 0/0 | chunks 0 | map-cache 0 hit / 0 miss (obc_fw_nrf54l obc-fw-nrf54l/src/ride.rs:3285)
99.987061 [INFO ] flat: Route menu loaded 9 route(s) (obc_fw_nrf54l obc-fw-nrf54l/src/flat_store.rs:1837)
99.988698 [INFO ] flat: Route menu loaded 0 trip folder(s) (obc_fw_nrf54l obc-fw-nrf54l/src/flat_store.rs:1882)
99.990398 [INFO ] flat: Rides menu loaded 0 finished ride(s) (obc_fw_nrf54l obc-fw-nrf54l/src/flat_store.rs:1911)
100.046570 [INFO ] map frame: render 38469 us + push 8622 us | lod 0 | feat 0/0 | chunks 0 | map-cache 0 hit / 0 miss (obc_fw_nrf54l obc-fw-nrf54l/src/ride.rs:3285)
100.280517 [INFO ] flat: Route menu loaded 8 route(s) (obc_fw_nrf54l obc-fw-nrf54l/src/flat_store.rs:1837)
100.282116 [INFO ] flat: Route menu loaded 0 trip folder(s) (obc_fw_nrf54l obc-fw-nrf54l/src/flat_store.rs:1882)
100.283772 [INFO ] flat: Rides menu loaded 0 finished ride(s) (obc_fw_nrf54l obc-fw-nrf54l/src/flat_store.rs:1911)
100.295585 [INFO ] input: Back on FindPlace (obc_fw_nrf54l obc-fw-nrf54l/src/ride.rs:2713)
100.393697 [INFO ] ui frame: render 49485 us + push 47920 us (screen redraw, no map) (obc_fw_nrf54l obc-fw-nrf54l/src/ride.rs:3299)
100.447965 [INFO ] flat: Route menu loaded 7 route(s) (obc_fw_nrf54l obc-fw-nrf54l/src/flat_store.rs:1837)
100.449521 [INFO ] flat: Route menu loaded 0 trip folder(s) (obc_fw_nrf54l obc-fw-nrf54l/src/flat_store.rs:1882)
100.451136 [INFO ] flat: Rides menu loaded 0 finished ride(s) (obc_fw_nrf54l obc-fw-nrf54l/src/flat_store.rs:1911)
100.516486 [INFO ] ui frame: render 49498 us + push 8574 us (screen redraw, no map) (obc_fw_nrf54l obc-fw-nrf54l/src/ride.rs:3299)
100.758415 [INFO ] flat: Route menu loaded 6 route(s) (obc_fw_nrf54l obc-fw-nrf54l/src/flat_store.rs:1837)
100.759561 [INFO ] flat: Route menu loaded 0 trip folder(s) (obc_fw_nrf54l obc-fw-nrf54l/src/flat_store.rs:1882)
100.760750 [INFO ] flat: Rides menu loaded 0 finished ride(s) (obc_fw_nrf54l obc-fw-nrf54l/src/flat_store.rs:1911)
100.825238 [INFO ] ui frame: render 49524 us + push 8576 us (screen redraw, no map) (obc_fw_nrf54l obc-fw-nrf54l/src/ride.rs:3299)
100.834033 [INFO ] input: Back on Assistant (obc_fw_nrf54l obc-fw-nrf54l/src/ride.rs:2713)
100.982735 [INFO ] map frame: render 95166 us + push 52861 us | lod 13 | feat 37/218 | chunks 3 | map-cache 2 hit / 1 miss (obc_fw_nrf54l obc-fw-nrf54l/src/ride.rs:3285)
101.750149 [INFO ] input: chord Assistant on Assistant (opened/closed) (obc_fw_nrf54l obc-fw-nrf54l/src/ride.rs:2691)
101.853038 [INFO ] ui frame: render 49450 us + push 52719 us (screen redraw, no map) (obc_fw_nrf54l obc-fw-nrf54l/src/ride.rs:3299)
102.537714 [INFO ] input: Press on Assistant (obc_fw_nrf54l obc-fw-nrf54l/src/ride.rs:2713)
102.624610 [INFO ] map frame: render 38400 us + push 47822 us | lod 0 | feat 0/0 | chunks 0 | map-cache 0 hit / 0 miss (obc_fw_nrf54l obc-fw-nrf54l/src/ride.rs:3285)
102.947595 [INFO ] input: Press on FindPlace (obc_fw_nrf54l obc-fw-nrf54l/src/ride.rs:2713)
103.081214 [INFO ] map frame: render 82271 us + push 50650 us | lod 13 | feat 9/136 | chunks 2 | map-cache 2 hit / 0 miss (obc_fw_nrf54l obc-fw-nrf54l/src/ride.rs:3285)
103.117019 [INFO ] freeze: banner repaint rows 88..144 (obc_fw_nrf54l obc-fw-nrf54l/src/ride.rs:3051)
103.129230 [INFO ] ui frame: render 8175 us + push 11961 us (screen redraw, no map) (obc_fw_nrf54l obc-fw-nrf54l/src/ride.rs:3299)
103.383331 [INFO ] flat: Route menu loaded 7 route(s) (obc_fw_nrf54l obc-fw-nrf54l/src/flat_store.rs:1837)
103.383896 [INFO ] nav route: ok len=17 total_ms=225 snap_ms=70 search_ms=0 emit_ms=1 write_ms=41 rescan_ms=0 source_reads=114 graph_reads=95 index_reads=19 settles=1 eps=13/10 stack_hw=35928/49672 (obc_fw_nrf54l obc-fw-nrf54l/src/ride.rs:505)
103.429488 [INFO ] flat: Route menu loaded 7 route(s) (obc_fw_nrf54l obc-fw-nrf54l/src/flat_store.rs:1837)
103.431099 [INFO ] flat: Route menu loaded 0 trip folder(s) (obc_fw_nrf54l obc-fw-nrf54l/src/flat_store.rs:1882)
103.432713 [INFO ] flat: Rides menu loaded 0 finished ride(s) (obc_fw_nrf54l obc-fw-nrf54l/src/flat_store.rs:1911)
103.439411 [INFO ] nav route: released after 280 ms (obc_fw_nrf54l obc-fw-nrf54l/src/ride.rs:2322)
103.693577 [INFO ] flat: Route menu loaded 8 route(s) (obc_fw_nrf54l obc-fw-nrf54l/src/flat_store.rs:1837)
103.694142 [INFO ] nav route: ok len=255 total_ms=224 snap_ms=52 search_ms=1 emit_ms=4 write_ms=42 rescan_ms=0 source_reads=84 graph_reads=67 index_reads=17 settles=4 eps=13/10 stack_hw=35928/49672 (obc_fw_nrf54l obc-fw-nrf54l/src/ride.rs:505)
103.752444 [INFO ] flat: Route menu loaded 8 route(s) (obc_fw_nrf54l obc-fw-nrf54l/src/flat_store.rs:1837)
103.754071 [INFO ] flat: Route menu loaded 0 trip folder(s) (obc_fw_nrf54l obc-fw-nrf54l/src/flat_store.rs:1882)
103.755732 [INFO ] flat: Rides menu loaded 0 finished ride(s) (obc_fw_nrf54l obc-fw-nrf54l/src/flat_store.rs:1911)
103.764191 [INFO ] nav route: released after 294 ms (obc_fw_nrf54l obc-fw-nrf54l/src/ride.rs:2322)
104.024498 [INFO ] freeze: banner repaint rows 88..144 (obc_fw_nrf54l obc-fw-nrf54l/src/ride.rs:3051)
104.035346 [INFO ] ui frame: render 8171 us + push 10597 us (screen redraw, no map) (obc_fw_nrf54l obc-fw-nrf54l/src/ride.rs:3299)
104.180270 [INFO ] flat: Route menu loaded 9 route(s) (obc_fw_nrf54l obc-fw-nrf54l/src/flat_store.rs:1837)
104.180834 [INFO ] nav route: ok len=803 total_ms=378 snap_ms=55 search_ms=69 emit_ms=20 write_ms=42 rescan_ms=0 source_reads=150 graph_reads=130 index_reads=20 settles=184 eps=13/10 stack_hw=35928/49672 (obc_fw_nrf54l obc-fw-nrf54l/src/ride.rs:505)
104.242603 [INFO ] flat: Route menu loaded 9 route(s) (obc_fw_nrf54l obc-fw-nrf54l/src/flat_store.rs:1837)
104.244241 [INFO ] flat: Route menu loaded 0 trip folder(s) (obc_fw_nrf54l obc-fw-nrf54l/src/flat_store.rs:1882)
104.245922 [INFO ] flat: Rides menu loaded 0 finished ride(s) (obc_fw_nrf54l obc-fw-nrf54l/src/flat_store.rs:1911)
104.254451 [INFO ] nav route: released after 452 ms (obc_fw_nrf54l obc-fw-nrf54l/src/ride.rs:2322)
104.658392 [INFO ] flat: Route menu loaded 10 route(s) (obc_fw_nrf54l obc-fw-nrf54l/src/flat_store.rs:1837)
104.658957 [INFO ] nav route: ok len=482 total_ms=366 snap_ms=113 search_ms=30 emit_ms=25 write_ms=42 rescan_ms=0 source_reads=217 graph_reads=185 index_reads=32 settles=74 eps=13/10 stack_hw=35928/49672 (obc_fw_nrf54l obc-fw-nrf54l/src/ride.rs:505)
104.721291 [INFO ] flat: Route menu loaded 10 route(s) (obc_fw_nrf54l obc-fw-nrf54l/src/flat_store.rs:1837)
104.722940 [INFO ] flat: Route menu loaded 0 trip folder(s) (obc_fw_nrf54l obc-fw-nrf54l/src/flat_store.rs:1882)
104.724736 [INFO ] flat: Rides menu loaded 0 finished ride(s) (obc_fw_nrf54l obc-fw-nrf54l/src/flat_store.rs:1911)
104.731824 [INFO ] nav route: released after 439 ms (obc_fw_nrf54l obc-fw-nrf54l/src/ride.rs:2322)
104.749579 [INFO ] find: ready results=4 (obc_fw_nrf54l obc-fw-nrf54l/src/ride.rs:2933)
105.279334 [INFO ] map frame: render 484149 us + push 43215 us | lod 11 | feat 452/761 | chunks 12 | map-cache 2 hit / 10 miss (obc_fw_nrf54l obc-fw-nrf54l/src/ride.rs:3285)
105.764765 [INFO ] map frame: render 474958 us + push 8574 us | lod 11 | feat 452/761 | chunks 12 | map-cache 2 hit / 10 miss (obc_fw_nrf54l obc-fw-nrf54l/src/ride.rs:3285)
137.333520 [INFO ] input: Back on FindPlace (obc_fw_nrf54l obc-fw-nrf54l/src/ride.rs:2713)
137.423346 [INFO ] map frame: render 38465 us + push 50658 us | lod 0 | feat 0/0 | chunks 0 | map-cache 0 hit / 0 miss (obc_fw_nrf54l obc-fw-nrf54l/src/ride.rs:3285)
137.732537 [INFO ] flat: Route menu loaded 9 route(s) (obc_fw_nrf54l obc-fw-nrf54l/src/flat_store.rs:1837)
137.734174 [INFO ] flat: Route menu loaded 0 trip folder(s) (obc_fw_nrf54l obc-fw-nrf54l/src/flat_store.rs:1882)
137.735925 [INFO ] flat: Rides menu loaded 0 finished ride(s) (obc_fw_nrf54l obc-fw-nrf54l/src/flat_store.rs:1911)
137.792144 [INFO ] map frame: render 38465 us + push 8574 us | lod 0 | feat 0/0 | chunks 0 | map-cache 0 hit / 0 miss (obc_fw_nrf54l obc-fw-nrf54l/src/ride.rs:3285)
137.921604 [INFO ] flat: Route menu loaded 8 route(s) (obc_fw_nrf54l obc-fw-nrf54l/src/flat_store.rs:1837)
137.923203 [INFO ] flat: Route menu loaded 0 trip folder(s) (obc_fw_nrf54l obc-fw-nrf54l/src/flat_store.rs:1882)
137.924861 [INFO ] flat: Rides menu loaded 0 finished ride(s) (obc_fw_nrf54l obc-fw-nrf54l/src/flat_store.rs:1911)
137.936264 [INFO ] input: Back on FindPlace (obc_fw_nrf54l obc-fw-nrf54l/src/ride.rs:2713)
138.034369 [INFO ] ui frame: render 49513 us + push 47916 us (screen redraw, no map) (obc_fw_nrf54l obc-fw-nrf54l/src/ride.rs:3299)
138.503464 [INFO ] flat: Route menu loaded 7 route(s) (obc_fw_nrf54l obc-fw-nrf54l/src/flat_store.rs:1837)
138.505024 [INFO ] flat: Route menu loaded 0 trip folder(s) (obc_fw_nrf54l obc-fw-nrf54l/src/flat_store.rs:1882)
138.506717 [INFO ] flat: Rides menu loaded 0 finished ride(s) (obc_fw_nrf54l obc-fw-nrf54l/src/flat_store.rs:1911)
138.572084 [INFO ] ui frame: render 49585 us + push 8577 us (screen redraw, no map) (obc_fw_nrf54l obc-fw-nrf54l/src/ride.rs:3299)
138.628138 [INFO ] flat: Route menu loaded 6 route(s) (obc_fw_nrf54l obc-fw-nrf54l/src/flat_store.rs:1837)
138.629284 [INFO ] flat: Route menu loaded 0 trip folder(s) (obc_fw_nrf54l obc-fw-nrf54l/src/flat_store.rs:1882)
138.630475 [INFO ] flat: Rides menu loaded 0 finished ride(s) (obc_fw_nrf54l obc-fw-nrf54l/src/flat_store.rs:1911)
138.636358 [INFO ] input: Back on Assistant (obc_fw_nrf54l obc-fw-nrf54l/src/ride.rs:2713)
138.777840 [INFO ] map frame: render 96552 us + push 44253 us | lod 13 | feat 37/218 | chunks 3 | map-cache 1 hit / 2 miss (obc_fw_nrf54l obc-fw-nrf54l/src/ride.rs:3285)
