11.899475 [INFO ] ui frame: render 49286 us + push 47376 us (screen redraw, no map) (obc_fw_nrf54l obc-fw-nrf54l/src/ride.rs:3242)
12.461139 [INFO ] input: Press on Assistant (obc_fw_nrf54l obc-fw-nrf54l/src/ride.rs:2681)
12.550162 [INFO ] map frame: render 38212 us + push 47835 us | lod 0 | feat 0/0 | chunks 0 | map-cache 0 hit / 0 miss (obc_fw_nrf54l obc-fw-nrf54l/src/ride.rs:3228)
12.903135 [INFO ] input: Press on FindPlace (obc_fw_nrf54l obc-fw-nrf54l/src/ride.rs:2681)
13.039207 [INFO ] map frame: render 84860 us + push 50652 us | lod 13 | feat 9/136 | chunks 2 | map-cache 0 hit / 2 miss (obc_fw_nrf54l obc-fw-nrf54l/src/ride.rs:3228)
13.132785 [INFO ] map frame: render 83277 us + push 8584 us | lod 13 | feat 9/136 | chunks 2 | map-cache 2 hit / 0 miss (obc_fw_nrf54l obc-fw-nrf54l/src/ride.rs:3228)
13.202522 [INFO ] map frame: render 59433 us + push 8585 us | lod 13 | feat 9/136 | chunks 2 | map-cache 2 hit / 0 miss (obc_fw_nrf54l obc-fw-nrf54l/src/ride.rs:3228)
13.410239 [INFO ] flat: Route menu loaded 2 route(s) (obc_fw_nrf54l obc-fw-nrf54l/src/flat_store.rs:1824)
13.410929 [INFO ] nav route: ok len=17 total_ms=195 snap_ms=66 search_ms=0 emit_ms=1 write_ms=42 rescan_ms=0 source_reads=114 graph_reads=95 index_reads=19 settles=1 eps=13/10 stack_hw=32440/49592 (obc_fw_nrf54l obc-fw-nrf54l/src/ride.rs:508)
13.423386 [INFO ] stack high-water 32440 / 49592 B (new peak) (obc_fw_nrf54l obc-fw-nrf54l/src/ride.rs:994)
13.430831 [INFO ] flat: Route menu loaded 2 route(s) (obc_fw_nrf54l obc-fw-nrf54l/src/flat_store.rs:1824)
13.431392 [INFO ] flat: Route menu loaded 0 trip folder(s) (obc_fw_nrf54l obc-fw-nrf54l/src/flat_store.rs:1869)
13.431985 [INFO ] flat: Rides menu loaded 0 finished ride(s) (obc_fw_nrf54l obc-fw-nrf54l/src/flat_store.rs:1898)
13.433342 [INFO ] nav route: released after 217 ms (obc_fw_nrf54l obc-fw-nrf54l/src/ride.rs:2299)
13.503744 [INFO ] map frame: render 58919 us + push 8584 us | lod 13 | feat 9/136 | chunks 2 | map-cache 2 hit / 0 miss (obc_fw_nrf54l obc-fw-nrf54l/src/ride.rs:3228)
13.572981 [INFO ] map frame: render 58910 us + push 8584 us | lod 13 | feat 9/136 | chunks 2 | map-cache 2 hit / 0 miss (obc_fw_nrf54l obc-fw-nrf54l/src/ride.rs:3228)
13.641396 [INFO ] map frame: render 58975 us + push 8585 us | lod 13 | feat 9/136 | chunks 2 | map-cache 2 hit / 0 miss (obc_fw_nrf54l obc-fw-nrf54l/src/ride.rs:3228)
13.848147 [INFO ] flat: Route menu loaded 3 route(s) (obc_fw_nrf54l obc-fw-nrf54l/src/flat_store.rs:1824)
13.848866 [INFO ] nav route: ok len=255 total_ms=194 snap_ms=50 search_ms=1 emit_ms=4 write_ms=39 rescan_ms=0 source_reads=84 graph_reads=67 index_reads=17 settles=4 eps=13/10 stack_hw=32440/49592 (obc_fw_nrf54l obc-fw-nrf54l/src/ride.rs:508)
13.880841 [INFO ] flat: Route menu loaded 3 route(s) (obc_fw_nrf54l obc-fw-nrf54l/src/flat_store.rs:1824)
13.881856 [INFO ] flat: Route menu loaded 0 trip folder(s) (obc_fw_nrf54l obc-fw-nrf54l/src/flat_store.rs:1869)
13.882874 [INFO ] flat: Rides menu loaded 0 finished ride(s) (obc_fw_nrf54l obc-fw-nrf54l/src/flat_store.rs:1898)
13.885026 [INFO ] nav route: released after 230 ms (obc_fw_nrf54l obc-fw-nrf54l/src/ride.rs:2299)
13.955396 [INFO ] map frame: render 58879 us + push 8586 us | lod 13 | feat 9/136 | chunks 2 | map-cache 2 hit / 0 miss (obc_fw_nrf54l obc-fw-nrf54l/src/ride.rs:3228)
14.023800 [INFO ] map frame: render 58043 us + push 8586 us | lod 13 | feat 9/136 | chunks 2 | map-cache 2 hit / 0 miss (obc_fw_nrf54l obc-fw-nrf54l/src/ride.rs:3228)
14.091431 [INFO ] map frame: render 58181 us + push 8585 us | lod 13 | feat 9/136 | chunks 2 | map-cache 2 hit / 0 miss (obc_fw_nrf54l obc-fw-nrf54l/src/ride.rs:3228)
14.418306 [INFO ] flat: Route menu loaded 4 route(s) (obc_fw_nrf54l obc-fw-nrf54l/src/flat_store.rs:1824)
14.418996 [INFO ] nav route: ok len=803 total_ms=314 snap_ms=53 search_ms=68 emit_ms=20 write_ms=40 rescan_ms=0 source_reads=150 graph_reads=130 index_reads=20 settles=184 eps=13/10 stack_hw=32440/49592 (obc_fw_nrf54l obc-fw-nrf54l/src/ride.rs:508)
14.450305 [INFO ] flat: Route menu loaded 4 route(s) (obc_fw_nrf54l obc-fw-nrf54l/src/flat_store.rs:1824)
14.451301 [INFO ] flat: Route menu loaded 0 trip folder(s) (obc_fw_nrf54l obc-fw-nrf54l/src/flat_store.rs:1869)
14.452370 [INFO ] flat: Rides menu loaded 0 finished ride(s) (obc_fw_nrf54l obc-fw-nrf54l/src/flat_store.rs:1898)
14.454545 [INFO ] nav route: released after 350 ms (obc_fw_nrf54l obc-fw-nrf54l/src/ride.rs:2299)
14.524218 [INFO ] map frame: render 58177 us + push 8585 us | lod 13 | feat 9/136 | chunks 2 | map-cache 2 hit / 0 miss (obc_fw_nrf54l obc-fw-nrf54l/src/ride.rs:3228)
14.592640 [INFO ] map frame: render 58120 us + push 8585 us | lod 13 | feat 9/136 | chunks 2 | map-cache 2 hit / 0 miss (obc_fw_nrf54l obc-fw-nrf54l/src/ride.rs:3228)
14.660276 [INFO ] map frame: render 58182 us + push 8585 us | lod 13 | feat 9/136 | chunks 2 | map-cache 2 hit / 0 miss (obc_fw_nrf54l obc-fw-nrf54l/src/ride.rs:3228)
15.012959 [INFO ] flat: Route menu loaded 5 route(s) (obc_fw_nrf54l obc-fw-nrf54l/src/flat_store.rs:1824)
15.013649 [INFO ] nav route: ok len=482 total_ms=340 snap_ms=108 search_ms=29 emit_ms=25 write_ms=40 rescan_ms=0 source_reads=217 graph_reads=185 index_reads=32 settles=74 eps=13/10 stack_hw=32440/49592 (obc_fw_nrf54l obc-fw-nrf54l/src/ride.rs:508)
15.050030 [INFO ] flat: Route menu loaded 5 route(s) (obc_fw_nrf54l obc-fw-nrf54l/src/flat_store.rs:1824)
15.051092 [INFO ] flat: Route menu loaded 0 trip folder(s) (obc_fw_nrf54l obc-fw-nrf54l/src/flat_store.rs:1869)
15.052206 [INFO ] flat: Rides menu loaded 0 finished ride(s) (obc_fw_nrf54l obc-fw-nrf54l/src/flat_store.rs:1898)
15.054546 [INFO ] nav route: released after 381 ms (obc_fw_nrf54l obc-fw-nrf54l/src/ride.rs:2299)
15.124265 [INFO ] map frame: render 58172 us + push 8585 us | lod 13 | feat 9/136 | chunks 2 | map-cache 2 hit / 0 miss (obc_fw_nrf54l obc-fw-nrf54l/src/ride.rs:3228)
15.192650 [INFO ] map frame: render 58079 us + push 8584 us | lod 13 | feat 9/136 | chunks 2 | map-cache 2 hit / 0 miss (obc_fw_nrf54l obc-fw-nrf54l/src/ride.rs:3228)
15.260352 [INFO ] map frame: render 58177 us + push 8585 us | lod 13 | feat 9/136 | chunks 2 | map-cache 2 hit / 0 miss (obc_fw_nrf54l obc-fw-nrf54l/src/ride.rs:3228)
15.763561 [INFO ] flat: Route menu loaded 6 route(s) (obc_fw_nrf54l obc-fw-nrf54l/src/flat_store.rs:1824)
15.764299 [INFO ] nav route: ok len=1263 total_ms=491 snap_ms=100 search_ms=91 emit_ms=65 write_ms=40 rescan_ms=0 source_reads=257 graph_reads=234 index_reads=23 settles=241 eps=13/10 stack_hw=32440/49592 (obc_fw_nrf54l obc-fw-nrf54l/src/ride.rs:508)
15.804729 [INFO ] flat: Route menu loaded 6 route(s) (obc_fw_nrf54l obc-fw-nrf54l/src/flat_store.rs:1824)
15.805832 [INFO ] flat: Route menu loaded 0 trip folder(s) (obc_fw_nrf54l obc-fw-nrf54l/src/flat_store.rs:1869)
15.806994 [INFO ] flat: Rides menu loaded 0 finished ride(s) (obc_fw_nrf54l obc-fw-nrf54l/src/flat_store.rs:1898)
15.809423 [INFO ] nav route: released after 536 ms (obc_fw_nrf54l obc-fw-nrf54l/src/ride.rs:2299)
15.879176 [INFO ] map frame: render 58177 us + push 8585 us | lod 13 | feat 9/136 | chunks 2 | map-cache 2 hit / 0 miss (obc_fw_nrf54l obc-fw-nrf54l/src/ride.rs:3228)
15.947548 [INFO ] map frame: render 58069 us + push 8586 us | lod 13 | feat 9/136 | chunks 2 | map-cache 2 hit / 0 miss (obc_fw_nrf54l obc-fw-nrf54l/src/ride.rs:3228)
16.015228 [INFO ] map frame: render 58227 us + push 8586 us | lod 13 | feat 9/136 | chunks 2 | map-cache 2 hit / 0 miss (obc_fw_nrf54l obc-fw-nrf54l/src/ride.rs:3228)
16.461334 [INFO ] flat: Route menu loaded 7 route(s) (obc_fw_nrf54l obc-fw-nrf54l/src/flat_store.rs:1824)
16.462053 [INFO ] nav route: ok len=935 total_ms=433 snap_ms=91 search_ms=58 emit_ms=48 write_ms=41 rescan_ms=0 source_reads=231 graph_reads=188 index_reads=43 settles=145 eps=13/10 stack_hw=32440/49592 (obc_fw_nrf54l obc-fw-nrf54l/src/ride.rs:508)
16.502030 [INFO ] flat: Route menu loaded 7 route(s) (obc_fw_nrf54l obc-fw-nrf54l/src/flat_store.rs:1824)
16.503473 [INFO ] flat: Route menu loaded 0 trip folder(s) (obc_fw_nrf54l obc-fw-nrf54l/src/flat_store.rs:1869)
16.504938 [INFO ] flat: Rides menu loaded 0 finished ride(s) (obc_fw_nrf54l obc-fw-nrf54l/src/flat_store.rs:1898)
16.507973 [INFO ] nav route: released after 479 ms (obc_fw_nrf54l obc-fw-nrf54l/src/ride.rs:2299)
16.577700 [INFO ] map frame: render 58225 us + push 8585 us | lod 13 | feat 9/136 | chunks 2 | map-cache 2 hit / 0 miss (obc_fw_nrf54l obc-fw-nrf54l/src/ride.rs:3228)
16.646074 [INFO ] map frame: render 58071 us + push 8587 us | lod 13 | feat 9/136 | chunks 2 | map-cache 2 hit / 0 miss (obc_fw_nrf54l obc-fw-nrf54l/src/ride.rs:3228)
16.713762 [INFO ] map frame: render 58226 us + push 8585 us | lod 13 | feat 9/136 | chunks 2 | map-cache 2 hit / 0 miss (obc_fw_nrf54l obc-fw-nrf54l/src/ride.rs:3228)
17.227309 [INFO ] flat: Route menu loaded 8 route(s) (obc_fw_nrf54l obc-fw-nrf54l/src/flat_store.rs:1824)
17.228002 [INFO ] nav route: ok len=1173 total_ms=500 snap_ms=92 search_ms=78 emit_ms=59 write_ms=41 rescan_ms=0 source_reads=227 graph_reads=209 index_reads=18 settles=206 eps=13/10 stack_hw=32440/49592 (obc_fw_nrf54l obc-fw-nrf54l/src/ride.rs:508)
17.291927 [INFO ] flat: Route menu loaded 8 route(s) (obc_fw_nrf54l obc-fw-nrf54l/src/flat_store.rs:1824)
17.293462 [INFO ] flat: Route menu loaded 0 trip folder(s) (obc_fw_nrf54l obc-fw-nrf54l/src/flat_store.rs:1869)
17.295070 [INFO ] flat: Rides menu loaded 0 finished ride(s) (obc_fw_nrf54l obc-fw-nrf54l/src/flat_store.rs:1898)
17.298377 [INFO ] nav route: released after 571 ms (obc_fw_nrf54l obc-fw-nrf54l/src/ride.rs:2299)
17.368095 [INFO ] map frame: render 58162 us + push 8585 us | lod 13 | feat 9/136 | chunks 2 | map-cache 2 hit / 0 miss (obc_fw_nrf54l obc-fw-nrf54l/src/ride.rs:3228)
17.436528 [INFO ] map frame: render 58129 us + push 8586 us | lod 13 | feat 9/136 | chunks 2 | map-cache 2 hit / 0 miss (obc_fw_nrf54l obc-fw-nrf54l/src/ride.rs:3228)
17.504174 [INFO ] map frame: render 58186 us + push 8585 us | lod 13 | feat 9/136 | chunks 2 | map-cache 2 hit / 0 miss (obc_fw_nrf54l obc-fw-nrf54l/src/ride.rs:3228)
17.943049 [INFO ] flat: Route menu loaded 9 route(s) (obc_fw_nrf54l obc-fw-nrf54l/src/flat_store.rs:1824)
17.943742 [INFO ] nav route: ok len=815 total_ms=427 snap_ms=94 search_ms=53 emit_ms=36 write_ms=41 rescan_ms=0 source_reads=216 graph_reads=173 index_reads=43 settles=128 eps=13/10 stack_hw=32440/49592 (obc_fw_nrf54l obc-fw-nrf54l/src/ride.rs:508)
18.010172 [INFO ] flat: Route menu loaded 9 route(s) (obc_fw_nrf54l obc-fw-nrf54l/src/flat_store.rs:1824)
18.011649 [INFO ] flat: Route menu loaded 0 trip folder(s) (obc_fw_nrf54l obc-fw-nrf54l/src/flat_store.rs:1869)
18.013242 [INFO ] flat: Rides menu loaded 0 finished ride(s) (obc_fw_nrf54l obc-fw-nrf54l/src/flat_store.rs:1898)
18.016494 [INFO ] nav route: released after 499 ms (obc_fw_nrf54l obc-fw-nrf54l/src/ride.rs:2299)
18.086228 [INFO ] map frame: render 58177 us + push 8633 us | lod 13 | feat 9/136 | chunks 2 | map-cache 2 hit / 0 miss (obc_fw_nrf54l obc-fw-nrf54l/src/ride.rs:3228)
18.154604 [INFO ] map frame: render 58071 us + push 8585 us | lod 13 | feat 9/136 | chunks 2 | map-cache 2 hit / 0 miss (obc_fw_nrf54l obc-fw-nrf54l/src/ride.rs:3228)
18.704001 [INFO ] map frame: render 505302 us + push 43219 us | lod 11 | feat 452/761 | chunks 12 | map-cache 0 hit / 12 miss (obc_fw_nrf54l obc-fw-nrf54l/src/ride.rs:3228)
