213.455033 [INFO ] map frame: render 98502 us + push 52807 us | lod 13 | feat 37/218 | chunks 3 | map-cache 2 hit / 1 miss (obc_fw_nrf54l obc-fw-nrf54l/src/ride.rs:3276)
214.027779 [INFO ] flat: Route menu loaded 7 route(s) (obc_fw_nrf54l obc-fw-nrf54l/src/flat_store.rs:1837)
214.029266 [INFO ] flat: Route menu loaded 0 trip folder(s) (obc_fw_nrf54l obc-fw-nrf54l/src/flat_store.rs:1882)
214.030762 [INFO ] flat: Rides menu loaded 0 finished ride(s) (obc_fw_nrf54l obc-fw-nrf54l/src/flat_store.rs:1911)
214.143864 [INFO ] map frame: render 93817 us + push 8586 us | lod 13 | feat 37/218 | chunks 3 | map-cache 3 hit / 0 miss (obc_fw_nrf54l obc-fw-nrf54l/src/ride.rs:3276)
214.197376 [INFO ] flat: Route menu loaded 6 route(s) (obc_fw_nrf54l obc-fw-nrf54l/src/flat_store.rs:1837)
214.198871 [INFO ] flat: Route menu loaded 0 trip folder(s) (obc_fw_nrf54l obc-fw-nrf54l/src/flat_store.rs:1882)
214.200415 [INFO ] flat: Rides menu loaded 0 finished ride(s) (obc_fw_nrf54l obc-fw-nrf54l/src/flat_store.rs:1911)
214.311754 [INFO ] map frame: render 93043 us + push 8586 us | lod 13 | feat 37/218 | chunks 3 | map-cache 3 hit / 0 miss (obc_fw_nrf54l obc-fw-nrf54l/src/ride.rs:3276)
214.854069 [INFO ] flat: Route menu loaded 5 route(s) (obc_fw_nrf54l obc-fw-nrf54l/src/flat_store.rs:1837)
214.855107 [INFO ] flat: Route menu loaded 0 trip folder(s) (obc_fw_nrf54l obc-fw-nrf54l/src/flat_store.rs:1882)
214.856243 [INFO ] flat: Rides menu loaded 0 finished ride(s) (obc_fw_nrf54l obc-fw-nrf54l/src/flat_store.rs:1911)
214.966296 [INFO ] map frame: render 92963 us + push 8585 us | lod 13 | feat 37/218 | chunks 3 | map-cache 3 hit / 0 miss (obc_fw_nrf54l obc-fw-nrf54l/src/ride.rs:3276)
230.987208 [INFO ] input: BackHold on Map (obc_fw_nrf54l obc-fw-nrf54l/src/ride.rs:2704)
231.069187 [INFO ] ui frame: render 37014 us + push 44326 us (screen redraw, no map) (obc_fw_nrf54l obc-fw-nrf54l/src/ride.rs:3290)
231.726565 [INFO ] input: Back on Menu (obc_fw_nrf54l obc-fw-nrf54l/src/ride.rs:2704)
231.872993 [INFO ] map frame: render 92961 us + push 52809 us | lod 13 | feat 37/218 | chunks 3 | map-cache 3 hit / 0 miss (obc_fw_nrf54l obc-fw-nrf54l/src/ride.rs:3276)
232.232793 [INFO ] input: Press on Map (obc_fw_nrf54l obc-fw-nrf54l/src/ride.rs:2704)
232.323826 [INFO ] ui frame: render 37544 us + push 52816 us (screen redraw, no map) (obc_fw_nrf54l obc-fw-nrf54l/src/ride.rs:3290)
253.077502 [INFO ] input: Step 1 on RideControl (obc_fw_nrf54l obc-fw-nrf54l/src/ride.rs:2702)
253.135472 [INFO ] ui frame: render 37532 us + push 19755 us (screen redraw, no map) (obc_fw_nrf54l obc-fw-nrf54l/src/ride.rs:3290)
253.471269 [INFO ] input: Step 1 on RideControl (obc_fw_nrf54l obc-fw-nrf54l/src/ride.rs:2702)
253.529332 [INFO ] ui frame: render 37531 us + push 19877 us (screen redraw, no map) (obc_fw_nrf54l obc-fw-nrf54l/src/ride.rs:3290)
253.845871 [INFO ] ui frame: render 37908 us + push 14753 us (screen redraw, no map) (obc_fw_nrf54l obc-fw-nrf54l/src/ride.rs:3290)
253.900495 [INFO ] ui frame: render 37993 us + push 14753 us (screen redraw, no map) (obc_fw_nrf54l obc-fw-nrf54l/src/ride.rs:3290)
253.955173 [INFO ] ui frame: render 38046 us + push 14778 us (screen redraw, no map) (obc_fw_nrf54l obc-fw-nrf54l/src/ride.rs:3290)
254.029332 [INFO ] ui frame: render 38070 us + push 14874 us (screen redraw, no map) (obc_fw_nrf54l obc-fw-nrf54l/src/ride.rs:3290)
254.124272 [INFO ] ui frame: render 38107 us + push 14878 us (screen redraw, no map) (obc_fw_nrf54l obc-fw-nrf54l/src/ride.rs:3290)
254.219243 [INFO ] ui frame: render 38131 us + push 14874 us (screen redraw, no map) (obc_fw_nrf54l obc-fw-nrf54l/src/ride.rs:3290)
254.314343 [INFO ] ui frame: render 38205 us + push 14865 us (screen redraw, no map) (obc_fw_nrf54l obc-fw-nrf54l/src/ride.rs:3290)
254.356024 [INFO ] input: Hold on RideControl (obc_fw_nrf54l obc-fw-nrf54l/src/ride.rs:2704)
254.434191 [INFO ] ui frame: render 39669 us + push 37824 us (screen redraw, no map) (obc_fw_nrf54l obc-fw-nrf54l/src/ride.rs:3290)
254.475151 [INFO ] flat ride: rider-confirmed exact removal of 293 (obc_fw_nrf54l obc-fw-nrf54l/src/flat_ride.rs:364)
254.913958 [INFO ] flat ride: exact removal committed (obc_fw_nrf54l obc-fw-nrf54l/src/flat_ride.rs:376)
254.965004 [INFO ] ui frame: render 39645 us + push 8697 us (screen redraw, no map) (obc_fw_nrf54l obc-fw-nrf54l/src/ride.rs:3290)
255.026702 [INFO ] flat: Route menu loaded 5 route(s) (obc_fw_nrf54l obc-fw-nrf54l/src/flat_store.rs:1837)
255.027770 [INFO ] flat: Route menu loaded 0 trip folder(s) (obc_fw_nrf54l obc-fw-nrf54l/src/flat_store.rs:1882)
255.028876 [INFO ] flat: Rides menu loaded 0 finished ride(s) (obc_fw_nrf54l obc-fw-nrf54l/src/flat_store.rs:1911)
264.930537 [INFO ] input: Press on Home (obc_fw_nrf54l obc-fw-nrf54l/src/ride.rs:2704)
265.021000 [INFO ] ui frame: render 36973 us + push 52820 us (screen redraw, no map) (obc_fw_nrf54l obc-fw-nrf54l/src/ride.rs:3290)
265.436843 [INFO ] input: Step 1 on Menu (obc_fw_nrf54l obc-fw-nrf54l/src/ride.rs:2702)
265.499342 [INFO ] ui frame: render 36337 us + push 25541 us (screen redraw, no map) (obc_fw_nrf54l obc-fw-nrf54l/src/ride.rs:3290)
265.573551 [INFO ] ui frame: render 35495 us + push 20794 us (screen redraw, no map) (obc_fw_nrf54l obc-fw-nrf54l/src/ride.rs:3290)
265.643600 [INFO ] ui frame: render 34874 us + push 17242 us (screen redraw, no map) (obc_fw_nrf54l obc-fw-nrf54l/src/ride.rs:3290)
265.710850 [INFO ] ui frame: render 34481 us + push 14789 us (screen redraw, no map) (obc_fw_nrf54l obc-fw-nrf54l/src/ride.rs:3290)
265.822553 [INFO ] input: Step 1 on Menu (obc_fw_nrf54l obc-fw-nrf54l/src/ride.rs:2702)
265.882603 [INFO ] ui frame: render 33197 us + push 26231 us (screen redraw, no map) (obc_fw_nrf54l obc-fw-nrf54l/src/ride.rs:3290)
265.948673 [INFO ] ui frame: render 33624 us + push 14518 us (screen redraw, no map) (obc_fw_nrf54l obc-fw-nrf54l/src/ride.rs:3290)
266.018406 [INFO ] ui frame: render 34258 us + push 16980 us (screen redraw, no map) (obc_fw_nrf54l obc-fw-nrf54l/src/ride.rs:3290)
266.089665 [INFO ] ui frame: render 34678 us + push 18647 us (screen redraw, no map) (obc_fw_nrf54l obc-fw-nrf54l/src/ride.rs:3290)
266.150869 [INFO ] ui frame: render 34639 us + push 8587 us (screen redraw, no map) (obc_fw_nrf54l obc-fw-nrf54l/src/ride.rs:3290)
266.232368 [INFO ] input: Press on Menu (obc_fw_nrf54l obc-fw-nrf54l/src/ride.rs:2704)
266.389805 [INFO ] map frame: render 103938 us + push 52819 us | lod 13 | feat 37/218 | chunks 3 | map-cache 3 hit / 0 miss (obc_fw_nrf54l obc-fw-nrf54l/src/ride.rs:3276)
270.347721 [INFO ] map frame: render 92641 us + push 20153 us | lod 13 | feat 37/218 | chunks 3 | map-cache 3 hit / 0 miss (obc_fw_nrf54l obc-fw-nrf54l/src/ride.rs:3276)
278.294019 [INFO ] input: chord Assistant on Assistant (opened/closed) (obc_fw_nrf54l obc-fw-nrf54l/src/ride.rs:2682)
278.396889 [INFO ] ui frame: render 49305 us + push 52811 us (screen redraw, no map) (obc_fw_nrf54l obc-fw-nrf54l/src/ride.rs:3290)
279.081494 [INFO ] input: Press on Assistant (obc_fw_nrf54l obc-fw-nrf54l/src/ride.rs:2704)
279.168348 [INFO ] map frame: render 38217 us + push 47960 us | lod 0 | feat 0/0 | chunks 0 | map-cache 0 hit / 0 miss (obc_fw_nrf54l obc-fw-nrf54l/src/ride.rs:3276)
279.475271 [INFO ] input: Press on FindPlace (obc_fw_nrf54l obc-fw-nrf54l/src/ride.rs:2704)
279.718701 [INFO ] map frame: render 192086 us + push 50645 us | lod 13 | feat 9/136 | chunks 2 | map-cache 2 hit / 0 miss (obc_fw_nrf54l obc-fw-nrf54l/src/ride.rs:3276)
280.011918 [INFO ] freeze: banner repaint rows 88..144 (obc_fw_nrf54l obc-fw-nrf54l/src/ride.rs:3042)
280.024204 [INFO ] ui frame: render 8157 us + push 12039 us (screen redraw, no map) (obc_fw_nrf54l obc-fw-nrf54l/src/ride.rs:3290)
280.336710 [INFO ] visit: complete searches=2 anchors=0/17/17 arrival=17 total=1046 (obc_fw_nrf54l obc-fw-nrf54l/src/visit.rs:565)
280.397425 [INFO ] flat: Route menu loaded 6 route(s) (obc_fw_nrf54l obc-fw-nrf54l/src/flat_store.rs:1837)
280.398487 [INFO ] flat: Route menu loaded 0 trip folder(s) (obc_fw_nrf54l obc-fw-nrf54l/src/flat_store.rs:1882)
280.399573 [INFO ] flat: Rides menu loaded 0 finished ride(s) (obc_fw_nrf54l obc-fw-nrf54l/src/flat_store.rs:1911)
280.926630 [INFO ] visit: complete searches=2 anchors=0/0/0 arrival=255 total=1555 (obc_fw_nrf54l obc-fw-nrf54l/src/visit.rs:565)
280.998656 [INFO ] flat: Route menu loaded 7 route(s) (obc_fw_nrf54l obc-fw-nrf54l/src/flat_store.rs:1837)
281.000151 [INFO ] flat: Route menu loaded 0 trip folder(s) (obc_fw_nrf54l obc-fw-nrf54l/src/flat_store.rs:1882)
281.001688 [INFO ] flat: Rides menu loaded 0 finished ride(s) (obc_fw_nrf54l obc-fw-nrf54l/src/flat_store.rs:1911)
281.028988 [INFO ] freeze: banner repaint rows 88..144 (obc_fw_nrf54l obc-fw-nrf54l/src/ride.rs:3042)
281.039860 [INFO ] ui frame: render 8153 us + push 10623 us (screen redraw, no map) (obc_fw_nrf54l obc-fw-nrf54l/src/ride.rs:3290)
281.728554 [INFO ] visit: complete searches=2 anchors=0/0/0 arrival=803 total=2652 (obc_fw_nrf54l obc-fw-nrf54l/src/visit.rs:565)
281.821613 [INFO ] flat: Route menu loaded 8 route(s) (obc_fw_nrf54l obc-fw-nrf54l/src/flat_store.rs:1837)
281.823151 [INFO ] flat: Route menu loaded 0 trip folder(s) (obc_fw_nrf54l obc-fw-nrf54l/src/flat_store.rs:1882)
281.824743 [INFO ] flat: Rides menu loaded 0 finished ride(s) (obc_fw_nrf54l obc-fw-nrf54l/src/flat_store.rs:1911)
282.143139 [INFO ] freeze: banner repaint rows 88..144 (obc_fw_nrf54l obc-fw-nrf54l/src/ride.rs:3042)
282.155369 [INFO ] ui frame: render 8179 us + push 11981 us (screen redraw, no map) (obc_fw_nrf54l obc-fw-nrf54l/src/ride.rs:3290)
282.568533 [INFO ] visit: complete searches=2 anchors=0/479/479 arrival=489 total=1067 (obc_fw_nrf54l obc-fw-nrf54l/src/visit.rs:565)
282.655775 [INFO ] flat: Route menu loaded 9 route(s) (obc_fw_nrf54l obc-fw-nrf54l/src/flat_store.rs:1837)
282.657302 [INFO ] flat: Route menu loaded 0 trip folder(s) (obc_fw_nrf54l obc-fw-nrf54l/src/flat_store.rs:1882)
282.658848 [INFO ] flat: Rides menu loaded 0 finished ride(s) (obc_fw_nrf54l obc-fw-nrf54l/src/flat_store.rs:1911)
283.013091 [INFO ] freeze: banner repaint rows 88..144 (obc_fw_nrf54l obc-fw-nrf54l/src/ride.rs:3042)
283.025335 [INFO ] ui frame: render 8156 us + push 11995 us (screen redraw, no map) (obc_fw_nrf54l obc-fw-nrf54l/src/ride.rs:3290)
283.388169 [INFO ] visit: complete searches=2 anchors=0/759/759 arrival=809 total=1147 (obc_fw_nrf54l obc-fw-nrf54l/src/visit.rs:565)
283.481083 [INFO ] flat: Route menu loaded 10 route(s) (obc_fw_nrf54l obc-fw-nrf54l/src/flat_store.rs:1837)
283.482694 [INFO ] flat: Route menu loaded 0 trip folder(s) (obc_fw_nrf54l obc-fw-nrf54l/src/flat_store.rs:1882)
283.484368 [INFO ] flat: Rides menu loaded 0 finished ride(s) (obc_fw_nrf54l obc-fw-nrf54l/src/flat_store.rs:1911)
283.525554 [INFO ] find: ready results=3 (obc_fw_nrf54l obc-fw-nrf54l/src/ride.rs:2924)
283.991062 [INFO ] map frame: render 419587 us + push 43223 us | lod 11 | feat 408/614 | chunks 9 | map-cache 1 hit / 8 miss (obc_fw_nrf54l obc-fw-nrf54l/src/ride.rs:3276)
284.417132 [INFO ] map frame: render 413809 us + push 8585 us | lod 11 | feat 408/614 | chunks 9 | map-cache 1 hit / 8 miss (obc_fw_nrf54l obc-fw-nrf54l/src/ride.rs:3276)
284.482666 [INFO ] flat: Route menu loaded 9 route(s) (obc_fw_nrf54l obc-fw-nrf54l/src/flat_store.rs:1837)
284.484145 [INFO ] flat: Route menu loaded 0 trip folder(s) (obc_fw_nrf54l obc-fw-nrf54l/src/flat_store.rs:1882)
284.485689 [INFO ] flat: Rides menu loaded 0 finished ride(s) (obc_fw_nrf54l obc-fw-nrf54l/src/flat_store.rs:1911)
284.917724 [INFO ] map frame: render 412680 us + push 8586 us | lod 11 | feat 408/614 | chunks 9 | map-cache 2 hit / 7 miss (obc_fw_nrf54l obc-fw-nrf54l/src/ride.rs:3276)
284.984878 [INFO ] flat: Route menu loaded 8 route(s) (obc_fw_nrf54l obc-fw-nrf54l/src/flat_store.rs:1837)
284.986414 [INFO ] flat: Route menu loaded 0 trip folder(s) (obc_fw_nrf54l obc-fw-nrf54l/src/flat_store.rs:1882)
284.987997 [INFO ] flat: Rides menu loaded 0 finished ride(s) (obc_fw_nrf54l obc-fw-nrf54l/src/flat_store.rs:1911)
285.418120 [INFO ] map frame: render 410275 us + push 8586 us | lod 11 | feat 408/614 | chunks 9 | map-cache 4 hit / 5 miss (obc_fw_nrf54l obc-fw-nrf54l/src/ride.rs:3276)
403.765748 [INFO ] input: BackHold on FindPlace (obc_fw_nrf54l obc-fw-nrf54l/src/ride.rs:2704)
403.842667 [INFO ] ui frame: render 34671 us + push 41592 us (screen redraw, no map) (obc_fw_nrf54l obc-fw-nrf54l/src/ride.rs:3290)
403.946545 [INFO ] flat: Route menu loaded 7 route(s) (obc_fw_nrf54l obc-fw-nrf54l/src/flat_store.rs:1837)
403.948040 [INFO ] flat: Route menu loaded 0 trip folder(s) (obc_fw_nrf54l obc-fw-nrf54l/src/flat_store.rs:1882)
403.949587 [INFO ] flat: Rides menu loaded 0 finished ride(s) (obc_fw_nrf54l obc-fw-nrf54l/src/flat_store.rs:1911)
404.002563 [INFO ] ui frame: render 34679 us + push 8698 us (screen redraw, no map) (obc_fw_nrf54l obc-fw-nrf54l/src/ride.rs:3290)
404.071314 [INFO ] flat: Route menu loaded 6 route(s) (obc_fw_nrf54l obc-fw-nrf54l/src/flat_store.rs:1837)
404.072360 [INFO ] flat: Route menu loaded 0 trip folder(s) (obc_fw_nrf54l obc-fw-nrf54l/src/flat_store.rs:1882)
404.073444 [INFO ] flat: Rides menu loaded 0 finished ride(s) (obc_fw_nrf54l obc-fw-nrf54l/src/flat_store.rs:1911)
404.125131 [INFO ] ui frame: render 34671 us + push 8633 us (screen redraw, no map) (obc_fw_nrf54l obc-fw-nrf54l/src/ride.rs:3290)
404.290213 [INFO ] flat: Route menu loaded 5 route(s) (obc_fw_nrf54l obc-fw-nrf54l/src/flat_store.rs:1837)
404.291282 [INFO ] flat: Route menu loaded 0 trip folder(s) (obc_fw_nrf54l obc-fw-nrf54l/src/flat_store.rs:1882)
404.292388 [INFO ] flat: Rides menu loaded 0 finished ride(s) (obc_fw_nrf54l obc-fw-nrf54l/src/flat_store.rs:1911)
404.343642 [INFO ] ui frame: render 34676 us + push 8585 us (screen redraw, no map) (obc_fw_nrf54l obc-fw-nrf54l/src/ride.rs:3290)
404.503526 [INFO ] input: Back on Menu (obc_fw_nrf54l obc-fw-nrf54l/src/ride.rs:2704)
404.596593 [INFO ] ui frame: render 39614 us + push 52809 us (screen redraw, no map) (obc_fw_nrf54l obc-fw-nrf54l/src/ride.rs:3290)
405.001809 [INFO ] input: Press on Home (obc_fw_nrf54l obc-fw-nrf54l/src/ride.rs:2704)
405.092264 [INFO ] ui frame: render 36972 us + push 52815 us (screen redraw, no map) (obc_fw_nrf54l obc-fw-nrf54l/src/ride.rs:3290)
405.596545 [INFO ] input: Press on Menu (obc_fw_nrf54l obc-fw-nrf54l/src/ride.rs:2704)
405.665531 [INFO ] ui frame: render 23211 us + push 45096 us (screen redraw, no map) (obc_fw_nrf54l obc-fw-nrf54l/src/ride.rs:3290)
429.310196 [INFO ] input: Back on RouteMenu (obc_fw_nrf54l obc-fw-nrf54l/src/ride.rs:2704)
429.392948 [INFO ] ui frame: render 36974 us + push 45096 us (screen redraw, no map) (obc_fw_nrf54l obc-fw-nrf54l/src/ride.rs:3290)
429.711984 [INFO ] input: Step 1 on Menu (obc_fw_nrf54l obc-fw-nrf54l/src/ride.rs:2702)
429.774481 [INFO ] ui frame: render 36335 us + push 25539 us (screen redraw, no map) (obc_fw_nrf54l obc-fw-nrf54l/src/ride.rs:3290)
429.848704 [INFO ] ui frame: render 35492 us + push 20786 us (screen redraw, no map) (obc_fw_nrf54l obc-fw-nrf54l/src/ride.rs:3290)
429.918797 [INFO ] ui frame: render 34909 us + push 17255 us (screen redraw, no map) (obc_fw_nrf54l obc-fw-nrf54l/src/ride.rs:3290)
429.986027 [INFO ] ui frame: render 34453 us + push 14800 us (screen redraw, no map) (obc_fw_nrf54l obc-fw-nrf54l/src/ride.rs:3290)
430.113800 [INFO ] input: Step 1 on Menu (obc_fw_nrf54l obc-fw-nrf54l/src/ride.rs:2702)
430.173845 [INFO ] ui frame: render 33195 us + push 26227 us (screen redraw, no map) (obc_fw_nrf54l obc-fw-nrf54l/src/ride.rs:3290)
430.239907 [INFO ] ui frame: render 33617 us + push 14515 us (screen redraw, no map) (obc_fw_nrf54l obc-fw-nrf54l/src/ride.rs:3290)
430.309116 [INFO ] ui frame: render 34256 us + push 16975 us (screen redraw, no map) (obc_fw_nrf54l obc-fw-nrf54l/src/ride.rs:3290)
430.380375 [INFO ] ui frame: render 34631 us + push 18667 us (screen redraw, no map) (obc_fw_nrf54l obc-fw-nrf54l/src/ride.rs:3290)
430.441534 [INFO ] ui frame: render 34639 us + push 8587 us (screen redraw, no map) (obc_fw_nrf54l obc-fw-nrf54l/src/ride.rs:3290)
430.507560 [INFO ] input: Press on Menu (obc_fw_nrf54l obc-fw-nrf54l/src/ride.rs:2704)
430.673192 [INFO ] map frame: render 112139 us + push 52812 us | lod 13 | feat 37/218 | chunks 3 | map-cache 0 hit / 3 miss (obc_fw_nrf54l obc-fw-nrf54l/src/ride.rs:3276)
431.102154 [INFO ] input: Press on Map (obc_fw_nrf54l obc-fw-nrf54l/src/ride.rs:2704)
431.183750 [INFO ] ui frame: render 28086 us + push 52831 us (screen redraw, no map) (obc_fw_nrf54l obc-fw-nrf54l/src/ride.rs:3290)
431.696881 [INFO ] input: Press on RideStart (obc_fw_nrf54l obc-fw-nrf54l/src/ride.rs:2704)
431.847296 [INFO ] map frame: render 96904 us + push 52810 us | lod 13 | feat 37/218 | chunks 3 | map-cache 0 hit / 3 miss (obc_fw_nrf54l obc-fw-nrf54l/src/ride.rs:3276)
431.966932 [INFO ] ui frame: render 27785 us + push 52810 us (screen redraw, no map) (obc_fw_nrf54l obc-fw-nrf54l/src/ride.rs:3290)
431.991055 [INFO ] flat: Route menu loaded 5 route(s) (obc_fw_nrf54l obc-fw-nrf54l/src/flat_store.rs:1837)
431.992160 [INFO ] flat: Route menu loaded 0 trip folder(s) (obc_fw_nrf54l obc-fw-nrf54l/src/flat_store.rs:1882)
431.993297 [INFO ] flat: Rides menu loaded 0 finished ride(s) (obc_fw_nrf54l obc-fw-nrf54l/src/flat_store.rs:1911)
432.060398 [INFO ] ui frame: render 27653 us + push 8589 us (screen redraw, no map) (obc_fw_nrf54l obc-fw-nrf54l/src/ride.rs:3290)
