1369.695352 [INFO ] input: Press on FindPlace (obc_fw_nrf54l obc-fw-nrf54l/src/ride.rs:2681)
1370.452710 [INFO ] map frame: render 706017 us + push 50672 us | lod 13 | feat 9/136 | chunks 2 | map-cache 0 hit / 2 miss (obc_fw_nrf54l obc-fw-nrf54l/src/ride.rs:3228)
1370.559073 [INFO ] map frame: render 94828 us + push 8588 us | lod 13 | feat 9/136 | chunks 2 | map-cache 0 hit / 2 miss (obc_fw_nrf54l obc-fw-nrf54l/src/ride.rs:3228)
1370.669135 [INFO ] map frame: render 100024 us + push 8585 us | lod 13 | feat 9/136 | chunks 2 | map-cache 0 hit / 2 miss (obc_fw_nrf54l obc-fw-nrf54l/src/ride.rs:3228)
1372.484758 [INFO ] flat: Route menu loaded 3 route(s) (obc_fw_nrf54l obc-fw-nrf54l/src/flat_store.rs:1824)
1372.563719 [INFO ] flat: Route menu loaded 3 route(s) (obc_fw_nrf54l obc-fw-nrf54l/src/flat_store.rs:1824)
1372.564778 [INFO ] flat: Route menu loaded 0 trip folder(s) (obc_fw_nrf54l obc-fw-nrf54l/src/flat_store.rs:1869)
1372.565852 [INFO ] flat: Rides menu loaded 0 finished ride(s) (obc_fw_nrf54l obc-fw-nrf54l/src/flat_store.rs:1898)
1372.653726 [INFO ] map frame: render 68692 us + push 8586 us | lod 13 | feat 9/136 | chunks 2 | map-cache 2 hit / 0 miss (obc_fw_nrf54l obc-fw-nrf54l/src/ride.rs:3228)
1372.731915 [INFO ] map frame: render 67188 us + push 8614 us | lod 13 | feat 9/136 | chunks 2 | map-cache 2 hit / 0 miss (obc_fw_nrf54l obc-fw-nrf54l/src/ride.rs:3228)
1372.813185 [INFO ] map frame: render 67230 us + push 8585 us | lod 13 | feat 9/136 | chunks 2 | map-cache 2 hit / 0 miss (obc_fw_nrf54l obc-fw-nrf54l/src/ride.rs:3228)
1374.878559 [INFO ] flat: Route menu loaded 4 route(s) (obc_fw_nrf54l obc-fw-nrf54l/src/flat_store.rs:1824)
1374.962259 [INFO ] flat: Route menu loaded 4 route(s) (obc_fw_nrf54l obc-fw-nrf54l/src/flat_store.rs:1824)
1374.963263 [INFO ] flat: Route menu loaded 0 trip folder(s) (obc_fw_nrf54l obc-fw-nrf54l/src/flat_store.rs:1869)
1374.964318 [INFO ] flat: Rides menu loaded 0 finished ride(s) (obc_fw_nrf54l obc-fw-nrf54l/src/flat_store.rs:1898)
1375.051979 [INFO ] map frame: render 68727 us + push 8586 us | lod 13 | feat 9/136 | chunks 2 | map-cache 2 hit / 0 miss (obc_fw_nrf54l obc-fw-nrf54l/src/ride.rs:3228)
1375.130144 [INFO ] map frame: render 67231 us + push 8586 us | lod 13 | feat 9/136 | chunks 2 | map-cache 2 hit / 0 miss (obc_fw_nrf54l obc-fw-nrf54l/src/ride.rs:3228)
1375.213302 [INFO ] map frame: render 67238 us + push 8585 us | lod 13 | feat 9/136 | chunks 2 | map-cache 2 hit / 0 miss (obc_fw_nrf54l obc-fw-nrf54l/src/ride.rs:3228)
1377.700189 [INFO ] flat: Route menu loaded 5 route(s) (obc_fw_nrf54l obc-fw-nrf54l/src/flat_store.rs:1824)
1377.790113 [INFO ] flat: Route menu loaded 5 route(s) (obc_fw_nrf54l obc-fw-nrf54l/src/flat_store.rs:1824)
1377.791220 [INFO ] flat: Route menu loaded 0 trip folder(s) (obc_fw_nrf54l obc-fw-nrf54l/src/flat_store.rs:1869)
1377.792410 [INFO ] flat: Rides menu loaded 0 finished ride(s) (obc_fw_nrf54l obc-fw-nrf54l/src/flat_store.rs:1898)
1377.881599 [INFO ] map frame: render 68727 us + push 8587 us | lod 13 | feat 9/136 | chunks 2 | map-cache 2 hit / 0 miss (obc_fw_nrf54l obc-fw-nrf54l/src/ride.rs:3228)
1377.959764 [INFO ] map frame: render 67182 us + push 8584 us | lod 13 | feat 9/136 | chunks 2 | map-cache 2 hit / 0 miss (obc_fw_nrf54l obc-fw-nrf54l/src/ride.rs:3228)
1378.063636 [INFO ] map frame: render 67234 us + push 8586 us | lod 13 | feat 9/136 | chunks 2 | map-cache 2 hit / 0 miss (obc_fw_nrf54l obc-fw-nrf54l/src/ride.rs:3228)
1380.590642 [INFO ] flat: Route menu loaded 6 route(s) (obc_fw_nrf54l obc-fw-nrf54l/src/flat_store.rs:1824)
1380.694811 [INFO ] flat: Route menu loaded 6 route(s) (obc_fw_nrf54l obc-fw-nrf54l/src/flat_store.rs:1824)
1380.696301 [INFO ] flat: Route menu loaded 0 trip folder(s) (obc_fw_nrf54l obc-fw-nrf54l/src/flat_store.rs:1869)
1380.697891 [INFO ] flat: Rides menu loaded 0 finished ride(s) (obc_fw_nrf54l obc-fw-nrf54l/src/flat_store.rs:1898)
1380.787865 [INFO ] map frame: render 68774 us + push 8586 us | lod 13 | feat 9/136 | chunks 2 | map-cache 2 hit / 0 miss (obc_fw_nrf54l obc-fw-nrf54l/src/ride.rs:3228)
1380.866094 [INFO ] map frame: render 67230 us + push 8585 us | lod 13 | feat 9/136 | chunks 2 | map-cache 2 hit / 0 miss (obc_fw_nrf54l obc-fw-nrf54l/src/ride.rs:3228)
1380.947348 [INFO ] map frame: render 67287 us + push 8585 us | lod 13 | feat 9/136 | chunks 2 | map-cache 2 hit / 0 miss (obc_fw_nrf54l obc-fw-nrf54l/src/ride.rs:3228)
1383.271978 [INFO ] flat: Route menu loaded 7 route(s) (obc_fw_nrf54l obc-fw-nrf54l/src/flat_store.rs:1824)
1383.385506 [INFO ] flat: Route menu loaded 7 route(s) (obc_fw_nrf54l obc-fw-nrf54l/src/flat_store.rs:1824)
1383.387008 [INFO ] flat: Route menu loaded 0 trip folder(s) (obc_fw_nrf54l obc-fw-nrf54l/src/flat_store.rs:1869)
1383.388576 [INFO ] flat: Rides menu loaded 0 finished ride(s) (obc_fw_nrf54l obc-fw-nrf54l/src/flat_store.rs:1898)
1383.479601 [INFO ] map frame: render 68806 us + push 8593 us | lod 13 | feat 9/136 | chunks 2 | map-cache 2 hit / 0 miss (obc_fw_nrf54l obc-fw-nrf54l/src/ride.rs:3228)
1383.558637 [INFO ] map frame: render 67234 us + push 8585 us | lod 13 | feat 9/136 | chunks 2 | map-cache 2 hit / 0 miss (obc_fw_nrf54l obc-fw-nrf54l/src/ride.rs:3228)
1383.639820 [INFO ] map frame: render 67279 us + push 8585 us | lod 13 | feat 9/136 | chunks 2 | map-cache 2 hit / 0 miss (obc_fw_nrf54l obc-fw-nrf54l/src/ride.rs:3228)
1385.956939 [INFO ] flat: Route menu loaded 8 route(s) (obc_fw_nrf54l obc-fw-nrf54l/src/flat_store.rs:1824)
1386.071257 [INFO ] flat: Route menu loaded 8 route(s) (obc_fw_nrf54l obc-fw-nrf54l/src/flat_store.rs:1824)
1386.072757 [INFO ] flat: Route menu loaded 0 trip folder(s) (obc_fw_nrf54l obc-fw-nrf54l/src/flat_store.rs:1869)
1386.074320 [INFO ] flat: Rides menu loaded 0 finished ride(s) (obc_fw_nrf54l obc-fw-nrf54l/src/flat_store.rs:1898)
1386.165354 [INFO ] map frame: render 68725 us + push 8585 us | lod 13 | feat 9/136 | chunks 2 | map-cache 2 hit / 0 miss (obc_fw_nrf54l obc-fw-nrf54l/src/ride.rs:3228)
1386.243517 [INFO ] map frame: render 67227 us + push 8587 us | lod 13 | feat 9/136 | chunks 2 | map-cache 2 hit / 0 miss (obc_fw_nrf54l obc-fw-nrf54l/src/ride.rs:3228)
1386.324675 [INFO ] map frame: render 67237 us + push 8585 us | lod 13 | feat 9/136 | chunks 2 | map-cache 2 hit / 0 miss (obc_fw_nrf54l obc-fw-nrf54l/src/ride.rs:3228)
1388.833582 [INFO ] flat: Route menu loaded 9 route(s) (obc_fw_nrf54l obc-fw-nrf54l/src/flat_store.rs:1824)
1388.952949 [INFO ] flat: Route menu loaded 9 route(s) (obc_fw_nrf54l obc-fw-nrf54l/src/flat_store.rs:1824)
1388.954471 [INFO ] flat: Route menu loaded 0 trip folder(s) (obc_fw_nrf54l obc-fw-nrf54l/src/flat_store.rs:1869)
1388.956105 [INFO ] flat: Rides menu loaded 0 finished ride(s) (obc_fw_nrf54l obc-fw-nrf54l/src/flat_store.rs:1898)
1389.046065 [INFO ] map frame: render 68776 us + push 8585 us | lod 13 | feat 9/136 | chunks 2 | map-cache 2 hit / 0 miss (obc_fw_nrf54l obc-fw-nrf54l/src/ride.rs:3228)
1389.124178 [INFO ] map frame: render 67180 us + push 8585 us | lod 13 | feat 9/136 | chunks 2 | map-cache 2 hit / 0 miss (obc_fw_nrf54l obc-fw-nrf54l/src/ride.rs:3228)
1389.205432 [INFO ] map frame: render 67240 us + push 8586 us | lod 13 | feat 9/136 | chunks 2 | map-cache 2 hit / 0 miss (obc_fw_nrf54l obc-fw-nrf54l/src/ride.rs:3228)
1392.218769 [INFO ] flat: Route menu loaded 10 route(s) (obc_fw_nrf54l obc-fw-nrf54l/src/flat_store.rs:1824)
1392.367384 [INFO ] flat: Route menu loaded 10 route(s) (obc_fw_nrf54l obc-fw-nrf54l/src/flat_store.rs:1824)
1392.369390 [INFO ] flat: Route menu loaded 0 trip folder(s) (obc_fw_nrf54l obc-fw-nrf54l/src/flat_store.rs:1869)
1392.371569 [INFO ] flat: Rides menu loaded 0 finished ride(s) (obc_fw_nrf54l obc-fw-nrf54l/src/flat_store.rs:1898)
1392.462764 [INFO ] map frame: render 68768 us + push 8586 us | lod 13 | feat 9/136 | chunks 2 | map-cache 2 hit / 0 miss (obc_fw_nrf54l obc-fw-nrf54l/src/ride.rs:3228)
1392.540963 [INFO ] map frame: render 67183 us + push 8633 us | lod 13 | feat 9/136 | chunks 2 | map-cache 2 hit / 0 miss (obc_fw_nrf54l obc-fw-nrf54l/src/ride.rs:3228)
1392.622224 [INFO ] map frame: render 67283 us + push 8586 us | lod 13 | feat 9/136 | chunks 2 | map-cache 2 hit / 0 miss (obc_fw_nrf54l obc-fw-nrf54l/src/ride.rs:3228)
1395.382719 [INFO ] flat: Route menu loaded 11 route(s) (obc_fw_nrf54l obc-fw-nrf54l/src/flat_store.rs:1824)
1395.519490 [INFO ] flat: Route menu loaded 11 route(s) (obc_fw_nrf54l obc-fw-nrf54l/src/flat_store.rs:1824)
1395.521408 [INFO ] flat: Route menu loaded 0 trip folder(s) (obc_fw_nrf54l obc-fw-nrf54l/src/flat_store.rs:1869)
1395.523447 [INFO ] flat: Rides menu loaded 0 finished ride(s) (obc_fw_nrf54l obc-fw-nrf54l/src/flat_store.rs:1898)
1395.614149 [INFO ] map frame: render 68773 us + push 8585 us | lod 13 | feat 9/136 | chunks 2 | map-cache 2 hit / 0 miss (obc_fw_nrf54l obc-fw-nrf54l/src/ride.rs:3228)
1395.692317 [INFO ] map frame: render 67230 us + push 8586 us | lod 13 | feat 9/136 | chunks 2 | map-cache 2 hit / 0 miss (obc_fw_nrf54l obc-fw-nrf54l/src/ride.rs:3228)
1395.773524 [INFO ] map frame: render 67290 us + push 8586 us | lod 13 | feat 9/136 | chunks 2 | map-cache 2 hit / 0 miss (obc_fw_nrf54l obc-fw-nrf54l/src/ride.rs:3228)
1398.262702 [INFO ] flat: Route menu loaded 12 route(s) (obc_fw_nrf54l obc-fw-nrf54l/src/flat_store.rs:1824)
1398.404809 [INFO ] flat: Route menu loaded 12 route(s) (obc_fw_nrf54l obc-fw-nrf54l/src/flat_store.rs:1824)
1398.406781 [INFO ] flat: Route menu loaded 0 trip folder(s) (obc_fw_nrf54l obc-fw-nrf54l/src/flat_store.rs:1869)
1398.408877 [INFO ] flat: Rides menu loaded 0 finished ride(s) (obc_fw_nrf54l obc-fw-nrf54l/src/flat_store.rs:1898)
1398.499664 [INFO ] map frame: render 68775 us + push 8586 us | lod 13 | feat 9/136 | chunks 2 | map-cache 2 hit / 0 miss (obc_fw_nrf54l obc-fw-nrf54l/src/ride.rs:3228)
1398.577829 [INFO ] map frame: render 67231 us + push 8586 us | lod 13 | feat 9/136 | chunks 2 | map-cache 2 hit / 0 miss (obc_fw_nrf54l obc-fw-nrf54l/src/ride.rs:3228)
1398.659049 [INFO ] map frame: render 67291 us + push 8586 us | lod 13 | feat 9/136 | chunks 2 | map-cache 2 hit / 0 miss (obc_fw_nrf54l obc-fw-nrf54l/src/ride.rs:3228)
1401.529339 [INFO ] flat: Route menu loaded 13 route(s) (obc_fw_nrf54l obc-fw-nrf54l/src/flat_store.rs:1824)
1401.694679 [INFO ] flat: Route menu loaded 13 route(s) (obc_fw_nrf54l obc-fw-nrf54l/src/flat_store.rs:1824)
1401.696794 [INFO ] flat: Route menu loaded 0 trip folder(s) (obc_fw_nrf54l obc-fw-nrf54l/src/flat_store.rs:1869)
1401.699029 [INFO ] flat: Rides menu loaded 0 finished ride(s) (obc_fw_nrf54l obc-fw-nrf54l/src/flat_store.rs:1898)
1401.791520 [INFO ] map frame: render 68779 us + push 8585 us | lod 13 | feat 9/136 | chunks 2 | map-cache 2 hit / 0 miss (obc_fw_nrf54l obc-fw-nrf54l/src/ride.rs:3228)
1401.869738 [INFO ] map frame: render 67199 us + push 8585 us | lod 13 | feat 9/136 | chunks 2 | map-cache 2 hit / 0 miss (obc_fw_nrf54l obc-fw-nrf54l/src/ride.rs:3228)
1401.951019 [INFO ] map frame: render 67287 us + push 8585 us | lod 13 | feat 9/136 | chunks 2 | map-cache 2 hit / 0 miss (obc_fw_nrf54l obc-fw-nrf54l/src/ride.rs:3228)
1404.932165 [INFO ] flat: Route menu loaded 14 route(s) (obc_fw_nrf54l obc-fw-nrf54l/src/flat_store.rs:1824)
1405.104051 [INFO ] flat: Route menu loaded 14 route(s) (obc_fw_nrf54l obc-fw-nrf54l/src/flat_store.rs:1824)
1405.106562 [INFO ] flat: Route menu loaded 0 trip folder(s) (obc_fw_nrf54l obc-fw-nrf54l/src/flat_store.rs:1869)
1405.109245 [INFO ] flat: Rides menu loaded 0 finished ride(s) (obc_fw_nrf54l obc-fw-nrf54l/src/flat_store.rs:1898)
1405.202573 [INFO ] map frame: render 68728 us + push 8586 us | lod 13 | feat 9/136 | chunks 2 | map-cache 2 hit / 0 miss (obc_fw_nrf54l obc-fw-nrf54l/src/ride.rs:3228)
1405.280767 [INFO ] map frame: render 67183 us + push 8586 us | lod 13 | feat 9/136 | chunks 2 | map-cache 2 hit / 0 miss (obc_fw_nrf54l obc-fw-nrf54l/src/ride.rs:3228)
1405.362023 [INFO ] map frame: render 67252 us + push 8585 us | lod 13 | feat 9/136 | chunks 2 | map-cache 2 hit / 0 miss (obc_fw_nrf54l obc-fw-nrf54l/src/ride.rs:3228)
1408.552429 [INFO ] flat: Route menu loaded 15 route(s) (obc_fw_nrf54l obc-fw-nrf54l/src/flat_store.rs:1824)
1408.726692 [INFO ] flat: Route menu loaded 15 route(s) (obc_fw_nrf54l obc-fw-nrf54l/src/flat_store.rs:1824)
1408.729266 [INFO ] flat: Route menu loaded 0 trip folder(s) (obc_fw_nrf54l obc-fw-nrf54l/src/flat_store.rs:1869)
1408.731944 [INFO ] flat: Rides menu loaded 0 finished ride(s) (obc_fw_nrf54l obc-fw-nrf54l/src/flat_store.rs:1898)
1408.826737 [INFO ] map frame: render 67232 us + push 8586 us | lod 13 | feat 9/136 | chunks 2 | map-cache 2 hit / 0 miss (obc_fw_nrf54l obc-fw-nrf54l/src/ride.rs:3228)
1408.904027 [INFO ] map frame: render 67229 us + push 8586 us | lod 13 | feat 9/136 | chunks 2 | map-cache 2 hit / 0 miss (obc_fw_nrf54l obc-fw-nrf54l/src/ride.rs:3228)
1409.510990 [INFO ] map frame: render 558291 us + push 43199 us | lod 11 | feat 551/852 | chunks 12 | map-cache 0 hit / 12 miss (obc_fw_nrf54l obc-fw-nrf54l/src/ride.rs:3228)
1410.080110 [INFO ] map frame: render 557574 us + push 8586 us | lod 11 | feat 551/852 | chunks 12 | map-cache 0 hit / 12 miss (obc_fw_nrf54l obc-fw-nrf54l/src/ride.rs:3228)
1410.207655 [INFO ] flat: Route menu loaded 14 route(s) (obc_fw_nrf54l obc-fw-nrf54l/src/flat_store.rs:1824)
1410.210011 [INFO ] flat: Route menu loaded 0 trip folder(s) (obc_fw_nrf54l obc-fw-nrf54l/src/flat_store.rs:1869)
1410.212539 [INFO ] flat: Rides menu loaded 0 finished ride(s) (obc_fw_nrf54l obc-fw-nrf54l/src/flat_store.rs:1898)
1410.791813 [INFO ] map frame: render 557797 us + push 8586 us | lod 11 | feat 551/852 | chunks 12 | map-cache 1 hit / 11 miss (obc_fw_nrf54l obc-fw-nrf54l/src/ride.rs:3228)
1410.905070 [INFO ] flat: Route menu loaded 13 route(s) (obc_fw_nrf54l obc-fw-nrf54l/src/flat_store.rs:1824)
1410.907090 [INFO ] flat: Route menu loaded 0 trip folder(s) (obc_fw_nrf54l obc-fw-nrf54l/src/flat_store.rs:1869)
1410.909203 [INFO ] flat: Rides menu loaded 0 finished ride(s) (obc_fw_nrf54l obc-fw-nrf54l/src/flat_store.rs:1898)
1411.485521 [INFO ] map frame: render 555658 us + push 8585 us | lod 11 | feat 551/852 | chunks 12 | map-cache 3 hit / 9 miss (obc_fw_nrf54l obc-fw-nrf54l/src/ride.rs:3228)
1411.844496 [INFO ] flat: Route menu loaded 12 route(s) (obc_fw_nrf54l obc-fw-nrf54l/src/flat_store.rs:1824)
1411.846577 [INFO ] flat: Route menu loaded 0 trip folder(s) (obc_fw_nrf54l obc-fw-nrf54l/src/flat_store.rs:1869)
1411.848768 [INFO ] flat: Rides menu loaded 0 finished ride(s) (obc_fw_nrf54l obc-fw-nrf54l/src/flat_store.rs:1898)
1412.424582 [INFO ] map frame: render 555596 us + push 8585 us | lod 11 | feat 551/852 | chunks 12 | map-cache 3 hit / 9 miss (obc_fw_nrf54l obc-fw-nrf54l/src/ride.rs:3228)
1412.905766 [INFO ] flat: Route menu loaded 11 route(s) (obc_fw_nrf54l obc-fw-nrf54l/src/flat_store.rs:1824)
1412.907681 [INFO ] flat: Route menu loaded 0 trip folder(s) (obc_fw_nrf54l obc-fw-nrf54l/src/flat_store.rs:1869)
1412.909703 [INFO ] flat: Rides menu loaded 0 finished ride(s) (obc_fw_nrf54l obc-fw-nrf54l/src/flat_store.rs:1898)
1413.484793 [INFO ] map frame: render 555551 us + push 8586 us | lod 11 | feat 551/852 | chunks 12 | map-cache 3 hit / 9 miss (obc_fw_nrf54l obc-fw-nrf54l/src/ride.rs:3228)
1413.956667 [INFO ] flat: Route menu loaded 10 route(s) (obc_fw_nrf54l obc-fw-nrf54l/src/flat_store.rs:1824)
1413.958670 [INFO ] flat: Route menu loaded 0 trip folder(s) (obc_fw_nrf54l obc-fw-nrf54l/src/flat_store.rs:1869)
1413.960772 [INFO ] flat: Rides menu loaded 0 finished ride(s) (obc_fw_nrf54l obc-fw-nrf54l/src/flat_store.rs:1898)
1414.536330 [INFO ] map frame: render 555540 us + push 8585 us | lod 11 | feat 551/852 | chunks 12 | map-cache 3 hit / 9 miss (obc_fw_nrf54l obc-fw-nrf54l/src/ride.rs:3228)
1414.985028 [INFO ] flat: Route menu loaded 9 route(s) (obc_fw_nrf54l obc-fw-nrf54l/src/flat_store.rs:1824)
1414.986639 [INFO ] flat: Route menu loaded 0 trip folder(s) (obc_fw_nrf54l obc-fw-nrf54l/src/flat_store.rs:1869)
1414.988342 [INFO ] flat: Rides menu loaded 0 finished ride(s) (obc_fw_nrf54l obc-fw-nrf54l/src/flat_store.rs:1898)
1415.563151 [INFO ] map frame: render 555670 us + push 8585 us | lod 11 | feat 551/852 | chunks 12 | map-cache 3 hit / 9 miss (obc_fw_nrf54l obc-fw-nrf54l/src/ride.rs:3228)
1416.027203 [INFO ] flat: Route menu loaded 8 route(s) (obc_fw_nrf54l obc-fw-nrf54l/src/flat_store.rs:1824)
1416.028706 [INFO ] flat: Route menu loaded 0 trip folder(s) (obc_fw_nrf54l obc-fw-nrf54l/src/flat_store.rs:1869)
1416.030264 [INFO ] flat: Rides menu loaded 0 finished ride(s) (obc_fw_nrf54l obc-fw-nrf54l/src/flat_store.rs:1898)
1416.605659 [INFO ] map frame: render 555550 us + push 8585 us | lod 11 | feat 551/852 | chunks 12 | map-cache 3 hit / 9 miss (obc_fw_nrf54l obc-fw-nrf54l/src/ride.rs:3228)
1417.083859 [INFO ] flat: Route menu loaded 7 route(s) (obc_fw_nrf54l obc-fw-nrf54l/src/flat_store.rs:1824)
1417.085398 [INFO ] flat: Route menu loaded 0 trip folder(s) (obc_fw_nrf54l obc-fw-nrf54l/src/flat_store.rs:1869)
1417.087006 [INFO ] flat: Rides menu loaded 0 finished ride(s) (obc_fw_nrf54l obc-fw-nrf54l/src/flat_store.rs:1898)
1417.663053 [INFO ] map frame: render 555546 us + push 8585 us | lod 11 | feat 551/852 | chunks 12 | map-cache 3 hit / 9 miss (obc_fw_nrf54l obc-fw-nrf54l/src/ride.rs:3228)
1418.153747 [INFO ] flat: Route menu loaded 6 route(s) (obc_fw_nrf54l obc-fw-nrf54l/src/flat_store.rs:1824)
1418.155154 [INFO ] flat: Route menu loaded 0 trip folder(s) (obc_fw_nrf54l obc-fw-nrf54l/src/flat_store.rs:1869)
1418.156624 [INFO ] flat: Rides menu loaded 0 finished ride(s) (obc_fw_nrf54l obc-fw-nrf54l/src/flat_store.rs:1898)
1418.730683 [INFO ] map frame: render 555598 us + push 8613 us | lod 11 | feat 551/852 | chunks 12 | map-cache 3 hit / 9 miss (obc_fw_nrf54l obc-fw-nrf54l/src/ride.rs:3228)
