567.068673 [INFO ] input: Press on FindPlace (obc_fw_nrf54l obc-fw-nrf54l/src/ride.rs:2699)
567.473222 [INFO ] map frame: render 353208 us + push 50646 us | lod 13 | feat 9/136 | chunks 2 | map-cache 0 hit / 2 miss (obc_fw_nrf54l obc-fw-nrf54l/src/ride.rs:3269)
568.017731 [INFO ] freeze: banner repaint rows 96..132 (obc_fw_nrf54l obc-fw-nrf54l/src/ride.rs:3035)
568.027769 [INFO ] ui frame: render 6724 us + push 9788 us (screen redraw, no map) (obc_fw_nrf54l obc-fw-nrf54l/src/ride.rs:3283)
569.029565 [INFO ] freeze: banner repaint rows 96..132 (obc_fw_nrf54l obc-fw-nrf54l/src/ride.rs:3035)
569.039649 [INFO ] ui frame: render 6724 us + push 9835 us (screen redraw, no map) (obc_fw_nrf54l obc-fw-nrf54l/src/ride.rs:3283)
570.011403 [INFO ] freeze: banner repaint rows 96..132 (obc_fw_nrf54l obc-fw-nrf54l/src/ride.rs:3035)
570.021441 [INFO ] ui frame: render 6695 us + push 9788 us (screen redraw, no map) (obc_fw_nrf54l obc-fw-nrf54l/src/ride.rs:3283)
570.800644 [INFO ] visit: complete searches=2 anchors=1664/4535/4535 arrival=4166 total=7453 (obc_fw_nrf54l obc-fw-nrf54l/src/visit.rs:565)
570.909187 [INFO ] flat: Route menu loaded 3 route(s) (obc_fw_nrf54l obc-fw-nrf54l/src/flat_store.rs:1832)
570.910211 [INFO ] flat: Route menu loaded 0 trip folder(s) (obc_fw_nrf54l obc-fw-nrf54l/src/flat_store.rs:1877)
570.911200 [INFO ] flat: Rides menu loaded 0 finished ride(s) (obc_fw_nrf54l obc-fw-nrf54l/src/flat_store.rs:1906)
571.033316 [INFO ] freeze: banner repaint rows 96..132 (obc_fw_nrf54l obc-fw-nrf54l/src/ride.rs:3035)
571.043351 [INFO ] ui frame: render 6724 us + push 9785 us (screen redraw, no map) (obc_fw_nrf54l obc-fw-nrf54l/src/ride.rs:3283)
572.040129 [INFO ] freeze: banner repaint rows 96..132 (obc_fw_nrf54l obc-fw-nrf54l/src/ride.rs:3035)
572.050209 [INFO ] ui frame: render 6695 us + push 9830 us (screen redraw, no map) (obc_fw_nrf54l obc-fw-nrf54l/src/ride.rs:3283)
572.884348 [INFO ] visit: complete searches=2 anchors=1664/1664/1664 arrival=4502 total=13866 (obc_fw_nrf54l obc-fw-nrf54l/src/visit.rs:565)
573.078658 [INFO ] flat: Route menu loaded 4 route(s) (obc_fw_nrf54l obc-fw-nrf54l/src/flat_store.rs:1832)
573.079654 [INFO ] flat: Route menu loaded 0 trip folder(s) (obc_fw_nrf54l obc-fw-nrf54l/src/flat_store.rs:1877)
573.080688 [INFO ] flat: Rides menu loaded 0 finished ride(s) (obc_fw_nrf54l obc-fw-nrf54l/src/flat_store.rs:1906)
573.093145 [INFO ] freeze: banner repaint rows 96..132 (obc_fw_nrf54l obc-fw-nrf54l/src/ride.rs:3035)
573.103217 [INFO ] ui frame: render 6694 us + push 9793 us (screen redraw, no map) (obc_fw_nrf54l obc-fw-nrf54l/src/ride.rs:3283)
574.031237 [INFO ] freeze: banner repaint rows 96..132 (obc_fw_nrf54l obc-fw-nrf54l/src/ride.rs:3035)
574.041273 [INFO ] ui frame: render 6723 us + push 9786 us (screen redraw, no map) (obc_fw_nrf54l obc-fw-nrf54l/src/ride.rs:3283)
575.034143 [INFO ] freeze: banner repaint rows 96..132 (obc_fw_nrf54l obc-fw-nrf54l/src/ride.rs:3035)
575.044178 [INFO ] ui frame: render 6723 us + push 9786 us (screen redraw, no map) (obc_fw_nrf54l obc-fw-nrf54l/src/ride.rs:3283)
575.086167 [INFO ] visit: complete searches=2 anchors=1664/1664/1664 arrival=6046 total=16954 (obc_fw_nrf54l obc-fw-nrf54l/src/visit.rs:565)
575.303906 [INFO ] flat: Route menu loaded 5 route(s) (obc_fw_nrf54l obc-fw-nrf54l/src/flat_store.rs:1832)
575.305053 [INFO ] flat: Route menu loaded 0 trip folder(s) (obc_fw_nrf54l obc-fw-nrf54l/src/flat_store.rs:1877)
575.306195 [INFO ] flat: Rides menu loaded 0 finished ride(s) (obc_fw_nrf54l obc-fw-nrf54l/src/flat_store.rs:1906)
575.349290 [INFO ] find: ready results=3 (obc_fw_nrf54l obc-fw-nrf54l/src/ride.rs:2917)
575.706963 [INFO ] map frame: render 312077 us + push 43206 us | lod 7 | feat 269/388 | chunks 8 | map-cache 0 hit / 8 miss (obc_fw_nrf54l obc-fw-nrf54l/src/ride.rs:3269)
