322.095648 [INFO ] flat: Route menu loaded 2 route(s) (obc_fw_nrf54l obc-fw-nrf54l/src/flat_store.rs:1832)
322.096570 [INFO ] flat: Route menu loaded 0 trip folder(s) (obc_fw_nrf54l obc-fw-nrf54l/src/flat_store.rs:1877)
322.097513 [INFO ] flat: Rides menu loaded 0 finished ride(s) (obc_fw_nrf54l obc-fw-nrf54l/src/flat_store.rs:1906)
322.148748 [INFO ] input: Press on FindPlace (obc_fw_nrf54l obc-fw-nrf54l/src/ride.rs:2699)
322.666273 [INFO ] map frame: render 466185 us + push 50644 us | lod 13 | feat 9/136 | chunks 2 | map-cache 0 hit / 2 miss (obc_fw_nrf54l obc-fw-nrf54l/src/ride.rs:3269)
323.015386 [INFO ] freeze: banner repaint rows 96..132 (obc_fw_nrf54l obc-fw-nrf54l/src/ride.rs:3035)
323.025468 [INFO ] ui frame: render 6674 us + push 9833 us (screen redraw, no map) (obc_fw_nrf54l obc-fw-nrf54l/src/ride.rs:3283)
323.599872 [INFO ] visit: complete searches=2 anchors=1664/1664/1664 arrival=1251 total=7365 (obc_fw_nrf54l obc-fw-nrf54l/src/visit.rs:565)
323.707680 [INFO ] flat: Route menu loaded 3 route(s) (obc_fw_nrf54l obc-fw-nrf54l/src/flat_store.rs:1832)
323.708766 [INFO ] flat: Route menu loaded 0 trip folder(s) (obc_fw_nrf54l obc-fw-nrf54l/src/flat_store.rs:1877)
323.709882 [INFO ] flat: Rides menu loaded 0 finished ride(s) (obc_fw_nrf54l obc-fw-nrf54l/src/flat_store.rs:1906)
324.066009 [INFO ] freeze: banner repaint rows 96..132 (obc_fw_nrf54l obc-fw-nrf54l/src/ride.rs:3035)
324.076056 [INFO ] ui frame: render 6723 us + push 9798 us (screen redraw, no map) (obc_fw_nrf54l obc-fw-nrf54l/src/ride.rs:3283)
324.482345 [INFO ] visit: complete searches=2 anchors=1664/5422/5422 arrival=3759 total=4864 (obc_fw_nrf54l obc-fw-nrf54l/src/visit.rs:565)
324.576562 [INFO ] flat: Route menu loaded 4 route(s) (obc_fw_nrf54l obc-fw-nrf54l/src/flat_store.rs:1832)
324.577562 [INFO ] flat: Route menu loaded 0 trip folder(s) (obc_fw_nrf54l obc-fw-nrf54l/src/flat_store.rs:1877)
324.578598 [INFO ] flat: Rides menu loaded 0 finished ride(s) (obc_fw_nrf54l obc-fw-nrf54l/src/flat_store.rs:1906)
325.008399 [INFO ] freeze: banner repaint rows 96..132 (obc_fw_nrf54l obc-fw-nrf54l/src/ride.rs:3035)
325.018501 [INFO ] ui frame: render 6676 us + push 9852 us (screen redraw, no map) (obc_fw_nrf54l obc-fw-nrf54l/src/ride.rs:3283)
325.359091 [INFO ] visit: complete searches=2 anchors=1664/3730/3730 arrival=2210 total=5152 (obc_fw_nrf54l obc-fw-nrf54l/src/visit.rs:565)
325.458438 [INFO ] flat: Route menu loaded 5 route(s) (obc_fw_nrf54l obc-fw-nrf54l/src/flat_store.rs:1832)
325.459496 [INFO ] flat: Route menu loaded 0 trip folder(s) (obc_fw_nrf54l obc-fw-nrf54l/src/flat_store.rs:1877)
325.460576 [INFO ] flat: Rides menu loaded 0 finished ride(s) (obc_fw_nrf54l obc-fw-nrf54l/src/flat_store.rs:1906)
326.037416 [INFO ] freeze: banner repaint rows 96..132 (obc_fw_nrf54l obc-fw-nrf54l/src/ride.rs:3035)
326.047461 [INFO ] ui frame: render 6723 us + push 9795 us (screen redraw, no map) (obc_fw_nrf54l obc-fw-nrf54l/src/ride.rs:3283)
326.201054 [INFO ] visit: complete searches=2 anchors=1664/3591/3591 arrival=1929 total=4868 (obc_fw_nrf54l obc-fw-nrf54l/src/visit.rs:565)
326.721996 [INFO ] flat: Route menu loaded 6 route(s) (obc_fw_nrf54l obc-fw-nrf54l/src/flat_store.rs:1832)
326.723423 [INFO ] flat: Route menu loaded 0 trip folder(s) (obc_fw_nrf54l obc-fw-nrf54l/src/flat_store.rs:1877)
326.724871 [INFO ] flat: Rides menu loaded 0 finished ride(s) (obc_fw_nrf54l obc-fw-nrf54l/src/flat_store.rs:1906)
327.048442 [INFO ] freeze: banner repaint rows 96..132 (obc_fw_nrf54l obc-fw-nrf54l/src/ride.rs:3035)
327.058478 [INFO ] ui frame: render 6676 us + push 9787 us (screen redraw, no map) (obc_fw_nrf54l obc-fw-nrf54l/src/ride.rs:3283)
327.461273 [INFO ] visit: complete searches=2 anchors=1664/3422/3422 arrival=1808 total=4964 (obc_fw_nrf54l obc-fw-nrf54l/src/visit.rs:565)
327.576649 [INFO ] flat: Route menu loaded 7 route(s) (obc_fw_nrf54l obc-fw-nrf54l/src/flat_store.rs:1832)
327.578180 [INFO ] flat: Route menu loaded 0 trip folder(s) (obc_fw_nrf54l obc-fw-nrf54l/src/flat_store.rs:1877)
327.579767 [INFO ] flat: Rides menu loaded 0 finished ride(s) (obc_fw_nrf54l obc-fw-nrf54l/src/flat_store.rs:1906)
327.618953 [INFO ] find: ready results=4 (obc_fw_nrf54l obc-fw-nrf54l/src/ride.rs:2917)
328.182412 [INFO ] map frame: render 517793 us + push 43200 us | lod 10 | feat 451/663 | chunks 15 | map-cache 0 hit / 15 miss (obc_fw_nrf54l obc-fw-nrf54l/src/ride.rs:3269)
