594.863904 [INFO ] input: Press on FindPlace (obc_fw_nrf54l obc-fw-nrf54l/src/ride.rs:2699)
595.148048 [INFO ] map frame: render 232787 us + push 50661 us | lod 13 | feat 9/136 | chunks 2 | map-cache 0 hit / 2 miss (obc_fw_nrf54l obc-fw-nrf54l/src/ride.rs:3269)
595.156995 [INFO ] freeze: banner repaint rows 96..132 (obc_fw_nrf54l obc-fw-nrf54l/src/ride.rs:3035)
595.167030 [INFO ] ui frame: render 6724 us + push 9786 us (screen redraw, no map) (obc_fw_nrf54l obc-fw-nrf54l/src/ride.rs:3283)
595.822160 [INFO ] visit: complete searches=2 anchors=1664/3565/3565 arrival=1904 total=4869 (obc_fw_nrf54l obc-fw-nrf54l/src/visit.rs:565)
595.912479 [INFO ] flat: Route menu loaded 3 route(s) (obc_fw_nrf54l obc-fw-nrf54l/src/flat_store.rs:1832)
595.913438 [INFO ] flat: Route menu loaded 0 trip folder(s) (obc_fw_nrf54l obc-fw-nrf54l/src/flat_store.rs:1877)
595.914426 [INFO ] flat: Rides menu loaded 0 finished ride(s) (obc_fw_nrf54l obc-fw-nrf54l/src/flat_store.rs:1906)
596.036496 [INFO ] freeze: banner repaint rows 96..132 (obc_fw_nrf54l obc-fw-nrf54l/src/ride.rs:3035)
596.046546 [INFO ] ui frame: render 6724 us + push 9799 us (screen redraw, no map) (obc_fw_nrf54l obc-fw-nrf54l/src/ride.rs:3283)
597.045511 [INFO ] freeze: banner repaint rows 96..132 (obc_fw_nrf54l obc-fw-nrf54l/src/ride.rs:3035)
597.055548 [INFO ] ui frame: render 6724 us + push 9788 us (screen redraw, no map) (obc_fw_nrf54l obc-fw-nrf54l/src/ride.rs:3283)
598.030370 [INFO ] freeze: banner repaint rows 96..132 (obc_fw_nrf54l obc-fw-nrf54l/src/ride.rs:3035)
598.040412 [INFO ] ui frame: render 6723 us + push 9792 us (screen redraw, no map) (obc_fw_nrf54l obc-fw-nrf54l/src/ride.rs:3283)
599.023967 [INFO ] freeze: banner repaint rows 96..132 (obc_fw_nrf54l obc-fw-nrf54l/src/ride.rs:3035)
599.034003 [INFO ] ui frame: render 6724 us + push 9787 us (screen redraw, no map) (obc_fw_nrf54l obc-fw-nrf54l/src/ride.rs:3283)
600.042396 [INFO ] freeze: banner repaint rows 96..132 (obc_fw_nrf54l obc-fw-nrf54l/src/ride.rs:3035)
600.052436 [INFO ] ui frame: render 6724 us + push 9789 us (screen redraw, no map) (obc_fw_nrf54l obc-fw-nrf54l/src/ride.rs:3283)
601.017465 [INFO ] freeze: banner repaint rows 96..132 (obc_fw_nrf54l obc-fw-nrf54l/src/ride.rs:3035)
601.027503 [INFO ] ui frame: render 6675 us + push 9789 us (screen redraw, no map) (obc_fw_nrf54l obc-fw-nrf54l/src/ride.rs:3283)
602.034702 [INFO ] freeze: banner repaint rows 96..132 (obc_fw_nrf54l obc-fw-nrf54l/src/ride.rs:3035)
602.044745 [INFO ] ui frame: render 6723 us + push 9794 us (screen redraw, no map) (obc_fw_nrf54l obc-fw-nrf54l/src/ride.rs:3283)
602.996286 [INFO ] visit: complete searches=2 anchors=1664/3009/3009 arrival=9309 total=20792 (obc_fw_nrf54l obc-fw-nrf54l/src/visit.rs:565)
603.231947 [INFO ] freeze: banner repaint rows 96..132 (obc_fw_nrf54l obc-fw-nrf54l/src/ride.rs:3035)
603.241982 [INFO ] ui frame: render 6725 us + push 9786 us (screen redraw, no map) (obc_fw_nrf54l obc-fw-nrf54l/src/ride.rs:3283)
603.261147 [INFO ] flat: Route menu loaded 4 route(s) (obc_fw_nrf54l obc-fw-nrf54l/src/flat_store.rs:1832)
603.262211 [INFO ] flat: Route menu loaded 0 trip folder(s) (obc_fw_nrf54l obc-fw-nrf54l/src/flat_store.rs:1877)
603.263309 [INFO ] flat: Rides menu loaded 0 finished ride(s) (obc_fw_nrf54l obc-fw-nrf54l/src/flat_store.rs:1906)
604.032770 [INFO ] freeze: banner repaint rows 96..132 (obc_fw_nrf54l obc-fw-nrf54l/src/ride.rs:3035)
604.042802 [INFO ] ui frame: render 6723 us + push 9786 us (screen redraw, no map) (obc_fw_nrf54l obc-fw-nrf54l/src/ride.rs:3283)
605.031819 [INFO ] freeze: banner repaint rows 96..132 (obc_fw_nrf54l obc-fw-nrf54l/src/ride.rs:3035)
605.041854 [INFO ] ui frame: render 6723 us + push 9786 us (screen redraw, no map) (obc_fw_nrf54l obc-fw-nrf54l/src/ride.rs:3283)
606.020042 [INFO ] freeze: banner repaint rows 96..132 (obc_fw_nrf54l obc-fw-nrf54l/src/ride.rs:3035)
606.030077 [INFO ] ui frame: render 6723 us + push 9785 us (screen redraw, no map) (obc_fw_nrf54l obc-fw-nrf54l/src/ride.rs:3283)
606.272033 [INFO ] find: ready results=1 (obc_fw_nrf54l obc-fw-nrf54l/src/ride.rs:2917)
606.800970 [INFO ] map frame: render 483291 us + push 43208 us | lod 11 | feat 487/852 | chunks 12 | map-cache 4 hit / 8 miss (obc_fw_nrf54l obc-fw-nrf54l/src/ride.rs:3269)
