588.178160 [INFO ] input: Press on FindPlace (obc_fw_nrf54l obc-fw-nrf54l/src/ride.rs:2699)
588.508124 [INFO ] map frame: render 278615 us + push 50653 us | lod 13 | feat 9/136 | chunks 2 | map-cache 0 hit / 2 miss (obc_fw_nrf54l obc-fw-nrf54l/src/ride.rs:3269)
589.045204 [INFO ] freeze: banner repaint rows 96..132 (obc_fw_nrf54l obc-fw-nrf54l/src/ride.rs:3035)
589.055304 [INFO ] ui frame: render 6676 us + push 9803 us (screen redraw, no map) (obc_fw_nrf54l obc-fw-nrf54l/src/ride.rs:3283)
589.227345 [INFO ] visit: complete searches=2 anchors=1664/2241/2241 arrival=793 total=5295 (obc_fw_nrf54l obc-fw-nrf54l/src/visit.rs:565)
589.321844 [INFO ] flat: Route menu loaded 3 route(s) (obc_fw_nrf54l obc-fw-nrf54l/src/flat_store.rs:1832)
589.322869 [INFO ] flat: Route menu loaded 0 trip folder(s) (obc_fw_nrf54l obc-fw-nrf54l/src/flat_store.rs:1877)
589.323922 [INFO ] flat: Rides menu loaded 0 finished ride(s) (obc_fw_nrf54l obc-fw-nrf54l/src/flat_store.rs:1906)
590.011675 [INFO ] freeze: banner repaint rows 96..132 (obc_fw_nrf54l obc-fw-nrf54l/src/ride.rs:3035)
590.021735 [INFO ] ui frame: render 6725 us + push 9811 us (screen redraw, no map) (obc_fw_nrf54l obc-fw-nrf54l/src/ride.rs:3283)
590.085099 [INFO ] visit: complete searches=2 anchors=1664/5373/5373 arrival=3758 total=4961 (obc_fw_nrf54l obc-fw-nrf54l/src/visit.rs:565)
590.181980 [INFO ] flat: Route menu loaded 4 route(s) (obc_fw_nrf54l obc-fw-nrf54l/src/flat_store.rs:1832)
590.183043 [INFO ] flat: Route menu loaded 0 trip folder(s) (obc_fw_nrf54l obc-fw-nrf54l/src/flat_store.rs:1877)
590.184143 [INFO ] flat: Rides menu loaded 0 finished ride(s) (obc_fw_nrf54l obc-fw-nrf54l/src/flat_store.rs:1906)
590.946258 [INFO ] visit: complete searches=2 anchors=1664/5374/5374 arrival=3771 total=4985 (obc_fw_nrf54l obc-fw-nrf54l/src/visit.rs:565)
591.045143 [INFO ] flat: Route menu loaded 5 route(s) (obc_fw_nrf54l obc-fw-nrf54l/src/flat_store.rs:1832)
591.046318 [INFO ] flat: Route menu loaded 0 trip folder(s) (obc_fw_nrf54l obc-fw-nrf54l/src/flat_store.rs:1877)
591.047460 [INFO ] flat: Rides menu loaded 0 finished ride(s) (obc_fw_nrf54l obc-fw-nrf54l/src/flat_store.rs:1906)
591.061165 [INFO ] freeze: banner repaint rows 96..132 (obc_fw_nrf54l obc-fw-nrf54l/src/ride.rs:3035)
591.071204 [INFO ] ui frame: render 6647 us + push 9790 us (screen redraw, no map) (obc_fw_nrf54l obc-fw-nrf54l/src/ride.rs:3283)
591.108081 [INFO ] find: ready results=3 (obc_fw_nrf54l obc-fw-nrf54l/src/ride.rs:2917)
591.598884 [INFO ] map frame: render 445197 us + push 43214 us | lod 11 | feat 454/614 | chunks 9 | map-cache 4 hit / 5 miss (obc_fw_nrf54l obc-fw-nrf54l/src/ride.rs:3269)
