329.624958 [INFO ] flat: Route menu loaded 2 route(s) (obc_fw_nrf54l obc-fw-nrf54l/src/flat_store.rs:1832)
329.625912 [INFO ] flat: Route menu loaded 0 trip folder(s) (obc_fw_nrf54l obc-fw-nrf54l/src/flat_store.rs:1877)
329.626858 [INFO ] flat: Rides menu loaded 0 finished ride(s) (obc_fw_nrf54l obc-fw-nrf54l/src/flat_store.rs:1906)
329.681016 [INFO ] map frame: render 38475 us + push 8585 us | lod 0 | feat 0/0 | chunks 0 | map-cache 0 hit / 0 miss (obc_fw_nrf54l obc-fw-nrf54l/src/ride.rs:3269)
329.742333 [INFO ] input: Press on FindPlace (obc_fw_nrf54l obc-fw-nrf54l/src/ride.rs:2699)
330.117781 [INFO ] map frame: render 324115 us + push 50638 us | lod 13 | feat 9/136 | chunks 2 | map-cache 0 hit / 2 miss (obc_fw_nrf54l obc-fw-nrf54l/src/ride.rs:3269)
330.126668 [INFO ] freeze: banner repaint rows 96..132 (obc_fw_nrf54l obc-fw-nrf54l/src/ride.rs:3035)
330.136756 [INFO ] ui frame: render 6675 us + push 9837 us (screen redraw, no map) (obc_fw_nrf54l obc-fw-nrf54l/src/ride.rs:3283)
330.813117 [INFO ] visit: complete searches=2 anchors=1664/2174/2174 arrival=637 total=5117 (obc_fw_nrf54l obc-fw-nrf54l/src/visit.rs:565)
330.905093 [INFO ] flat: Route menu loaded 3 route(s) (obc_fw_nrf54l obc-fw-nrf54l/src/flat_store.rs:1832)
330.906118 [INFO ] flat: Route menu loaded 0 trip folder(s) (obc_fw_nrf54l obc-fw-nrf54l/src/flat_store.rs:1877)
330.907158 [INFO ] flat: Rides menu loaded 0 finished ride(s) (obc_fw_nrf54l obc-fw-nrf54l/src/flat_store.rs:1906)
331.029940 [INFO ] freeze: banner repaint rows 96..132 (obc_fw_nrf54l obc-fw-nrf54l/src/ride.rs:3035)
331.039985 [INFO ] ui frame: render 6723 us + push 9794 us (screen redraw, no map) (obc_fw_nrf54l obc-fw-nrf54l/src/ride.rs:3283)
332.008212 [INFO ] freeze: banner repaint rows 96..132 (obc_fw_nrf54l obc-fw-nrf54l/src/ride.rs:3035)
332.018266 [INFO ] ui frame: render 6723 us + push 9805 us (screen redraw, no map) (obc_fw_nrf54l obc-fw-nrf54l/src/ride.rs:3283)
332.818879 [WARN ] SD: misaligned block buffer at 0x2005563f — bouncing (throughput cost) (obc_fw_nrf54l obc-fw-nrf54l/src/card_io.rs:20)
332.850986 [INFO ] visit: complete searches=2 anchors=1664/1664/1664 arrival=5852 total=16567 (obc_fw_nrf54l obc-fw-nrf54l/src/visit.rs:565)
333.058695 [INFO ] flat: Route menu loaded 4 route(s) (obc_fw_nrf54l obc-fw-nrf54l/src/flat_store.rs:1832)
333.059722 [INFO ] flat: Route menu loaded 0 trip folder(s) (obc_fw_nrf54l obc-fw-nrf54l/src/flat_store.rs:1877)
333.060805 [INFO ] flat: Rides menu loaded 0 finished ride(s) (obc_fw_nrf54l obc-fw-nrf54l/src/flat_store.rs:1906)
333.073323 [INFO ] freeze: banner repaint rows 96..132 (obc_fw_nrf54l obc-fw-nrf54l/src/ride.rs:3035)
333.083357 [INFO ] ui frame: render 6724 us + push 9785 us (screen redraw, no map) (obc_fw_nrf54l obc-fw-nrf54l/src/ride.rs:3283)
334.036326 [INFO ] freeze: banner repaint rows 96..132 (obc_fw_nrf54l obc-fw-nrf54l/src/ride.rs:3035)
334.046362 [INFO ] ui frame: render 6723 us + push 9786 us (screen redraw, no map) (obc_fw_nrf54l obc-fw-nrf54l/src/ride.rs:3283)
335.017301 [INFO ] freeze: banner repaint rows 96..132 (obc_fw_nrf54l obc-fw-nrf54l/src/ride.rs:3035)
335.027350 [INFO ] ui frame: render 6722 us + push 9799 us (screen redraw, no map) (obc_fw_nrf54l obc-fw-nrf54l/src/ride.rs:3283)
336.007835 [INFO ] freeze: banner repaint rows 96..132 (obc_fw_nrf54l obc-fw-nrf54l/src/ride.rs:3035)
336.017872 [INFO ] ui frame: render 6723 us + push 9788 us (screen redraw, no map) (obc_fw_nrf54l obc-fw-nrf54l/src/ride.rs:3283)
336.889712 [INFO ] visit: complete searches=2 anchors=1664/3009/3009 arrival=6500 total=15173 (obc_fw_nrf54l obc-fw-nrf54l/src/visit.rs:565)
337.557205 [INFO ] freeze: banner repaint rows 96..132 (obc_fw_nrf54l obc-fw-nrf54l/src/ride.rs:3035)
337.567240 [INFO ] ui frame: render 6722 us + push 9786 us (screen redraw, no map) (obc_fw_nrf54l obc-fw-nrf54l/src/ride.rs:3283)
337.589798 [INFO ] flat: Route menu loaded 5 route(s) (obc_fw_nrf54l obc-fw-nrf54l/src/flat_store.rs:1832)
337.590896 [INFO ] flat: Route menu loaded 0 trip folder(s) (obc_fw_nrf54l obc-fw-nrf54l/src/flat_store.rs:1877)
337.592039 [INFO ] flat: Rides menu loaded 0 finished ride(s) (obc_fw_nrf54l obc-fw-nrf54l/src/flat_store.rs:1906)
337.636650 [INFO ] find: ready results=1 (obc_fw_nrf54l obc-fw-nrf54l/src/ride.rs:2917)
338.016985 [INFO ] map frame: render 334744 us + push 43202 us | lod 11 | feat 300/485 | chunks 7 | map-cache 0 hit / 7 miss (obc_fw_nrf54l obc-fw-nrf54l/src/ride.rs:3269)
