312.811258 [INFO ] input: Press on FindPlace (obc_fw_nrf54l obc-fw-nrf54l/src/ride.rs:2699)
313.574187 [INFO ] map frame: render 711587 us + push 50646 us | lod 13 | feat 9/136 | chunks 2 | map-cache 2 hit / 0 miss (obc_fw_nrf54l obc-fw-nrf54l/src/ride.rs:3269)
313.575020 [INFO ] stack high-water 32900 / 50008 B (new peak) (obc_fw_nrf54l obc-fw-nrf54l/src/ride.rs:992)
313.608256 [INFO ] freeze: banner repaint rows 96..132 (obc_fw_nrf54l obc-fw-nrf54l/src/ride.rs:3035)
313.618294 [INFO ] ui frame: render 6726 us + push 9789 us (screen redraw, no map) (obc_fw_nrf54l obc-fw-nrf54l/src/ride.rs:3283)
314.034667 [INFO ] freeze: banner repaint rows 96..132 (obc_fw_nrf54l obc-fw-nrf54l/src/ride.rs:3035)
314.044714 [INFO ] ui frame: render 6725 us + push 9798 us (screen redraw, no map) (obc_fw_nrf54l obc-fw-nrf54l/src/ride.rs:3283)
314.208119 [INFO ] visit: complete searches=2 anchors=1664/1681/1681 arrival=17 total=4863 (obc_fw_nrf54l obc-fw-nrf54l/src/visit.rs:565)
314.312336 [INFO ] flat: Route menu loaded 3 route(s) (obc_fw_nrf54l obc-fw-nrf54l/src/flat_store.rs:1832)
314.313342 [INFO ] flat: Route menu loaded 0 trip folder(s) (obc_fw_nrf54l obc-fw-nrf54l/src/flat_store.rs:1877)
314.314331 [INFO ] flat: Rides menu loaded 0 finished ride(s) (obc_fw_nrf54l obc-fw-nrf54l/src/flat_store.rs:1906)
315.027861 [INFO ] freeze: banner repaint rows 96..132 (obc_fw_nrf54l obc-fw-nrf54l/src/ride.rs:3035)
315.037943 [INFO ] ui frame: render 6676 us + push 9832 us (screen redraw, no map) (obc_fw_nrf54l obc-fw-nrf54l/src/ride.rs:3283)
315.079753 [INFO ] visit: complete searches=2 anchors=1664/2142/2142 arrival=489 total=4885 (obc_fw_nrf54l obc-fw-nrf54l/src/visit.rs:565)
315.173660 [INFO ] flat: Route menu loaded 4 route(s) (obc_fw_nrf54l obc-fw-nrf54l/src/flat_store.rs:1832)
315.174658 [INFO ] flat: Route menu loaded 0 trip folder(s) (obc_fw_nrf54l obc-fw-nrf54l/src/flat_store.rs:1877)
315.175692 [INFO ] flat: Rides menu loaded 0 finished ride(s) (obc_fw_nrf54l obc-fw-nrf54l/src/flat_store.rs:1906)
315.782374 [INFO ] visit: complete searches=2 anchors=1664/1664/1664 arrival=254 total=5372 (obc_fw_nrf54l obc-fw-nrf54l/src/visit.rs:565)
315.892554 [INFO ] flat: Route menu loaded 5 route(s) (obc_fw_nrf54l obc-fw-nrf54l/src/flat_store.rs:1832)
315.893589 [INFO ] flat: Route menu loaded 0 trip folder(s) (obc_fw_nrf54l obc-fw-nrf54l/src/flat_store.rs:1877)
315.894670 [INFO ] flat: Rides menu loaded 0 finished ride(s) (obc_fw_nrf54l obc-fw-nrf54l/src/flat_store.rs:1906)
316.021738 [INFO ] freeze: banner repaint rows 96..132 (obc_fw_nrf54l obc-fw-nrf54l/src/ride.rs:3035)
316.031776 [INFO ] ui frame: render 6723 us + push 9788 us (screen redraw, no map) (obc_fw_nrf54l obc-fw-nrf54l/src/ride.rs:3283)
316.788899 [INFO ] visit: complete searches=2 anchors=1664/2368/2368 arrival=1434 total=6323 (obc_fw_nrf54l obc-fw-nrf54l/src/visit.rs:565)
316.903571 [INFO ] flat: Route menu loaded 6 route(s) (obc_fw_nrf54l obc-fw-nrf54l/src/flat_store.rs:1832)
316.905064 [INFO ] flat: Route menu loaded 0 trip folder(s) (obc_fw_nrf54l obc-fw-nrf54l/src/flat_store.rs:1877)
316.906636 [INFO ] flat: Rides menu loaded 0 finished ride(s) (obc_fw_nrf54l obc-fw-nrf54l/src/flat_store.rs:1906)
317.033449 [INFO ] freeze: banner repaint rows 96..132 (obc_fw_nrf54l obc-fw-nrf54l/src/ride.rs:3035)
317.043494 [INFO ] ui frame: render 6723 us + push 9794 us (screen redraw, no map) (obc_fw_nrf54l obc-fw-nrf54l/src/ride.rs:3283)
317.650939 [INFO ] visit: complete searches=2 anchors=1664/1664/1664 arrival=802 total=6468 (obc_fw_nrf54l obc-fw-nrf54l/src/visit.rs:565)
317.777484 [INFO ] flat: Route menu loaded 7 route(s) (obc_fw_nrf54l obc-fw-nrf54l/src/flat_store.rs:1832)
317.779012 [INFO ] flat: Route menu loaded 0 trip folder(s) (obc_fw_nrf54l obc-fw-nrf54l/src/flat_store.rs:1877)
317.780600 [INFO ] flat: Rides menu loaded 0 finished ride(s) (obc_fw_nrf54l obc-fw-nrf54l/src/flat_store.rs:1906)
318.093090 [INFO ] freeze: banner repaint rows 96..132 (obc_fw_nrf54l obc-fw-nrf54l/src/ride.rs:3035)
318.103126 [INFO ] ui frame: render 6723 us + push 9785 us (screen redraw, no map) (obc_fw_nrf54l obc-fw-nrf54l/src/ride.rs:3283)
318.517159 [INFO ] visit: complete searches=2 anchors=1664/2445/2445 arrival=970 total=5240 (obc_fw_nrf54l obc-fw-nrf54l/src/visit.rs:565)
318.638165 [INFO ] flat: Route menu loaded 8 route(s) (obc_fw_nrf54l obc-fw-nrf54l/src/flat_store.rs:1832)
318.639639 [INFO ] flat: Route menu loaded 0 trip folder(s) (obc_fw_nrf54l obc-fw-nrf54l/src/flat_store.rs:1877)
318.641176 [INFO ] flat: Rides menu loaded 0 finished ride(s) (obc_fw_nrf54l obc-fw-nrf54l/src/flat_store.rs:1906)
319.016954 [INFO ] freeze: banner repaint rows 96..132 (obc_fw_nrf54l obc-fw-nrf54l/src/ride.rs:3035)
319.027014 [INFO ] ui frame: render 6723 us + push 9811 us (screen redraw, no map) (obc_fw_nrf54l obc-fw-nrf54l/src/ride.rs:3283)
319.409601 [INFO ] visit: complete searches=2 anchors=1664/5356/5356 arrival=3739 total=4958 (obc_fw_nrf54l obc-fw-nrf54l/src/visit.rs:565)
319.533513 [INFO ] flat: Route menu loaded 9 route(s) (obc_fw_nrf54l obc-fw-nrf54l/src/flat_store.rs:1832)
319.535118 [INFO ] flat: Route menu loaded 0 trip folder(s) (obc_fw_nrf54l obc-fw-nrf54l/src/flat_store.rs:1877)
319.536779 [INFO ] flat: Rides menu loaded 0 finished ride(s) (obc_fw_nrf54l obc-fw-nrf54l/src/flat_store.rs:1906)
319.582221 [INFO ] find: ready results=4 (obc_fw_nrf54l obc-fw-nrf54l/src/ride.rs:2917)
320.170055 [INFO ] map frame: render 542246 us + push 43198 us | lod 11 | feat 551/852 | chunks 12 | map-cache 0 hit / 12 miss (obc_fw_nrf54l obc-fw-nrf54l/src/ride.rs:3269)
320.171881 [INFO ] stack high-water 34036 / 50008 B (new peak) (obc_fw_nrf54l obc-fw-nrf54l/src/ride.rs:992)
