30.134146 [INFO ] input: Press on FindPlace (obc_fw_nrf54l obc-fw-nrf54l/src/ride.rs:2699)
30.594456 [INFO ] map frame: render 408953 us + push 50660 us | lod 13 | feat 9/136 | chunks 2 | map-cache 1 hit / 1 miss (obc_fw_nrf54l obc-fw-nrf54l/src/ride.rs:3269)
30.595201 [INFO ] stack high-water 34632 / 50000 B (new peak) (obc_fw_nrf54l obc-fw-nrf54l/src/ride.rs:992)
31.019382 [INFO ] freeze: banner repaint rows 88..144 (obc_fw_nrf54l obc-fw-nrf54l/src/ride.rs:3035)
31.031590 [INFO ] ui frame: render 8152 us + push 11960 us (screen redraw, no map) (obc_fw_nrf54l obc-fw-nrf54l/src/ride.rs:3283)
31.330706 [INFO ] visit: complete searches=2 anchors=1664/3565/3565 arrival=1904 total=4869 (obc_fw_nrf54l obc-fw-nrf54l/src/visit.rs:565)
31.437126 [INFO ] flat: Route menu loaded 3 route(s) (obc_fw_nrf54l obc-fw-nrf54l/src/flat_store.rs:1832)
31.438200 [INFO ] flat: Route menu loaded 0 trip folder(s) (obc_fw_nrf54l obc-fw-nrf54l/src/flat_store.rs:1877)
31.439304 [INFO ] flat: Rides menu loaded 0 finished ride(s) (obc_fw_nrf54l obc-fw-nrf54l/src/flat_store.rs:1906)
32.046737 [INFO ] freeze: banner repaint rows 88..144 (obc_fw_nrf54l obc-fw-nrf54l/src/ride.rs:3035)
32.057591 [INFO ] ui frame: render 8148 us + push 10606 us (screen redraw, no map) (obc_fw_nrf54l obc-fw-nrf54l/src/ride.rs:3283)
33.025055 [INFO ] freeze: banner repaint rows 88..144 (obc_fw_nrf54l obc-fw-nrf54l/src/ride.rs:3035)
33.037266 [INFO ] ui frame: render 8171 us + push 11963 us (screen redraw, no map) (obc_fw_nrf54l obc-fw-nrf54l/src/ride.rs:3283)
34.040687 [INFO ] freeze: banner repaint rows 88..144 (obc_fw_nrf54l obc-fw-nrf54l/src/ride.rs:3035)
34.052895 [INFO ] ui frame: render 8153 us + push 11960 us (screen redraw, no map) (obc_fw_nrf54l obc-fw-nrf54l/src/ride.rs:3283)
35.024184 [INFO ] freeze: banner repaint rows 88..144 (obc_fw_nrf54l obc-fw-nrf54l/src/ride.rs:3035)
35.035039 [INFO ] ui frame: render 8147 us + push 10606 us (screen redraw, no map) (obc_fw_nrf54l obc-fw-nrf54l/src/ride.rs:3283)
36.027909 [INFO ] freeze: banner repaint rows 88..144 (obc_fw_nrf54l obc-fw-nrf54l/src/ride.rs:3035)
36.040118 [INFO ] ui frame: render 8172 us + push 11961 us (screen redraw, no map) (obc_fw_nrf54l obc-fw-nrf54l/src/ride.rs:3283)
37.024575 [INFO ] freeze: banner repaint rows 88..144 (obc_fw_nrf54l obc-fw-nrf54l/src/ride.rs:3035)
37.036785 [INFO ] ui frame: render 8152 us + push 11962 us (screen redraw, no map) (obc_fw_nrf54l obc-fw-nrf54l/src/ride.rs:3283)
38.023296 [INFO ] freeze: banner repaint rows 88..144 (obc_fw_nrf54l obc-fw-nrf54l/src/ride.rs:3035)
38.034153 [INFO ] ui frame: render 8149 us + push 10608 us (screen redraw, no map) (obc_fw_nrf54l obc-fw-nrf54l/src/ride.rs:3283)
38.667226 [WARN ] SD: misaligned block buffer at 0x20055647 — bouncing (throughput cost) (obc_fw_nrf54l obc-fw-nrf54l/src/card_io.rs:20)
38.719545 [INFO ] visit: complete searches=2 anchors=1664/3009/3009 arrival=9309 total=20792 (obc_fw_nrf54l obc-fw-nrf54l/src/visit.rs:565)
38.968373 [INFO ] flat: Route menu loaded 4 route(s) (obc_fw_nrf54l obc-fw-nrf54l/src/flat_store.rs:1832)
38.969487 [INFO ] flat: Route menu loaded 0 trip folder(s) (obc_fw_nrf54l obc-fw-nrf54l/src/flat_store.rs:1877)
38.970639 [INFO ] flat: Rides menu loaded 0 finished ride(s) (obc_fw_nrf54l obc-fw-nrf54l/src/flat_store.rs:1906)
39.012433 [INFO ] freeze: banner repaint rows 88..144 (obc_fw_nrf54l obc-fw-nrf54l/src/ride.rs:3035)
39.024693 [INFO ] ui frame: render 8172 us + push 12012 us (screen redraw, no map) (obc_fw_nrf54l obc-fw-nrf54l/src/ride.rs:3283)
40.034477 [INFO ] freeze: banner repaint rows 88..144 (obc_fw_nrf54l obc-fw-nrf54l/src/ride.rs:3035)
40.046696 [INFO ] ui frame: render 8152 us + push 11971 us (screen redraw, no map) (obc_fw_nrf54l obc-fw-nrf54l/src/ride.rs:3283)
41.053517 [INFO ] freeze: banner repaint rows 88..144 (obc_fw_nrf54l obc-fw-nrf54l/src/ride.rs:3035)
41.064427 [INFO ] ui frame: render 8147 us + push 10662 us (screen redraw, no map) (obc_fw_nrf54l obc-fw-nrf54l/src/ride.rs:3283)
42.050226 [INFO ] freeze: banner repaint rows 88..144 (obc_fw_nrf54l obc-fw-nrf54l/src/ride.rs:3035)
42.062484 [INFO ] ui frame: render 8172 us + push 12008 us (screen redraw, no map) (obc_fw_nrf54l obc-fw-nrf54l/src/ride.rs:3283)
42.129491 [INFO ] find: ready results=1 (obc_fw_nrf54l obc-fw-nrf54l/src/ride.rs:2917)
42.688960 [INFO ] map frame: render 513489 us + push 43202 us | lod 11 | feat 487/852 | chunks 12 | map-cache 0 hit / 12 miss (obc_fw_nrf54l obc-fw-nrf54l/src/ride.rs:3269)
