40.932664 [INFO ] input: Press on FindPlace (obc_fw_nrf54l obc-fw-nrf54l/src/ride.rs:2689)
41.695569 [INFO ] map frame: render 711541 us + push 50693 us | lod 13 | feat 9/136 | chunks 2 | map-cache 2 hit / 0 miss (obc_fw_nrf54l obc-fw-nrf54l/src/ride.rs:3236)
41.800238 [INFO ] map frame: render 92477 us + push 9817 us | lod 13 | feat 9/136 | chunks 2 | map-cache 2 hit / 0 miss (obc_fw_nrf54l obc-fw-nrf54l/src/ride.rs:3236)
41.932107 [INFO ] map frame: render 98402 us + push 8586 us | lod 13 | feat 9/136 | chunks 2 | map-cache 2 hit / 0 miss (obc_fw_nrf54l obc-fw-nrf54l/src/ride.rs:3236)
42.007711 [INFO ] freeze: banner repaint rows 96..132 (obc_fw_nrf54l obc-fw-nrf54l/src/ride.rs:3006)
42.017743 [INFO ] ui frame: render 6673 us + push 9788 us (screen redraw, no map) (obc_fw_nrf54l obc-fw-nrf54l/src/ride.rs:3250)
42.474426 [INFO ] visit: complete searches=2 anchors=1664/1681/1681 arrival=17 total=4863 (obc_fw_nrf54l obc-fw-nrf54l/src/visit.rs:565)
42.924882 [INFO ] flat: Route menu loaded 3 route(s) (obc_fw_nrf54l obc-fw-nrf54l/src/flat_store.rs:1830)
42.998530 [INFO ] flat: Route menu loaded 3 route(s) (obc_fw_nrf54l obc-fw-nrf54l/src/flat_store.rs:1830)
42.999553 [INFO ] flat: Route menu loaded 0 trip folder(s) (obc_fw_nrf54l obc-fw-nrf54l/src/flat_store.rs:1875)
43.000606 [INFO ] flat: Rides menu loaded 0 finished ride(s) (obc_fw_nrf54l obc-fw-nrf54l/src/flat_store.rs:1904)
43.086428 [INFO ] map frame: render 68912 us + push 8586 us | lod 13 | feat 9/136 | chunks 2 | map-cache 2 hit / 0 miss (obc_fw_nrf54l obc-fw-nrf54l/src/ride.rs:3236)
43.165958 [INFO ] map frame: render 67315 us + push 9785 us | lod 13 | feat 9/136 | chunks 2 | map-cache 2 hit / 0 miss (obc_fw_nrf54l obc-fw-nrf54l/src/ride.rs:3236)
43.247361 [INFO ] map frame: render 67420 us + push 8585 us | lod 13 | feat 9/136 | chunks 2 | map-cache 2 hit / 0 miss (obc_fw_nrf54l obc-fw-nrf54l/src/ride.rs:3236)
43.723290 [INFO ] map frame: render 67381 us + push 8587 us | lod 13 | feat 9/136 | chunks 2 | map-cache 2 hit / 0 miss (obc_fw_nrf54l obc-fw-nrf54l/src/ride.rs:3236)
43.801678 [INFO ] map frame: render 67420 us + push 8587 us | lod 13 | feat 9/136 | chunks 2 | map-cache 2 hit / 0 miss (obc_fw_nrf54l obc-fw-nrf54l/src/ride.rs:3236)
43.981589 [INFO ] stack high-water 35816 / 49592 B (new peak) (obc_fw_nrf54l obc-fw-nrf54l/src/ride.rs:991)
44.017216 [INFO ] freeze: banner repaint rows 96..132 (obc_fw_nrf54l obc-fw-nrf54l/src/ride.rs:3006)
44.030192 [INFO ] ui frame: render 6673 us + push 12732 us (screen redraw, no map) (obc_fw_nrf54l obc-fw-nrf54l/src/ride.rs:3250)
44.303532 [INFO ] visit: complete searches=2 anchors=1664/1664/1664 arrival=254 total=5372 (obc_fw_nrf54l obc-fw-nrf54l/src/visit.rs:565)
44.341108 [INFO ] flat: Route menu loaded 4 route(s) (obc_fw_nrf54l obc-fw-nrf54l/src/flat_store.rs:1830)
44.417713 [INFO ] flat: Route menu loaded 4 route(s) (obc_fw_nrf54l obc-fw-nrf54l/src/flat_store.rs:1830)
44.418712 [INFO ] flat: Route menu loaded 0 trip folder(s) (obc_fw_nrf54l obc-fw-nrf54l/src/flat_store.rs:1875)
44.419770 [INFO ] flat: Rides menu loaded 0 finished ride(s) (obc_fw_nrf54l obc-fw-nrf54l/src/flat_store.rs:1904)
44.505315 [INFO ] map frame: render 68888 us + push 8586 us | lod 13 | feat 9/136 | chunks 2 | map-cache 2 hit / 0 miss (obc_fw_nrf54l obc-fw-nrf54l/src/ride.rs:3236)
44.583623 [INFO ] map frame: render 67372 us + push 8586 us | lod 13 | feat 9/136 | chunks 2 | map-cache 2 hit / 0 miss (obc_fw_nrf54l obc-fw-nrf54l/src/ride.rs:3236)
44.664901 [INFO ] map frame: render 67380 us + push 8585 us | lod 13 | feat 9/136 | chunks 2 | map-cache 2 hit / 0 miss (obc_fw_nrf54l obc-fw-nrf54l/src/ride.rs:3236)
45.010797 [INFO ] freeze: banner repaint rows 96..132 (obc_fw_nrf54l obc-fw-nrf54l/src/ride.rs:3006)
45.020827 [INFO ] ui frame: render 6721 us + push 9785 us (screen redraw, no map) (obc_fw_nrf54l obc-fw-nrf54l/src/ride.rs:3250)
45.506426 [INFO ] visit: complete searches=2 anchors=1664/2368/2368 arrival=1434 total=6323 (obc_fw_nrf54l obc-fw-nrf54l/src/visit.rs:565)
45.548388 [INFO ] flat: Route menu loaded 5 route(s) (obc_fw_nrf54l obc-fw-nrf54l/src/flat_store.rs:1830)
45.640211 [INFO ] flat: Route menu loaded 5 route(s) (obc_fw_nrf54l obc-fw-nrf54l/src/flat_store.rs:1830)
45.641296 [INFO ] flat: Route menu loaded 0 trip folder(s) (obc_fw_nrf54l obc-fw-nrf54l/src/flat_store.rs:1875)
45.642374 [INFO ] flat: Rides menu loaded 0 finished ride(s) (obc_fw_nrf54l obc-fw-nrf54l/src/flat_store.rs:1904)
45.728673 [INFO ] map frame: render 68860 us + push 8586 us | lod 13 | feat 9/136 | chunks 2 | map-cache 2 hit / 0 miss (obc_fw_nrf54l obc-fw-nrf54l/src/ride.rs:3236)
45.806958 [INFO ] map frame: render 67321 us + push 8615 us | lod 13 | feat 9/136 | chunks 2 | map-cache 2 hit / 0 miss (obc_fw_nrf54l obc-fw-nrf54l/src/ride.rs:3236)
45.888223 [INFO ] map frame: render 67371 us + push 8586 us | lod 13 | feat 9/136 | chunks 2 | map-cache 2 hit / 0 miss (obc_fw_nrf54l obc-fw-nrf54l/src/ride.rs:3236)
46.053015 [INFO ] freeze: banner repaint rows 96..132 (obc_fw_nrf54l obc-fw-nrf54l/src/ride.rs:3006)
46.063056 [INFO ] ui frame: render 6721 us + push 9796 us (screen redraw, no map) (obc_fw_nrf54l obc-fw-nrf54l/src/ride.rs:3250)
46.566954 [INFO ] visit: complete searches=2 anchors=1664/1664/1664 arrival=802 total=6468 (obc_fw_nrf54l obc-fw-nrf54l/src/visit.rs:565)
46.617616 [INFO ] flat: Route menu loaded 6 route(s) (obc_fw_nrf54l obc-fw-nrf54l/src/flat_store.rs:1830)
46.718992 [INFO ] flat: Route menu loaded 6 route(s) (obc_fw_nrf54l obc-fw-nrf54l/src/flat_store.rs:1830)
46.720484 [INFO ] flat: Route menu loaded 0 trip folder(s) (obc_fw_nrf54l obc-fw-nrf54l/src/flat_store.rs:1875)
46.722026 [INFO ] flat: Rides menu loaded 0 finished ride(s) (obc_fw_nrf54l obc-fw-nrf54l/src/flat_store.rs:1904)
46.809461 [INFO ] map frame: render 68904 us + push 8587 us | lod 13 | feat 9/136 | chunks 2 | map-cache 2 hit / 0 miss (obc_fw_nrf54l obc-fw-nrf54l/src/ride.rs:3236)
46.887803 [INFO ] map frame: render 67374 us + push 8586 us | lod 13 | feat 9/136 | chunks 2 | map-cache 2 hit / 0 miss (obc_fw_nrf54l obc-fw-nrf54l/src/ride.rs:3236)
46.969208 [INFO ] map frame: render 67422 us + push 8597 us | lod 13 | feat 9/136 | chunks 2 | map-cache 2 hit / 0 miss (obc_fw_nrf54l obc-fw-nrf54l/src/ride.rs:3236)
47.040963 [INFO ] stack high-water 35896 / 49592 B (new peak) (obc_fw_nrf54l obc-fw-nrf54l/src/ride.rs:991)
47.048724 [INFO ] freeze: banner repaint rows 96..132 (obc_fw_nrf54l obc-fw-nrf54l/src/ride.rs:3006)
47.058752 [INFO ] ui frame: render 6721 us + push 9785 us (screen redraw, no map) (obc_fw_nrf54l obc-fw-nrf54l/src/ride.rs:3250)
47.653926 [INFO ] visit: complete searches=2 anchors=1664/2445/2445 arrival=970 total=5240 (obc_fw_nrf54l obc-fw-nrf54l/src/visit.rs:565)
47.713604 [INFO ] flat: Route menu loaded 7 route(s) (obc_fw_nrf54l obc-fw-nrf54l/src/flat_store.rs:1830)
47.818706 [INFO ] flat: Route menu loaded 7 route(s) (obc_fw_nrf54l obc-fw-nrf54l/src/flat_store.rs:1830)
47.820139 [INFO ] flat: Route menu loaded 0 trip folder(s) (obc_fw_nrf54l obc-fw-nrf54l/src/flat_store.rs:1875)
47.821632 [INFO ] flat: Rides menu loaded 0 finished ride(s) (obc_fw_nrf54l obc-fw-nrf54l/src/flat_store.rs:1904)
47.910130 [INFO ] map frame: render 68906 us + push 8586 us | lod 13 | feat 9/136 | chunks 2 | map-cache 2 hit / 0 miss (obc_fw_nrf54l obc-fw-nrf54l/src/ride.rs:3236)
47.988437 [INFO ] map frame: render 67374 us + push 8586 us | lod 13 | feat 9/136 | chunks 2 | map-cache 2 hit / 0 miss (obc_fw_nrf54l obc-fw-nrf54l/src/ride.rs:3236)
48.069785 [INFO ] map frame: render 67457 us + push 8595 us | lod 13 | feat 9/136 | chunks 2 | map-cache 2 hit / 0 miss (obc_fw_nrf54l obc-fw-nrf54l/src/ride.rs:3236)
48.079384 [INFO ] freeze: banner repaint rows 96..132 (obc_fw_nrf54l obc-fw-nrf54l/src/ride.rs:3006)
48.089423 [INFO ] ui frame: render 6722 us + push 9794 us (screen redraw, no map) (obc_fw_nrf54l obc-fw-nrf54l/src/ride.rs:3250)
48.793231 [INFO ] visit: complete searches=2 anchors=1664/5356/5356 arrival=3739 total=4958 (obc_fw_nrf54l obc-fw-nrf54l/src/visit.rs:565)
48.861668 [INFO ] flat: Route menu loaded 8 route(s) (obc_fw_nrf54l obc-fw-nrf54l/src/flat_store.rs:1830)
48.974786 [INFO ] flat: Route menu loaded 8 route(s) (obc_fw_nrf54l obc-fw-nrf54l/src/flat_store.rs:1830)
48.976370 [INFO ] flat: Route menu loaded 0 trip folder(s) (obc_fw_nrf54l obc-fw-nrf54l/src/flat_store.rs:1875)
48.978002 [INFO ] flat: Rides menu loaded 0 finished ride(s) (obc_fw_nrf54l obc-fw-nrf54l/src/flat_store.rs:1904)
49.067157 [INFO ] map frame: render 68910 us + push 8596 us | lod 13 | feat 9/136 | chunks 2 | map-cache 2 hit / 0 miss (obc_fw_nrf54l obc-fw-nrf54l/src/ride.rs:3236)
49.146891 [INFO ] map frame: render 67371 us + push 9788 us | lod 13 | feat 9/136 | chunks 2 | map-cache 2 hit / 0 miss (obc_fw_nrf54l obc-fw-nrf54l/src/ride.rs:3236)
49.228906 [INFO ] map frame: render 67381 us + push 8585 us | lod 13 | feat 9/136 | chunks 2 | map-cache 2 hit / 0 miss (obc_fw_nrf54l obc-fw-nrf54l/src/ride.rs:3236)
50.014872 [INFO ] freeze: banner repaint rows 96..132 (obc_fw_nrf54l obc-fw-nrf54l/src/ride.rs:3006)
50.024939 [INFO ] ui frame: render 6721 us + push 9824 us (screen redraw, no map) (obc_fw_nrf54l obc-fw-nrf54l/src/ride.rs:3250)
50.157134 [INFO ] visit: complete searches=2 anchors=1664/1664/1664 arrival=1264 total=7390 (obc_fw_nrf54l obc-fw-nrf54l/src/visit.rs:565)
50.229800 [INFO ] flat: Route menu loaded 9 route(s) (obc_fw_nrf54l obc-fw-nrf54l/src/flat_store.rs:1830)
50.360358 [INFO ] flat: Route menu loaded 9 route(s) (obc_fw_nrf54l obc-fw-nrf54l/src/flat_store.rs:1830)
50.361962 [INFO ] flat: Route menu loaded 0 trip folder(s) (obc_fw_nrf54l obc-fw-nrf54l/src/flat_store.rs:1875)
50.363638 [INFO ] flat: Rides menu loaded 0 finished ride(s) (obc_fw_nrf54l obc-fw-nrf54l/src/flat_store.rs:1904)
50.451425 [INFO ] map frame: render 68932 us + push 8587 us | lod 13 | feat 9/136 | chunks 2 | map-cache 2 hit / 0 miss (obc_fw_nrf54l obc-fw-nrf54l/src/ride.rs:3236)
50.529767 [INFO ] map frame: render 67371 us + push 8586 us | lod 13 | feat 9/136 | chunks 2 | map-cache 2 hit / 0 miss (obc_fw_nrf54l obc-fw-nrf54l/src/ride.rs:3236)
50.611179 [INFO ] map frame: render 67375 us + push 8586 us | lod 13 | feat 9/136 | chunks 2 | map-cache 2 hit / 0 miss (obc_fw_nrf54l obc-fw-nrf54l/src/ride.rs:3236)
51.009650 [INFO ] freeze: banner repaint rows 96..132 (obc_fw_nrf54l obc-fw-nrf54l/src/ride.rs:3006)
51.019690 [INFO ] ui frame: render 6720 us + push 9796 us (screen redraw, no map) (obc_fw_nrf54l obc-fw-nrf54l/src/ride.rs:3250)
51.353564 [INFO ] visit: complete searches=2 anchors=1664/3772/3772 arrival=2146 total=4939 (obc_fw_nrf54l obc-fw-nrf54l/src/visit.rs:565)
51.438780 [INFO ] flat: Route menu loaded 10 route(s) (obc_fw_nrf54l obc-fw-nrf54l/src/flat_store.rs:1830)
51.566975 [INFO ] flat: Route menu loaded 10 route(s) (obc_fw_nrf54l obc-fw-nrf54l/src/flat_store.rs:1830)
51.568873 [INFO ] flat: Route menu loaded 0 trip folder(s) (obc_fw_nrf54l obc-fw-nrf54l/src/flat_store.rs:1875)
51.570823 [INFO ] flat: Rides menu loaded 0 finished ride(s) (obc_fw_nrf54l obc-fw-nrf54l/src/flat_store.rs:1904)
51.658902 [INFO ] map frame: render 68858 us + push 8586 us | lod 13 | feat 9/136 | chunks 2 | map-cache 2 hit / 0 miss (obc_fw_nrf54l obc-fw-nrf54l/src/ride.rs:3236)
51.737159 [INFO ] map frame: render 67322 us + push 8587 us | lod 13 | feat 9/136 | chunks 2 | map-cache 2 hit / 0 miss (obc_fw_nrf54l obc-fw-nrf54l/src/ride.rs:3236)
51.849472 [INFO ] map frame: render 67384 us + push 8587 us | lod 13 | feat 9/136 | chunks 2 | map-cache 2 hit / 0 miss (obc_fw_nrf54l obc-fw-nrf54l/src/ride.rs:3236)
52.099920 [INFO ] freeze: banner repaint rows 96..132 (obc_fw_nrf54l obc-fw-nrf54l/src/ride.rs:3006)
52.109951 [INFO ] ui frame: render 6721 us + push 9788 us (screen redraw, no map) (obc_fw_nrf54l obc-fw-nrf54l/src/ride.rs:3250)
52.492810 [INFO ] visit: complete searches=2 anchors=1664/2636/2636 arrival=972 total=4864 (obc_fw_nrf54l obc-fw-nrf54l/src/visit.rs:565)
53.011186 [INFO ] flat: Route menu loaded 11 route(s) (obc_fw_nrf54l obc-fw-nrf54l/src/flat_store.rs:1830)
53.140273 [INFO ] flat: Route menu loaded 11 route(s) (obc_fw_nrf54l obc-fw-nrf54l/src/flat_store.rs:1830)
53.142182 [INFO ] flat: Route menu loaded 0 trip folder(s) (obc_fw_nrf54l obc-fw-nrf54l/src/flat_store.rs:1875)
53.144182 [INFO ] flat: Rides menu loaded 0 finished ride(s) (obc_fw_nrf54l obc-fw-nrf54l/src/flat_store.rs:1904)
53.233625 [INFO ] map frame: render 68867 us + push 9793 us | lod 13 | feat 9/136 | chunks 2 | map-cache 2 hit / 0 miss (obc_fw_nrf54l obc-fw-nrf54l/src/ride.rs:3236)
53.313025 [INFO ] map frame: render 67345 us + push 8589 us | lod 13 | feat 9/136 | chunks 2 | map-cache 2 hit / 0 miss (obc_fw_nrf54l obc-fw-nrf54l/src/ride.rs:3236)
53.394342 [INFO ] map frame: render 67377 us + push 8586 us | lod 13 | feat 9/136 | chunks 2 | map-cache 2 hit / 0 miss (obc_fw_nrf54l obc-fw-nrf54l/src/ride.rs:3236)
54.061014 [INFO ] freeze: banner repaint rows 96..132 (obc_fw_nrf54l obc-fw-nrf54l/src/ride.rs:3006)
54.071052 [INFO ] ui frame: render 6672 us + push 9794 us (screen redraw, no map) (obc_fw_nrf54l obc-fw-nrf54l/src/ride.rs:3250)
54.331693 [INFO ] visit: complete searches=2 anchors=1664/1821/1821 arrival=1173 total=6895 (obc_fw_nrf54l obc-fw-nrf54l/src/visit.rs:565)
54.430064 [INFO ] flat: Route menu loaded 12 route(s) (obc_fw_nrf54l obc-fw-nrf54l/src/flat_store.rs:1830)
54.587427 [INFO ] flat: Route menu loaded 12 route(s) (obc_fw_nrf54l obc-fw-nrf54l/src/flat_store.rs:1830)
54.589503 [INFO ] flat: Route menu loaded 0 trip folder(s) (obc_fw_nrf54l obc-fw-nrf54l/src/flat_store.rs:1875)
54.591701 [INFO ] flat: Rides menu loaded 0 finished ride(s) (obc_fw_nrf54l obc-fw-nrf54l/src/flat_store.rs:1904)
54.680460 [INFO ] map frame: render 68858 us + push 8585 us | lod 13 | feat 9/136 | chunks 2 | map-cache 2 hit / 0 miss (obc_fw_nrf54l obc-fw-nrf54l/src/ride.rs:3236)
54.758781 [INFO ] map frame: render 67325 us + push 8586 us | lod 13 | feat 9/136 | chunks 2 | map-cache 2 hit / 0 miss (obc_fw_nrf54l obc-fw-nrf54l/src/ride.rs:3236)
54.840165 [INFO ] map frame: render 67386 us + push 8586 us | lod 13 | feat 9/136 | chunks 2 | map-cache 2 hit / 0 miss (obc_fw_nrf54l obc-fw-nrf54l/src/ride.rs:3236)
55.089929 [INFO ] freeze: banner repaint rows 96..132 (obc_fw_nrf54l obc-fw-nrf54l/src/ride.rs:3006)
55.099990 [INFO ] ui frame: render 6643 us + push 9818 us (screen redraw, no map) (obc_fw_nrf54l obc-fw-nrf54l/src/ride.rs:3250)
55.493821 [INFO ] visit: complete searches=2 anchors=1664/2712/2712 arrival=1099 total=4965 (obc_fw_nrf54l obc-fw-nrf54l/src/visit.rs:565)
55.598655 [INFO ] flat: Route menu loaded 13 route(s) (obc_fw_nrf54l obc-fw-nrf54l/src/flat_store.rs:1830)
55.746188 [INFO ] flat: Route menu loaded 13 route(s) (obc_fw_nrf54l obc-fw-nrf54l/src/flat_store.rs:1830)
55.748299 [INFO ] flat: Route menu loaded 0 trip folder(s) (obc_fw_nrf54l obc-fw-nrf54l/src/flat_store.rs:1875)
55.750562 [INFO ] flat: Rides menu loaded 0 finished ride(s) (obc_fw_nrf54l obc-fw-nrf54l/src/flat_store.rs:1904)
55.840205 [INFO ] map frame: render 68903 us + push 8585 us | lod 13 | feat 9/136 | chunks 2 | map-cache 2 hit / 0 miss (obc_fw_nrf54l obc-fw-nrf54l/src/ride.rs:3236)
55.918571 [INFO ] map frame: render 67324 us + push 8586 us | lod 13 | feat 9/136 | chunks 2 | map-cache 2 hit / 0 miss (obc_fw_nrf54l obc-fw-nrf54l/src/ride.rs:3236)
56.000030 [INFO ] map frame: render 67443 us + push 8587 us | lod 13 | feat 9/136 | chunks 2 | map-cache 2 hit / 0 miss (obc_fw_nrf54l obc-fw-nrf54l/src/ride.rs:3236)
56.008902 [INFO ] freeze: banner repaint rows 96..132 (obc_fw_nrf54l obc-fw-nrf54l/src/ride.rs:3006)
56.018932 [INFO ] ui frame: render 6691 us + push 9786 us (screen redraw, no map) (obc_fw_nrf54l obc-fw-nrf54l/src/ride.rs:3250)
56.285017 [INFO ] stack high-water 36032 / 49592 B (new peak) (obc_fw_nrf54l obc-fw-nrf54l/src/ride.rs:991)
56.688222 [INFO ] visit: complete searches=2 anchors=1664/3547/3547 arrival=1917 total=4930 (obc_fw_nrf54l obc-fw-nrf54l/src/visit.rs:565)
56.804265 [INFO ] flat: Route menu loaded 14 route(s) (obc_fw_nrf54l obc-fw-nrf54l/src/flat_store.rs:1830)
56.962297 [INFO ] flat: Route menu loaded 14 route(s) (obc_fw_nrf54l obc-fw-nrf54l/src/flat_store.rs:1830)
56.964691 [INFO ] flat: Route menu loaded 0 trip folder(s) (obc_fw_nrf54l obc-fw-nrf54l/src/flat_store.rs:1875)
56.967178 [INFO ] flat: Rides menu loaded 0 finished ride(s) (obc_fw_nrf54l obc-fw-nrf54l/src/flat_store.rs:1904)
57.056963 [INFO ] map frame: render 68860 us + push 8586 us | lod 13 | feat 9/136 | chunks 2 | map-cache 2 hit / 0 miss (obc_fw_nrf54l obc-fw-nrf54l/src/ride.rs:3236)
57.136481 [INFO ] map frame: render 67378 us + push 9787 us | lod 13 | feat 9/136 | chunks 2 | map-cache 2 hit / 0 miss (obc_fw_nrf54l obc-fw-nrf54l/src/ride.rs:3236)
57.488807 [INFO ] map frame: render 303743 us + push 43226 us | lod 10 | feat 240/375 | chunks 8 | map-cache 0 hit / 8 miss (obc_fw_nrf54l obc-fw-nrf54l/src/ride.rs:3236)
