200.753409 [INFO ] input: Press on FindPlace (obc_fw_nrf54l obc-fw-nrf54l/src/ride.rs:2689)
201.515455 [INFO ] map frame: render 710731 us + push 50644 us | lod 13 | feat 9/136 | chunks 2 | map-cache 2 hit / 0 miss (obc_fw_nrf54l obc-fw-nrf54l/src/ride.rs:3236)
201.620281 [INFO ] map frame: render 91958 us + push 9806 us | lod 13 | feat 9/136 | chunks 2 | map-cache 2 hit / 0 miss (obc_fw_nrf54l obc-fw-nrf54l/src/ride.rs:3236)
201.728039 [INFO ] map frame: render 97642 us + push 8586 us | lod 13 | feat 9/136 | chunks 2 | map-cache 2 hit / 0 miss (obc_fw_nrf54l obc-fw-nrf54l/src/ride.rs:3236)
202.013106 [INFO ] freeze: banner repaint rows 96..132 (obc_fw_nrf54l obc-fw-nrf54l/src/ride.rs:3006)
202.023170 [INFO ] ui frame: render 6673 us + push 9819 us (screen redraw, no map) (obc_fw_nrf54l obc-fw-nrf54l/src/ride.rs:3250)
202.531903 [INFO ] visit: complete searches=2 anchors=1664/1681/1681 arrival=17 total=4863 (obc_fw_nrf54l obc-fw-nrf54l/src/visit.rs:532)
202.585701 [INFO ] flat: Route menu loaded 3 route(s) (obc_fw_nrf54l obc-fw-nrf54l/src/flat_store.rs:1830)
202.665400 [INFO ] flat: Route menu loaded 3 route(s) (obc_fw_nrf54l obc-fw-nrf54l/src/flat_store.rs:1830)
202.666360 [INFO ] flat: Route menu loaded 0 trip folder(s) (obc_fw_nrf54l obc-fw-nrf54l/src/flat_store.rs:1875)
202.667381 [INFO ] flat: Rides menu loaded 0 finished ride(s) (obc_fw_nrf54l obc-fw-nrf54l/src/flat_store.rs:1904)
202.752795 [INFO ] map frame: render 68834 us + push 8586 us | lod 13 | feat 9/136 | chunks 2 | map-cache 2 hit / 0 miss (obc_fw_nrf54l obc-fw-nrf54l/src/ride.rs:3236)
202.831055 [INFO ] map frame: render 67323 us + push 8586 us | lod 13 | feat 9/136 | chunks 2 | map-cache 2 hit / 0 miss (obc_fw_nrf54l obc-fw-nrf54l/src/ride.rs:3236)
202.912327 [INFO ] map frame: render 67371 us + push 8587 us | lod 13 | feat 9/136 | chunks 2 | map-cache 2 hit / 0 miss (obc_fw_nrf54l obc-fw-nrf54l/src/ride.rs:3236)
203.009755 [INFO ] freeze: banner repaint rows 96..132 (obc_fw_nrf54l obc-fw-nrf54l/src/ride.rs:3006)
203.019813 [INFO ] ui frame: render 6672 us + push 9813 us (screen redraw, no map) (obc_fw_nrf54l obc-fw-nrf54l/src/ride.rs:3250)
203.515474 [INFO ] map frame: render 67335 us + push 8586 us | lod 13 | feat 9/136 | chunks 2 | map-cache 2 hit / 0 miss (obc_fw_nrf54l obc-fw-nrf54l/src/ride.rs:3236)
203.593828 [INFO ] map frame: render 67371 us + push 8615 us | lod 13 | feat 9/136 | chunks 2 | map-cache 2 hit / 0 miss (obc_fw_nrf54l obc-fw-nrf54l/src/ride.rs:3236)
203.595541 [INFO ] stack high-water 35808 / 49616 B (new peak) (obc_fw_nrf54l obc-fw-nrf54l/src/ride.rs:991)
204.060575 [INFO ] freeze: banner repaint rows 96..132 (obc_fw_nrf54l obc-fw-nrf54l/src/ride.rs:3006)
204.070606 [INFO ] ui frame: render 6692 us + push 9787 us (screen redraw, no map) (obc_fw_nrf54l obc-fw-nrf54l/src/ride.rs:3250)
204.352981 [INFO ] visit: complete searches=2 anchors=1664/1664/1664 arrival=254 total=5372 (obc_fw_nrf54l obc-fw-nrf54l/src/visit.rs:532)
204.402031 [INFO ] flat: Route menu loaded 4 route(s) (obc_fw_nrf54l obc-fw-nrf54l/src/flat_store.rs:1830)
204.487608 [INFO ] flat: Route menu loaded 4 route(s) (obc_fw_nrf54l obc-fw-nrf54l/src/flat_store.rs:1830)
204.488670 [INFO ] flat: Route menu loaded 0 trip folder(s) (obc_fw_nrf54l obc-fw-nrf54l/src/flat_store.rs:1875)
204.489817 [INFO ] flat: Rides menu loaded 0 finished ride(s) (obc_fw_nrf54l obc-fw-nrf54l/src/flat_store.rs:1904)
204.575664 [INFO ] map frame: render 68853 us + push 8586 us | lod 13 | feat 9/136 | chunks 2 | map-cache 2 hit / 0 miss (obc_fw_nrf54l obc-fw-nrf54l/src/ride.rs:3236)
204.654002 [INFO ] map frame: render 67325 us + push 8585 us | lod 13 | feat 9/136 | chunks 2 | map-cache 2 hit / 0 miss (obc_fw_nrf54l obc-fw-nrf54l/src/ride.rs:3236)
204.735890 [INFO ] map frame: render 67382 us + push 8587 us | lod 13 | feat 9/136 | chunks 2 | map-cache 2 hit / 0 miss (obc_fw_nrf54l obc-fw-nrf54l/src/ride.rs:3236)
205.091030 [INFO ] freeze: banner repaint rows 96..132 (obc_fw_nrf54l obc-fw-nrf54l/src/ride.rs:3006)
205.101061 [INFO ] ui frame: render 6673 us + push 9788 us (screen redraw, no map) (obc_fw_nrf54l obc-fw-nrf54l/src/ride.rs:3250)
205.941164 [INFO ] visit: complete searches=2 anchors=1664/2368/2368 arrival=1434 total=6323 (obc_fw_nrf54l obc-fw-nrf54l/src/visit.rs:532)
205.994956 [INFO ] flat: Route menu loaded 5 route(s) (obc_fw_nrf54l obc-fw-nrf54l/src/flat_store.rs:1830)
206.095305 [INFO ] flat: Route menu loaded 5 route(s) (obc_fw_nrf54l obc-fw-nrf54l/src/flat_store.rs:1830)
206.096405 [INFO ] flat: Route menu loaded 0 trip folder(s) (obc_fw_nrf54l obc-fw-nrf54l/src/flat_store.rs:1875)
206.097566 [INFO ] flat: Rides menu loaded 0 finished ride(s) (obc_fw_nrf54l obc-fw-nrf54l/src/flat_store.rs:1904)
206.185370 [INFO ] map frame: render 68891 us + push 9803 us | lod 13 | feat 9/136 | chunks 2 | map-cache 2 hit / 0 miss (obc_fw_nrf54l obc-fw-nrf54l/src/ride.rs:3236)
206.263691 [INFO ] map frame: render 67327 us + push 8586 us | lod 13 | feat 9/136 | chunks 2 | map-cache 2 hit / 0 miss (obc_fw_nrf54l obc-fw-nrf54l/src/ride.rs:3236)
206.345040 [INFO ] map frame: render 67382 us + push 8587 us | lod 13 | feat 9/136 | chunks 2 | map-cache 2 hit / 0 miss (obc_fw_nrf54l obc-fw-nrf54l/src/ride.rs:3236)
207.038275 [INFO ] freeze: banner repaint rows 96..132 (obc_fw_nrf54l obc-fw-nrf54l/src/ride.rs:3006)
207.048316 [INFO ] ui frame: render 6721 us + push 9796 us (screen redraw, no map) (obc_fw_nrf54l obc-fw-nrf54l/src/ride.rs:3250)
207.429042 [INFO ] visit: complete searches=2 anchors=1664/1664/1664 arrival=802 total=6468 (obc_fw_nrf54l obc-fw-nrf54l/src/visit.rs:532)
207.493097 [INFO ] flat: Route menu loaded 6 route(s) (obc_fw_nrf54l obc-fw-nrf54l/src/flat_store.rs:1830)
207.594690 [INFO ] flat: Route menu loaded 6 route(s) (obc_fw_nrf54l obc-fw-nrf54l/src/flat_store.rs:1830)
207.596184 [INFO ] flat: Route menu loaded 0 trip folder(s) (obc_fw_nrf54l obc-fw-nrf54l/src/flat_store.rs:1875)
207.597727 [INFO ] flat: Rides menu loaded 0 finished ride(s) (obc_fw_nrf54l obc-fw-nrf54l/src/flat_store.rs:1904)
207.686625 [INFO ] map frame: render 67370 us + push 8587 us | lod 13 | feat 9/136 | chunks 2 | map-cache 2 hit / 0 miss (obc_fw_nrf54l obc-fw-nrf54l/src/ride.rs:3236)
207.764029 [INFO ] map frame: render 67325 us + push 8586 us | lod 13 | feat 9/136 | chunks 2 | map-cache 2 hit / 0 miss (obc_fw_nrf54l obc-fw-nrf54l/src/ride.rs:3236)
207.845894 [INFO ] map frame: render 67383 us + push 8587 us | lod 13 | feat 9/136 | chunks 2 | map-cache 2 hit / 0 miss (obc_fw_nrf54l obc-fw-nrf54l/src/ride.rs:3236)
208.016438 [INFO ] freeze: banner repaint rows 96..132 (obc_fw_nrf54l obc-fw-nrf54l/src/ride.rs:3006)
208.026527 [INFO ] ui frame: render 6673 us + push 9845 us (screen redraw, no map) (obc_fw_nrf54l obc-fw-nrf54l/src/ride.rs:3250)
208.839964 [INFO ] visit: complete searches=2 anchors=1664/2445/2445 arrival=970 total=5240 (obc_fw_nrf54l obc-fw-nrf54l/src/visit.rs:532)
208.916152 [INFO ] flat: Route menu loaded 7 route(s) (obc_fw_nrf54l obc-fw-nrf54l/src/flat_store.rs:1830)
209.031939 [INFO ] flat: Route menu loaded 7 route(s) (obc_fw_nrf54l obc-fw-nrf54l/src/flat_store.rs:1830)
209.033470 [INFO ] flat: Route menu loaded 0 trip folder(s) (obc_fw_nrf54l obc-fw-nrf54l/src/flat_store.rs:1875)
209.035058 [INFO ] flat: Rides menu loaded 0 finished ride(s) (obc_fw_nrf54l obc-fw-nrf54l/src/flat_store.rs:1904)
209.124123 [INFO ] map frame: render 68859 us + push 8586 us | lod 13 | feat 9/136 | chunks 2 | map-cache 2 hit / 0 miss (obc_fw_nrf54l obc-fw-nrf54l/src/ride.rs:3236)
209.203661 [INFO ] map frame: render 67325 us + push 9785 us | lod 13 | feat 9/136 | chunks 2 | map-cache 2 hit / 0 miss (obc_fw_nrf54l obc-fw-nrf54l/src/ride.rs:3236)
209.285052 [INFO ] map frame: render 67383 us + push 8586 us | lod 13 | feat 9/136 | chunks 2 | map-cache 2 hit / 0 miss (obc_fw_nrf54l obc-fw-nrf54l/src/ride.rs:3236)
210.027278 [INFO ] freeze: banner repaint rows 96..132 (obc_fw_nrf54l obc-fw-nrf54l/src/ride.rs:3006)
210.037308 [INFO ] ui frame: render 6721 us + push 9786 us (screen redraw, no map) (obc_fw_nrf54l obc-fw-nrf54l/src/ride.rs:3250)
210.347621 [INFO ] visit: complete searches=2 anchors=1664/5356/5356 arrival=3739 total=4958 (obc_fw_nrf54l obc-fw-nrf54l/src/visit.rs:532)
210.839976 [INFO ] flat: Route menu loaded 8 route(s) (obc_fw_nrf54l obc-fw-nrf54l/src/flat_store.rs:1830)
210.952907 [INFO ] flat: Route menu loaded 8 route(s) (obc_fw_nrf54l obc-fw-nrf54l/src/flat_store.rs:1830)
210.954475 [INFO ] flat: Route menu loaded 0 trip folder(s) (obc_fw_nrf54l obc-fw-nrf54l/src/flat_store.rs:1875)
210.956109 [INFO ] flat: Rides menu loaded 0 finished ride(s) (obc_fw_nrf54l obc-fw-nrf54l/src/flat_store.rs:1904)
211.045324 [INFO ] map frame: render 68857 us + push 8585 us | lod 13 | feat 9/136 | chunks 2 | map-cache 2 hit / 0 miss (obc_fw_nrf54l obc-fw-nrf54l/src/ride.rs:3236)
211.124864 [INFO ] map frame: render 67333 us + push 9785 us | lod 13 | feat 9/136 | chunks 2 | map-cache 2 hit / 0 miss (obc_fw_nrf54l obc-fw-nrf54l/src/ride.rs:3236)
211.206276 [INFO ] map frame: render 67379 us + push 8587 us | lod 13 | feat 9/136 | chunks 2 | map-cache 2 hit / 0 miss (obc_fw_nrf54l obc-fw-nrf54l/src/ride.rs:3236)
212.075801 [INFO ] freeze: banner repaint rows 96..132 (obc_fw_nrf54l obc-fw-nrf54l/src/ride.rs:3006)
212.085830 [INFO ] ui frame: render 6691 us + push 9786 us (screen redraw, no map) (obc_fw_nrf54l obc-fw-nrf54l/src/ride.rs:3250)
212.671443 [INFO ] visit: complete searches=2 anchors=1664/1664/1664 arrival=1264 total=7390 (obc_fw_nrf54l obc-fw-nrf54l/src/visit.rs:532)
212.755583 [INFO ] flat: Route menu loaded 9 route(s) (obc_fw_nrf54l obc-fw-nrf54l/src/flat_store.rs:1830)
212.884037 [INFO ] flat: Route menu loaded 9 route(s) (obc_fw_nrf54l obc-fw-nrf54l/src/flat_store.rs:1830)
212.885549 [INFO ] flat: Route menu loaded 0 trip folder(s) (obc_fw_nrf54l obc-fw-nrf54l/src/flat_store.rs:1875)
212.887181 [INFO ] flat: Rides menu loaded 0 finished ride(s) (obc_fw_nrf54l obc-fw-nrf54l/src/flat_store.rs:1904)
212.975973 [INFO ] map frame: render 67421 us + push 8586 us | lod 13 | feat 9/136 | chunks 2 | map-cache 2 hit / 0 miss (obc_fw_nrf54l obc-fw-nrf54l/src/ride.rs:3236)
213.053301 [INFO ] map frame: render 67326 us + push 8587 us | lod 13 | feat 9/136 | chunks 2 | map-cache 2 hit / 0 miss (obc_fw_nrf54l obc-fw-nrf54l/src/ride.rs:3236)
213.061256 [INFO ] freeze: banner repaint rows 96..132 (obc_fw_nrf54l obc-fw-nrf54l/src/ride.rs:3006)
213.071326 [INFO ] ui frame: render 6693 us + push 9826 us (screen redraw, no map) (obc_fw_nrf54l obc-fw-nrf54l/src/ride.rs:3250)
213.151557 [INFO ] map frame: render 67376 us + push 8586 us | lod 13 | feat 9/136 | chunks 2 | map-cache 2 hit / 0 miss (obc_fw_nrf54l obc-fw-nrf54l/src/ride.rs:3236)
214.021379 [INFO ] freeze: banner repaint rows 96..132 (obc_fw_nrf54l obc-fw-nrf54l/src/ride.rs:3006)
214.031409 [INFO ] ui frame: render 6692 us + push 9787 us (screen redraw, no map) (obc_fw_nrf54l obc-fw-nrf54l/src/ride.rs:3250)
214.188834 [INFO ] visit: complete searches=2 anchors=1664/3772/3772 arrival=2146 total=4939 (obc_fw_nrf54l obc-fw-nrf54l/src/visit.rs:532)
214.286350 [INFO ] flat: Route menu loaded 10 route(s) (obc_fw_nrf54l obc-fw-nrf54l/src/flat_store.rs:1830)
214.423287 [INFO ] flat: Route menu loaded 10 route(s) (obc_fw_nrf54l obc-fw-nrf54l/src/flat_store.rs:1830)
214.425156 [INFO ] flat: Route menu loaded 0 trip folder(s) (obc_fw_nrf54l obc-fw-nrf54l/src/flat_store.rs:1875)
214.427104 [INFO ] flat: Rides menu loaded 0 finished ride(s) (obc_fw_nrf54l obc-fw-nrf54l/src/flat_store.rs:1904)
214.515216 [INFO ] map frame: render 68907 us + push 8586 us | lod 13 | feat 9/136 | chunks 2 | map-cache 2 hit / 0 miss (obc_fw_nrf54l obc-fw-nrf54l/src/ride.rs:3236)
214.593553 [INFO ] map frame: render 67373 us + push 8586 us | lod 13 | feat 9/136 | chunks 2 | map-cache 2 hit / 0 miss (obc_fw_nrf54l obc-fw-nrf54l/src/ride.rs:3236)
214.674923 [INFO ] map frame: render 67422 us + push 8586 us | lod 13 | feat 9/136 | chunks 2 | map-cache 2 hit / 0 miss (obc_fw_nrf54l obc-fw-nrf54l/src/ride.rs:3236)
215.013985 [INFO ] freeze: banner repaint rows 96..132 (obc_fw_nrf54l obc-fw-nrf54l/src/ride.rs:3006)
215.024035 [INFO ] ui frame: render 6721 us + push 9807 us (screen redraw, no map) (obc_fw_nrf54l obc-fw-nrf54l/src/ride.rs:3250)
215.609386 [INFO ] visit: complete searches=2 anchors=1664/2636/2636 arrival=972 total=4864 (obc_fw_nrf54l obc-fw-nrf54l/src/visit.rs:532)
215.713031 [INFO ] flat: Route menu loaded 11 route(s) (obc_fw_nrf54l obc-fw-nrf54l/src/flat_store.rs:1830)
215.853373 [INFO ] flat: Route menu loaded 11 route(s) (obc_fw_nrf54l obc-fw-nrf54l/src/flat_store.rs:1830)
215.855412 [INFO ] flat: Route menu loaded 0 trip folder(s) (obc_fw_nrf54l obc-fw-nrf54l/src/flat_store.rs:1875)
215.857534 [INFO ] flat: Rides menu loaded 0 finished ride(s) (obc_fw_nrf54l obc-fw-nrf54l/src/flat_store.rs:1904)
215.946244 [INFO ] map frame: render 68861 us + push 8587 us | lod 13 | feat 9/136 | chunks 2 | map-cache 2 hit / 0 miss (obc_fw_nrf54l obc-fw-nrf54l/src/ride.rs:3236)
216.025765 [INFO ] map frame: render 67329 us + push 8587 us | lod 13 | feat 9/136 | chunks 2 | map-cache 2 hit / 0 miss (obc_fw_nrf54l obc-fw-nrf54l/src/ride.rs:3236)
216.033785 [INFO ] freeze: banner repaint rows 96..132 (obc_fw_nrf54l obc-fw-nrf54l/src/ride.rs:3006)
216.043835 [INFO ] ui frame: render 6693 us + push 9807 us (screen redraw, no map) (obc_fw_nrf54l obc-fw-nrf54l/src/ride.rs:3250)
216.124132 [INFO ] map frame: render 67381 us + push 8586 us | lod 13 | feat 9/136 | chunks 2 | map-cache 2 hit / 0 miss (obc_fw_nrf54l obc-fw-nrf54l/src/ride.rs:3236)
217.079266 [INFO ] freeze: banner repaint rows 96..132 (obc_fw_nrf54l obc-fw-nrf54l/src/ride.rs:3006)
217.089301 [INFO ] ui frame: render 6720 us + push 9791 us (screen redraw, no map) (obc_fw_nrf54l obc-fw-nrf54l/src/ride.rs:3250)
217.577211 [INFO ] visit: complete searches=2 anchors=1664/1821/1821 arrival=1173 total=6895 (obc_fw_nrf54l obc-fw-nrf54l/src/visit.rs:532)
217.688160 [INFO ] flat: Route menu loaded 12 route(s) (obc_fw_nrf54l obc-fw-nrf54l/src/flat_store.rs:1830)
217.852983 [INFO ] flat: Route menu loaded 12 route(s) (obc_fw_nrf54l obc-fw-nrf54l/src/flat_store.rs:1830)
217.855024 [INFO ] flat: Route menu loaded 0 trip folder(s) (obc_fw_nrf54l obc-fw-nrf54l/src/flat_store.rs:1875)
217.857163 [INFO ] flat: Rides menu loaded 0 finished ride(s) (obc_fw_nrf54l obc-fw-nrf54l/src/flat_store.rs:1904)
217.945865 [INFO ] map frame: render 68916 us + push 8587 us | lod 13 | feat 9/136 | chunks 2 | map-cache 2 hit / 0 miss (obc_fw_nrf54l obc-fw-nrf54l/src/ride.rs:3236)
218.025112 [INFO ] map frame: render 67382 us + push 8587 us | lod 13 | feat 9/136 | chunks 2 | map-cache 2 hit / 0 miss (obc_fw_nrf54l obc-fw-nrf54l/src/ride.rs:3236)
218.025851 [INFO ] stack high-water 35912 / 49616 B (new peak) (obc_fw_nrf54l obc-fw-nrf54l/src/ride.rs:991)
218.033709 [INFO ] freeze: banner repaint rows 96..132 (obc_fw_nrf54l obc-fw-nrf54l/src/ride.rs:3006)
218.043768 [INFO ] ui frame: render 6721 us + push 9815 us (screen redraw, no map) (obc_fw_nrf54l obc-fw-nrf54l/src/ride.rs:3250)
218.124115 [INFO ] map frame: render 67380 us + push 8587 us | lod 13 | feat 9/136 | chunks 2 | map-cache 2 hit / 0 miss (obc_fw_nrf54l obc-fw-nrf54l/src/ride.rs:3236)
219.017929 [INFO ] freeze: banner repaint rows 96..132 (obc_fw_nrf54l obc-fw-nrf54l/src/ride.rs:3006)
219.033466 [INFO ] ui frame: render 6674 us + push 15293 us (screen redraw, no map) (obc_fw_nrf54l obc-fw-nrf54l/src/ride.rs:3250)
219.093077 [INFO ] visit: complete searches=2 anchors=1664/2712/2712 arrival=1099 total=4965 (obc_fw_nrf54l obc-fw-nrf54l/src/visit.rs:532)
219.211906 [INFO ] flat: Route menu loaded 13 route(s) (obc_fw_nrf54l obc-fw-nrf54l/src/flat_store.rs:1830)
219.367432 [INFO ] flat: Route menu loaded 13 route(s) (obc_fw_nrf54l obc-fw-nrf54l/src/flat_store.rs:1830)
219.369541 [INFO ] flat: Route menu loaded 0 trip folder(s) (obc_fw_nrf54l obc-fw-nrf54l/src/flat_store.rs:1875)
219.371801 [INFO ] flat: Rides menu loaded 0 finished ride(s) (obc_fw_nrf54l obc-fw-nrf54l/src/flat_store.rs:1904)
219.461413 [INFO ] map frame: render 68906 us + push 8586 us | lod 13 | feat 9/136 | chunks 2 | map-cache 2 hit / 0 miss (obc_fw_nrf54l obc-fw-nrf54l/src/ride.rs:3236)
219.539701 [INFO ] map frame: render 67322 us + push 8587 us | lod 13 | feat 9/136 | chunks 2 | map-cache 2 hit / 0 miss (obc_fw_nrf54l obc-fw-nrf54l/src/ride.rs:3236)
219.621135 [INFO ] map frame: render 67393 us + push 8634 us | lod 13 | feat 9/136 | chunks 2 | map-cache 2 hit / 0 miss (obc_fw_nrf54l obc-fw-nrf54l/src/ride.rs:3236)
220.011855 [INFO ] freeze: banner repaint rows 96..132 (obc_fw_nrf54l obc-fw-nrf54l/src/ride.rs:3006)
220.021918 [INFO ] ui frame: render 6721 us + push 9820 us (screen redraw, no map) (obc_fw_nrf54l obc-fw-nrf54l/src/ride.rs:3250)
220.698981 [INFO ] visit: complete searches=2 anchors=1664/3547/3547 arrival=1917 total=4930 (obc_fw_nrf54l obc-fw-nrf54l/src/visit.rs:532)
221.238695 [INFO ] flat: Route menu loaded 14 route(s) (obc_fw_nrf54l obc-fw-nrf54l/src/flat_store.rs:1830)
221.305078 [INFO ] freeze: banner repaint rows 96..132 (obc_fw_nrf54l obc-fw-nrf54l/src/ride.rs:3006)
221.315108 [INFO ] ui frame: render 6721 us + push 9786 us (screen redraw, no map) (obc_fw_nrf54l obc-fw-nrf54l/src/ride.rs:3250)
221.414021 [INFO ] flat: Route menu loaded 14 route(s) (obc_fw_nrf54l obc-fw-nrf54l/src/flat_store.rs:1830)
221.416396 [INFO ] flat: Route menu loaded 0 trip folder(s) (obc_fw_nrf54l obc-fw-nrf54l/src/flat_store.rs:1875)
221.418849 [INFO ] flat: Rides menu loaded 0 finished ride(s) (obc_fw_nrf54l obc-fw-nrf54l/src/flat_store.rs:1904)
221.508693 [INFO ] map frame: render 68884 us + push 8589 us | lod 13 | feat 9/136 | chunks 2 | map-cache 2 hit / 0 miss (obc_fw_nrf54l obc-fw-nrf54l/src/ride.rs:3236)
221.586956 [INFO ] map frame: render 67327 us + push 8587 us | lod 13 | feat 9/136 | chunks 2 | map-cache 2 hit / 0 miss (obc_fw_nrf54l obc-fw-nrf54l/src/ride.rs:3236)
221.937140 [INFO ] map frame: render 301645 us + push 43202 us | lod 10 | feat 240/375 | chunks 8 | map-cache 0 hit / 8 miss (obc_fw_nrf54l obc-fw-nrf54l/src/ride.rs:3236)
