21.784068 [INFO ] input: Press on FindPlace (obc_fw_nrf54l obc-fw-nrf54l/src/ride.rs:2699)
22.548225 [INFO ] map frame: render 712817 us + push 50641 us | lod 13 | feat 9/136 | chunks 2 | map-cache 2 hit / 0 miss (obc_fw_nrf54l obc-fw-nrf54l/src/ride.rs:3269)
22.582929 [INFO ] freeze: banner repaint rows 96..132 (obc_fw_nrf54l obc-fw-nrf54l/src/ride.rs:3035)
22.592963 [INFO ] ui frame: render 6719 us + push 9784 us (screen redraw, no map) (obc_fw_nrf54l obc-fw-nrf54l/src/ride.rs:3283)
22.641207 [INFO ] stack high-water 32900 / 49592 B (new peak) (obc_fw_nrf54l obc-fw-nrf54l/src/ride.rs:992)
23.010508 [INFO ] freeze: banner repaint rows 96..132 (obc_fw_nrf54l obc-fw-nrf54l/src/ride.rs:3035)
23.020545 [INFO ] ui frame: render 6720 us + push 9786 us (screen redraw, no map) (obc_fw_nrf54l obc-fw-nrf54l/src/ride.rs:3283)
23.185055 [INFO ] visit: complete searches=2 anchors=1664/1681/1681 arrival=17 total=4863 (obc_fw_nrf54l obc-fw-nrf54l/src/visit.rs:565)
23.691776 [INFO ] flat: Route menu loaded 3 route(s) (obc_fw_nrf54l obc-fw-nrf54l/src/flat_store.rs:1832)
23.692844 [INFO ] flat: Route menu loaded 0 trip folder(s) (obc_fw_nrf54l obc-fw-nrf54l/src/flat_store.rs:1877)
23.693974 [INFO ] flat: Rides menu loaded 0 finished ride(s) (obc_fw_nrf54l obc-fw-nrf54l/src/flat_store.rs:1906)
24.024553 [INFO ] freeze: banner repaint rows 96..132 (obc_fw_nrf54l obc-fw-nrf54l/src/ride.rs:3035)
24.034584 [INFO ] ui frame: render 6672 us + push 9781 us (screen redraw, no map) (obc_fw_nrf54l obc-fw-nrf54l/src/ride.rs:3283)
24.470611 [INFO ] visit: complete searches=2 anchors=1664/2142/2142 arrival=489 total=4885 (obc_fw_nrf54l obc-fw-nrf54l/src/visit.rs:565)
24.565901 [INFO ] flat: Route menu loaded 4 route(s) (obc_fw_nrf54l obc-fw-nrf54l/src/flat_store.rs:1832)
24.567009 [INFO ] flat: Route menu loaded 0 trip folder(s) (obc_fw_nrf54l obc-fw-nrf54l/src/flat_store.rs:1877)
24.568153 [INFO ] flat: Rides menu loaded 0 finished ride(s) (obc_fw_nrf54l obc-fw-nrf54l/src/flat_store.rs:1906)
25.009810 [INFO ] freeze: banner repaint rows 96..132 (obc_fw_nrf54l obc-fw-nrf54l/src/ride.rs:3035)
25.019843 [INFO ] ui frame: render 6720 us + push 9782 us (screen redraw, no map) (obc_fw_nrf54l obc-fw-nrf54l/src/ride.rs:3283)
25.144168 [INFO ] visit: complete searches=2 anchors=1664/1664/1664 arrival=254 total=5372 (obc_fw_nrf54l obc-fw-nrf54l/src/visit.rs:565)
25.241240 [INFO ] flat: Route menu loaded 5 route(s) (obc_fw_nrf54l obc-fw-nrf54l/src/flat_store.rs:1832)
25.242387 [INFO ] flat: Route menu loaded 0 trip folder(s) (obc_fw_nrf54l obc-fw-nrf54l/src/flat_store.rs:1877)
25.243578 [INFO ] flat: Rides menu loaded 0 finished ride(s) (obc_fw_nrf54l obc-fw-nrf54l/src/flat_store.rs:1906)
26.015294 [INFO ] freeze: banner repaint rows 96..132 (obc_fw_nrf54l obc-fw-nrf54l/src/ride.rs:3035)
26.025340 [INFO ] ui frame: render 6721 us + push 9797 us (screen redraw, no map) (obc_fw_nrf54l obc-fw-nrf54l/src/ride.rs:3283)
26.150592 [INFO ] visit: complete searches=2 anchors=1664/2368/2368 arrival=1434 total=6323 (obc_fw_nrf54l obc-fw-nrf54l/src/visit.rs:565)
26.268732 [INFO ] flat: Route menu loaded 6 route(s) (obc_fw_nrf54l obc-fw-nrf54l/src/flat_store.rs:1832)
26.270296 [INFO ] flat: Route menu loaded 0 trip folder(s) (obc_fw_nrf54l obc-fw-nrf54l/src/flat_store.rs:1877)
26.271908 [INFO ] flat: Rides menu loaded 0 finished ride(s) (obc_fw_nrf54l obc-fw-nrf54l/src/flat_store.rs:1906)
27.010867 [INFO ] freeze: banner repaint rows 96..132 (obc_fw_nrf54l obc-fw-nrf54l/src/ride.rs:3035)
27.025355 [INFO ] ui frame: render 6719 us + push 14238 us (screen redraw, no map) (obc_fw_nrf54l obc-fw-nrf54l/src/ride.rs:3283)
27.025628 [INFO ] visit: complete searches=2 anchors=1664/1664/1664 arrival=802 total=6468 (obc_fw_nrf54l obc-fw-nrf54l/src/visit.rs:565)
27.153701 [INFO ] flat: Route menu loaded 7 route(s) (obc_fw_nrf54l obc-fw-nrf54l/src/flat_store.rs:1832)
27.155300 [INFO ] flat: Route menu loaded 0 trip folder(s) (obc_fw_nrf54l obc-fw-nrf54l/src/flat_store.rs:1877)
27.156959 [INFO ] flat: Rides menu loaded 0 finished ride(s) (obc_fw_nrf54l obc-fw-nrf54l/src/flat_store.rs:1906)
27.884969 [INFO ] visit: complete searches=2 anchors=1664/2445/2445 arrival=970 total=5240 (obc_fw_nrf54l obc-fw-nrf54l/src/visit.rs:565)
28.011831 [INFO ] flat: Route menu loaded 8 route(s) (obc_fw_nrf54l obc-fw-nrf54l/src/flat_store.rs:1832)
28.013468 [INFO ] flat: Route menu loaded 0 trip folder(s) (obc_fw_nrf54l obc-fw-nrf54l/src/flat_store.rs:1877)
28.015170 [INFO ] flat: Rides menu loaded 0 finished ride(s) (obc_fw_nrf54l obc-fw-nrf54l/src/flat_store.rs:1906)
28.040766 [INFO ] freeze: banner repaint rows 96..132 (obc_fw_nrf54l obc-fw-nrf54l/src/ride.rs:3035)
28.050788 [INFO ] ui frame: render 6720 us + push 9772 us (screen redraw, no map) (obc_fw_nrf54l obc-fw-nrf54l/src/ride.rs:3283)
28.802510 [INFO ] visit: complete searches=2 anchors=1664/5356/5356 arrival=3739 total=4958 (obc_fw_nrf54l obc-fw-nrf54l/src/visit.rs:565)
28.929879 [INFO ] flat: Route menu loaded 9 route(s) (obc_fw_nrf54l obc-fw-nrf54l/src/flat_store.rs:1832)
28.931555 [INFO ] flat: Route menu loaded 0 trip folder(s) (obc_fw_nrf54l obc-fw-nrf54l/src/flat_store.rs:1877)
28.933302 [INFO ] flat: Rides menu loaded 0 finished ride(s) (obc_fw_nrf54l obc-fw-nrf54l/src/flat_store.rs:1906)
29.062151 [INFO ] freeze: banner repaint rows 96..132 (obc_fw_nrf54l obc-fw-nrf54l/src/ride.rs:3035)
29.072176 [INFO ] ui frame: render 6720 us + push 9774 us (screen redraw, no map) (obc_fw_nrf54l obc-fw-nrf54l/src/ride.rs:3283)
29.947006 [INFO ] visit: complete searches=2 anchors=1664/1664/1664 arrival=1264 total=7390 (obc_fw_nrf54l obc-fw-nrf54l/src/visit.rs:565)
30.103009 [INFO ] flat: Route menu loaded 10 route(s) (obc_fw_nrf54l obc-fw-nrf54l/src/flat_store.rs:1832)
30.105099 [INFO ] flat: Route menu loaded 0 trip folder(s) (obc_fw_nrf54l obc-fw-nrf54l/src/flat_store.rs:1877)
30.107246 [INFO ] flat: Rides menu loaded 0 finished ride(s) (obc_fw_nrf54l obc-fw-nrf54l/src/flat_store.rs:1906)
30.123271 [INFO ] freeze: banner repaint rows 96..132 (obc_fw_nrf54l obc-fw-nrf54l/src/ride.rs:3035)
30.133307 [INFO ] ui frame: render 6671 us + push 9786 us (screen redraw, no map) (obc_fw_nrf54l obc-fw-nrf54l/src/ride.rs:3283)
30.946733 [INFO ] visit: complete searches=2 anchors=1664/3772/3772 arrival=2146 total=4939 (obc_fw_nrf54l obc-fw-nrf54l/src/visit.rs:565)
31.449186 [INFO ] freeze: banner repaint rows 96..132 (obc_fw_nrf54l obc-fw-nrf54l/src/ride.rs:3035)
31.459210 [INFO ] ui frame: render 6643 us + push 9774 us (screen redraw, no map) (obc_fw_nrf54l obc-fw-nrf54l/src/ride.rs:3283)
31.516659 [INFO ] flat: Route menu loaded 11 route(s) (obc_fw_nrf54l obc-fw-nrf54l/src/flat_store.rs:1832)
31.518766 [INFO ] flat: Route menu loaded 0 trip folder(s) (obc_fw_nrf54l obc-fw-nrf54l/src/flat_store.rs:1877)
31.520981 [INFO ] flat: Rides menu loaded 0 finished ride(s) (obc_fw_nrf54l obc-fw-nrf54l/src/flat_store.rs:1906)
32.065577 [INFO ] freeze: banner repaint rows 96..132 (obc_fw_nrf54l obc-fw-nrf54l/src/ride.rs:3035)
32.075598 [INFO ] ui frame: render 6720 us + push 9772 us (screen redraw, no map) (obc_fw_nrf54l obc-fw-nrf54l/src/ride.rs:3283)
32.234294 [INFO ] visit: complete searches=2 anchors=1664/2636/2636 arrival=972 total=4864 (obc_fw_nrf54l obc-fw-nrf54l/src/visit.rs:565)
32.376270 [INFO ] flat: Route menu loaded 12 route(s) (obc_fw_nrf54l obc-fw-nrf54l/src/flat_store.rs:1832)
32.378464 [INFO ] flat: Route menu loaded 0 trip folder(s) (obc_fw_nrf54l obc-fw-nrf54l/src/flat_store.rs:1877)
32.380725 [INFO ] flat: Rides menu loaded 0 finished ride(s) (obc_fw_nrf54l obc-fw-nrf54l/src/flat_store.rs:1906)
33.100588 [INFO ] freeze: banner repaint rows 96..132 (obc_fw_nrf54l obc-fw-nrf54l/src/ride.rs:3035)
33.110611 [INFO ] ui frame: render 6720 us + push 9772 us (screen redraw, no map) (obc_fw_nrf54l obc-fw-nrf54l/src/ride.rs:3283)
33.400157 [INFO ] visit: complete searches=2 anchors=1664/1821/1821 arrival=1173 total=6895 (obc_fw_nrf54l obc-fw-nrf54l/src/visit.rs:565)
33.566542 [INFO ] flat: Route menu loaded 13 route(s) (obc_fw_nrf54l obc-fw-nrf54l/src/flat_store.rs:1832)
33.568744 [INFO ] flat: Route menu loaded 0 trip folder(s) (obc_fw_nrf54l obc-fw-nrf54l/src/flat_store.rs:1877)
33.571076 [INFO ] flat: Rides menu loaded 0 finished ride(s) (obc_fw_nrf54l obc-fw-nrf54l/src/flat_store.rs:1906)
34.119670 [INFO ] freeze: banner repaint rows 96..132 (obc_fw_nrf54l obc-fw-nrf54l/src/ride.rs:3035)
34.129707 [INFO ] ui frame: render 6720 us + push 9786 us (screen redraw, no map) (obc_fw_nrf54l obc-fw-nrf54l/src/ride.rs:3283)
34.295030 [INFO ] visit: complete searches=2 anchors=1664/2712/2712 arrival=1099 total=4965 (obc_fw_nrf54l obc-fw-nrf54l/src/visit.rs:565)
34.454405 [INFO ] flat: Route menu loaded 14 route(s) (obc_fw_nrf54l obc-fw-nrf54l/src/flat_store.rs:1832)
34.457095 [INFO ] flat: Route menu loaded 0 trip folder(s) (obc_fw_nrf54l obc-fw-nrf54l/src/flat_store.rs:1877)
34.459824 [INFO ] flat: Rides menu loaded 0 finished ride(s) (obc_fw_nrf54l obc-fw-nrf54l/src/flat_store.rs:1906)
35.048531 [INFO ] freeze: banner repaint rows 96..132 (obc_fw_nrf54l obc-fw-nrf54l/src/ride.rs:3035)
35.058601 [INFO ] ui frame: render 6691 us + push 9820 us (screen redraw, no map) (obc_fw_nrf54l obc-fw-nrf54l/src/ride.rs:3283)
35.215389 [INFO ] visit: complete searches=2 anchors=1664/3547/3547 arrival=1917 total=4930 (obc_fw_nrf54l obc-fw-nrf54l/src/visit.rs:565)
35.380849 [INFO ] flat: Route menu loaded 15 route(s) (obc_fw_nrf54l obc-fw-nrf54l/src/flat_store.rs:1832)
35.383537 [INFO ] flat: Route menu loaded 0 trip folder(s) (obc_fw_nrf54l obc-fw-nrf54l/src/flat_store.rs:1877)
35.386310 [INFO ] flat: Rides menu loaded 0 finished ride(s) (obc_fw_nrf54l obc-fw-nrf54l/src/flat_store.rs:1906)
35.433927 [INFO ] find: ready results=4 (obc_fw_nrf54l obc-fw-nrf54l/src/ride.rs:2917)
35.779279 [INFO ] map frame: render 299764 us + push 43198 us | lod 10 | feat 234/375 | chunks 8 | map-cache 0 hit / 8 miss (obc_fw_nrf54l obc-fw-nrf54l/src/ride.rs:3269)
