47.560516 [INFO ] flat: Route menu loaded 2 route(s) (obc_fw_nrf54l obc-fw-nrf54l/src/flat_store.rs:1832)
47.561554 [INFO ] flat: Route menu loaded 0 trip folder(s) (obc_fw_nrf54l obc-fw-nrf54l/src/flat_store.rs:1877)
47.562611 [INFO ] flat: Rides menu loaded 0 finished ride(s) (obc_fw_nrf54l obc-fw-nrf54l/src/flat_store.rs:1906)
47.603814 [INFO ] input: Press on FindPlace (obc_fw_nrf54l obc-fw-nrf54l/src/ride.rs:2699)
48.324040 [INFO ] map frame: render 668872 us + push 50656 us | lod 13 | feat 9/136 | chunks 2 | map-cache 2 hit / 0 miss (obc_fw_nrf54l obc-fw-nrf54l/src/ride.rs:3269)
48.665264 [INFO ] freeze: banner repaint rows 96..132 (obc_fw_nrf54l obc-fw-nrf54l/src/ride.rs:3035)
48.675318 [INFO ] ui frame: render 6677 us + push 9775 us (screen redraw, no map) (obc_fw_nrf54l obc-fw-nrf54l/src/ride.rs:3283)
49.039296 [INFO ] freeze: banner repaint rows 96..132 (obc_fw_nrf54l obc-fw-nrf54l/src/ride.rs:3035)
49.049320 [INFO ] ui frame: render 6706 us + push 9775 us (screen redraw, no map) (obc_fw_nrf54l obc-fw-nrf54l/src/ride.rs:3283)
50.036906 [INFO ] freeze: banner repaint rows 96..132 (obc_fw_nrf54l obc-fw-nrf54l/src/ride.rs:3035)
50.046940 [INFO ] ui frame: render 6658 us + push 9785 us (screen redraw, no map) (obc_fw_nrf54l obc-fw-nrf54l/src/ride.rs:3283)
51.036920 [INFO ] freeze: banner repaint rows 96..132 (obc_fw_nrf54l obc-fw-nrf54l/src/ride.rs:3035)
51.046942 [INFO ] ui frame: render 6677 us + push 9774 us (screen redraw, no map) (obc_fw_nrf54l obc-fw-nrf54l/src/ride.rs:3283)
52.011330 [INFO ] freeze: banner repaint rows 96..132 (obc_fw_nrf54l obc-fw-nrf54l/src/ride.rs:3035)
52.021367 [INFO ] ui frame: render 6704 us + push 9788 us (screen redraw, no map) (obc_fw_nrf54l obc-fw-nrf54l/src/ride.rs:3283)
52.102503 [INFO ] visit: complete searches=2 anchors=1664/1852/1852 arrival=822 total=6131 (obc_fw_nrf54l obc-fw-nrf54l/src/visit.rs:565)
52.619874 [INFO ] flat: Route menu loaded 3 route(s) (obc_fw_nrf54l obc-fw-nrf54l/src/flat_store.rs:1832)
52.620952 [INFO ] flat: Route menu loaded 0 trip folder(s) (obc_fw_nrf54l obc-fw-nrf54l/src/flat_store.rs:1877)
52.622056 [INFO ] flat: Rides menu loaded 0 finished ride(s) (obc_fw_nrf54l obc-fw-nrf54l/src/flat_store.rs:1906)
53.007869 [INFO ] freeze: banner repaint rows 96..132 (obc_fw_nrf54l obc-fw-nrf54l/src/ride.rs:3035)
53.017890 [INFO ] ui frame: render 6677 us + push 9773 us (screen redraw, no map) (obc_fw_nrf54l obc-fw-nrf54l/src/ride.rs:3283)
53.453496 [INFO ] visit: complete searches=2 anchors=1664/2101/2101 arrival=540 total=5070 (obc_fw_nrf54l obc-fw-nrf54l/src/visit.rs:565)
53.550595 [INFO ] flat: Route menu loaded 4 route(s) (obc_fw_nrf54l obc-fw-nrf54l/src/flat_store.rs:1832)
53.551795 [INFO ] flat: Route menu loaded 0 trip folder(s) (obc_fw_nrf54l obc-fw-nrf54l/src/flat_store.rs:1877)
53.553060 [INFO ] flat: Rides menu loaded 0 finished ride(s) (obc_fw_nrf54l obc-fw-nrf54l/src/flat_store.rs:1906)
54.132350 [INFO ] freeze: banner repaint rows 96..132 (obc_fw_nrf54l obc-fw-nrf54l/src/ride.rs:3035)
54.142372 [INFO ] ui frame: render 6706 us + push 9774 us (screen redraw, no map) (obc_fw_nrf54l obc-fw-nrf54l/src/ride.rs:3283)
54.303435 [INFO ] visit: complete searches=2 anchors=1664/2572/2572 arrival=908 total=4864 (obc_fw_nrf54l obc-fw-nrf54l/src/visit.rs:565)
54.400656 [INFO ] flat: Route menu loaded 5 route(s) (obc_fw_nrf54l obc-fw-nrf54l/src/flat_store.rs:1832)
54.401803 [INFO ] flat: Route menu loaded 0 trip folder(s) (obc_fw_nrf54l obc-fw-nrf54l/src/flat_store.rs:1877)
54.403000 [INFO ] flat: Rides menu loaded 0 finished ride(s) (obc_fw_nrf54l obc-fw-nrf54l/src/flat_store.rs:1906)
55.071686 [INFO ] freeze: banner repaint rows 96..132 (obc_fw_nrf54l obc-fw-nrf54l/src/ride.rs:3035)
55.081707 [INFO ] ui frame: render 6707 us + push 9773 us (screen redraw, no map) (obc_fw_nrf54l obc-fw-nrf54l/src/ride.rs:3283)
55.395303 [INFO ] visit: complete searches=2 anchors=1664/1664/1664 arrival=1102 total=7068 (obc_fw_nrf54l obc-fw-nrf54l/src/visit.rs:565)
55.517005 [INFO ] flat: Route menu loaded 6 route(s) (obc_fw_nrf54l obc-fw-nrf54l/src/flat_store.rs:1832)
55.518564 [INFO ] flat: Route menu loaded 0 trip folder(s) (obc_fw_nrf54l obc-fw-nrf54l/src/flat_store.rs:1877)
55.520183 [INFO ] flat: Rides menu loaded 0 finished ride(s) (obc_fw_nrf54l obc-fw-nrf54l/src/flat_store.rs:1906)
56.152565 [INFO ] freeze: banner repaint rows 96..132 (obc_fw_nrf54l obc-fw-nrf54l/src/ride.rs:3035)
56.162634 [INFO ] ui frame: render 6658 us + push 9821 us (screen redraw, no map) (obc_fw_nrf54l obc-fw-nrf54l/src/ride.rs:3283)
56.327488 [INFO ] visit: complete searches=2 anchors=1664/3744/3744 arrival=2240 total=5183 (obc_fw_nrf54l obc-fw-nrf54l/src/visit.rs:565)
56.448615 [INFO ] flat: Route menu loaded 7 route(s) (obc_fw_nrf54l obc-fw-nrf54l/src/flat_store.rs:1832)
56.450253 [INFO ] flat: Route menu loaded 0 trip folder(s) (obc_fw_nrf54l obc-fw-nrf54l/src/flat_store.rs:1877)
56.451915 [INFO ] flat: Rides menu loaded 0 finished ride(s) (obc_fw_nrf54l obc-fw-nrf54l/src/flat_store.rs:1906)
56.498063 [INFO ] find: ready results=4 (obc_fw_nrf54l obc-fw-nrf54l/src/ride.rs:2917)
57.125221 [INFO ] map frame: render 581150 us + push 43202 us | lod 11 | feat 560/852 | chunks 12 | map-cache 0 hit / 12 miss (obc_fw_nrf54l obc-fw-nrf54l/src/ride.rs:3269)
57.126043 [INFO ] stack high-water 33972 / 50000 B (new peak) (obc_fw_nrf54l obc-fw-nrf54l/src/ride.rs:992)
