59.205198 [INFO ] flat: Route menu loaded 3 route(s) (obc_fw_nrf54l obc-fw-nrf54l/src/flat_store.rs:1832)
59.206274 [INFO ] flat: Route menu loaded 0 trip folder(s) (obc_fw_nrf54l obc-fw-nrf54l/src/flat_store.rs:1877)
59.207426 [INFO ] flat: Rides menu loaded 0 finished ride(s) (obc_fw_nrf54l obc-fw-nrf54l/src/flat_store.rs:1906)
59.213367 [INFO ] input: Press on FindPlace (obc_fw_nrf54l obc-fw-nrf54l/src/ride.rs:2699)
59.335599 [INFO ] map frame: render 69742 us + push 50688 us | lod 13 | feat 9/136 | chunks 2 | map-cache 2 hit / 0 miss (obc_fw_nrf54l obc-fw-nrf54l/src/ride.rs:3269)
59.366816 [INFO ] flat: Route menu loaded 2 route(s) (obc_fw_nrf54l obc-fw-nrf54l/src/flat_store.rs:1832)
59.367850 [INFO ] flat: Route menu loaded 0 trip folder(s) (obc_fw_nrf54l obc-fw-nrf54l/src/flat_store.rs:1877)
59.368909 [INFO ] flat: Rides menu loaded 0 finished ride(s) (obc_fw_nrf54l obc-fw-nrf54l/src/flat_store.rs:1906)
60.138343 [INFO ] map frame: render 752926 us + push 8572 us | lod 13 | feat 9/136 | chunks 2 | map-cache 2 hit / 0 miss (obc_fw_nrf54l obc-fw-nrf54l/src/ride.rs:3269)
60.147482 [INFO ] freeze: banner repaint rows 96..132 (obc_fw_nrf54l obc-fw-nrf54l/src/ride.rs:3035)
60.157536 [INFO ] ui frame: render 6677 us + push 9805 us (screen redraw, no map) (obc_fw_nrf54l obc-fw-nrf54l/src/ride.rs:3283)
60.380150 [INFO ] stack high-water 34640 / 50000 B (new peak) (obc_fw_nrf54l obc-fw-nrf54l/src/ride.rs:992)
61.012738 [INFO ] freeze: banner repaint rows 96..132 (obc_fw_nrf54l obc-fw-nrf54l/src/ride.rs:3035)
61.022770 [INFO ] ui frame: render 6706 us + push 9783 us (screen redraw, no map) (obc_fw_nrf54l obc-fw-nrf54l/src/ride.rs:3283)
61.104387 [INFO ] visit: complete searches=2 anchors=1664/1664/1664 arrival=1251 total=7365 (obc_fw_nrf54l obc-fw-nrf54l/src/visit.rs:565)
61.211599 [INFO ] flat: Route menu loaded 3 route(s) (obc_fw_nrf54l obc-fw-nrf54l/src/flat_store.rs:1832)
61.212673 [INFO ] flat: Route menu loaded 0 trip folder(s) (obc_fw_nrf54l obc-fw-nrf54l/src/flat_store.rs:1877)
61.213778 [INFO ] flat: Rides menu loaded 0 finished ride(s) (obc_fw_nrf54l obc-fw-nrf54l/src/flat_store.rs:1906)
61.948795 [INFO ] visit: complete searches=2 anchors=1664/3422/3422 arrival=1808 total=4964 (obc_fw_nrf54l obc-fw-nrf54l/src/visit.rs:565)
62.045476 [INFO ] flat: Route menu loaded 4 route(s) (obc_fw_nrf54l obc-fw-nrf54l/src/flat_store.rs:1832)
62.046590 [INFO ] flat: Route menu loaded 0 trip folder(s) (obc_fw_nrf54l obc-fw-nrf54l/src/flat_store.rs:1877)
62.047742 [INFO ] flat: Rides menu loaded 0 finished ride(s) (obc_fw_nrf54l obc-fw-nrf54l/src/flat_store.rs:1906)
62.060902 [INFO ] freeze: banner repaint rows 96..132 (obc_fw_nrf54l obc-fw-nrf54l/src/ride.rs:3035)
62.070927 [INFO ] ui frame: render 6706 us + push 9777 us (screen redraw, no map) (obc_fw_nrf54l obc-fw-nrf54l/src/ride.rs:3283)
62.833422 [INFO ] visit: complete searches=2 anchors=1664/5422/5422 arrival=3759 total=4864 (obc_fw_nrf54l obc-fw-nrf54l/src/visit.rs:565)
62.932694 [INFO ] flat: Route menu loaded 5 route(s) (obc_fw_nrf54l obc-fw-nrf54l/src/flat_store.rs:1832)
62.933845 [INFO ] flat: Route menu loaded 0 trip folder(s) (obc_fw_nrf54l obc-fw-nrf54l/src/flat_store.rs:1877)
62.935039 [INFO ] flat: Rides menu loaded 0 finished ride(s) (obc_fw_nrf54l obc-fw-nrf54l/src/flat_store.rs:1906)
63.060079 [INFO ] freeze: banner repaint rows 96..132 (obc_fw_nrf54l obc-fw-nrf54l/src/ride.rs:3035)
63.070133 [INFO ] ui frame: render 6678 us + push 9776 us (screen redraw, no map) (obc_fw_nrf54l obc-fw-nrf54l/src/ride.rs:3283)
63.662399 [INFO ] visit: complete searches=2 anchors=1664/3591/3591 arrival=1929 total=4868 (obc_fw_nrf54l obc-fw-nrf54l/src/visit.rs:565)
63.769139 [INFO ] flat: Route menu loaded 6 route(s) (obc_fw_nrf54l obc-fw-nrf54l/src/flat_store.rs:1832)
63.770706 [INFO ] flat: Route menu loaded 0 trip folder(s) (obc_fw_nrf54l obc-fw-nrf54l/src/flat_store.rs:1877)
63.772349 [INFO ] flat: Rides menu loaded 0 finished ride(s) (obc_fw_nrf54l obc-fw-nrf54l/src/flat_store.rs:1906)
64.124689 [INFO ] freeze: banner repaint rows 96..132 (obc_fw_nrf54l obc-fw-nrf54l/src/ride.rs:3035)
64.134770 [INFO ] ui frame: render 6658 us + push 9784 us (screen redraw, no map) (obc_fw_nrf54l obc-fw-nrf54l/src/ride.rs:3283)
64.580908 [INFO ] visit: complete searches=2 anchors=1664/3730/3730 arrival=2210 total=5152 (obc_fw_nrf54l obc-fw-nrf54l/src/visit.rs:565)
64.701549 [INFO ] flat: Route menu loaded 7 route(s) (obc_fw_nrf54l obc-fw-nrf54l/src/flat_store.rs:1832)
64.703155 [INFO ] flat: Route menu loaded 0 trip folder(s) (obc_fw_nrf54l obc-fw-nrf54l/src/flat_store.rs:1877)
64.704816 [INFO ] flat: Rides menu loaded 0 finished ride(s) (obc_fw_nrf54l obc-fw-nrf54l/src/flat_store.rs:1906)
65.035050 [INFO ] freeze: banner repaint rows 96..132 (obc_fw_nrf54l obc-fw-nrf54l/src/ride.rs:3035)
65.045078 [INFO ] ui frame: render 6706 us + push 9779 us (screen redraw, no map) (obc_fw_nrf54l obc-fw-nrf54l/src/ride.rs:3283)
65.469083 [INFO ] visit: complete searches=2 anchors=1664/3553/3553 arrival=2210 total=5505 (obc_fw_nrf54l obc-fw-nrf54l/src/visit.rs:565)
65.595709 [INFO ] flat: Route menu loaded 8 route(s) (obc_fw_nrf54l obc-fw-nrf54l/src/flat_store.rs:1832)
65.597352 [INFO ] flat: Route menu loaded 0 trip folder(s) (obc_fw_nrf54l obc-fw-nrf54l/src/flat_store.rs:1877)
65.599059 [INFO ] flat: Rides menu loaded 0 finished ride(s) (obc_fw_nrf54l obc-fw-nrf54l/src/flat_store.rs:1906)
65.645329 [INFO ] find: ready results=4 (obc_fw_nrf54l obc-fw-nrf54l/src/ride.rs:2917)
66.229527 [INFO ] map frame: render 538294 us + push 43206 us | lod 10 | feat 451/663 | chunks 15 | map-cache 0 hit / 15 miss (obc_fw_nrf54l obc-fw-nrf54l/src/ride.rs:3269)
