75.592761 [INFO ] input: Press on FindPlace (obc_fw_nrf54l obc-fw-nrf54l/src/ride.rs:2699)
76.067509 [INFO ] map frame: render 423391 us + push 50660 us | lod 13 | feat 9/136 | chunks 2 | map-cache 2 hit / 0 miss (obc_fw_nrf54l obc-fw-nrf54l/src/ride.rs:3269)
76.077091 [INFO ] freeze: banner repaint rows 96..132 (obc_fw_nrf54l obc-fw-nrf54l/src/ride.rs:3035)
76.087132 [INFO ] ui frame: render 6709 us + push 9793 us (screen redraw, no map) (obc_fw_nrf54l obc-fw-nrf54l/src/ride.rs:3283)
76.778999 [INFO ] visit: complete searches=2 anchors=1664/2174/2174 arrival=637 total=5117 (obc_fw_nrf54l obc-fw-nrf54l/src/visit.rs:565)
76.872122 [INFO ] flat: Route menu loaded 3 route(s) (obc_fw_nrf54l obc-fw-nrf54l/src/flat_store.rs:1832)
76.873227 [INFO ] flat: Route menu loaded 0 trip folder(s) (obc_fw_nrf54l obc-fw-nrf54l/src/flat_store.rs:1877)
76.874332 [INFO ] flat: Rides menu loaded 0 finished ride(s) (obc_fw_nrf54l obc-fw-nrf54l/src/flat_store.rs:1906)
77.010817 [INFO ] freeze: banner repaint rows 96..132 (obc_fw_nrf54l obc-fw-nrf54l/src/ride.rs:3035)
77.020848 [INFO ] ui frame: render 6707 us + push 9783 us (screen redraw, no map) (obc_fw_nrf54l obc-fw-nrf54l/src/ride.rs:3283)
78.014076 [INFO ] freeze: banner repaint rows 96..132 (obc_fw_nrf54l obc-fw-nrf54l/src/ride.rs:3035)
78.024113 [INFO ] ui frame: render 6706 us + push 9789 us (screen redraw, no map) (obc_fw_nrf54l obc-fw-nrf54l/src/ride.rs:3283)
78.887028 [INFO ] visit: complete searches=2 anchors=1664/1664/1664 arrival=5852 total=16567 (obc_fw_nrf54l obc-fw-nrf54l/src/visit.rs:565)
79.495884 [INFO ] freeze: banner repaint rows 96..132 (obc_fw_nrf54l obc-fw-nrf54l/src/ride.rs:3035)
79.505907 [INFO ] ui frame: render 6706 us + push 9775 us (screen redraw, no map) (obc_fw_nrf54l obc-fw-nrf54l/src/ride.rs:3283)
79.525500 [INFO ] flat: Route menu loaded 4 route(s) (obc_fw_nrf54l obc-fw-nrf54l/src/flat_store.rs:1832)
79.526615 [INFO ] flat: Route menu loaded 0 trip folder(s) (obc_fw_nrf54l obc-fw-nrf54l/src/flat_store.rs:1877)
79.527738 [INFO ] flat: Rides menu loaded 0 finished ride(s) (obc_fw_nrf54l obc-fw-nrf54l/src/flat_store.rs:1906)
80.039844 [INFO ] freeze: banner repaint rows 96..132 (obc_fw_nrf54l obc-fw-nrf54l/src/ride.rs:3035)
80.049870 [INFO ] ui frame: render 6707 us + push 9777 us (screen redraw, no map) (obc_fw_nrf54l obc-fw-nrf54l/src/ride.rs:3283)
81.035295 [INFO ] freeze: banner repaint rows 96..132 (obc_fw_nrf54l obc-fw-nrf54l/src/ride.rs:3035)
81.045323 [INFO ] ui frame: render 6707 us + push 9779 us (screen redraw, no map) (obc_fw_nrf54l obc-fw-nrf54l/src/ride.rs:3283)
82.030041 [INFO ] freeze: banner repaint rows 96..132 (obc_fw_nrf54l obc-fw-nrf54l/src/ride.rs:3035)
82.040074 [INFO ] ui frame: render 6707 us + push 9784 us (screen redraw, no map) (obc_fw_nrf54l obc-fw-nrf54l/src/ride.rs:3283)
83.015127 [INFO ] freeze: banner repaint rows 96..132 (obc_fw_nrf54l obc-fw-nrf54l/src/ride.rs:3035)
83.025155 [INFO ] ui frame: render 6705 us + push 9779 us (screen redraw, no map) (obc_fw_nrf54l obc-fw-nrf54l/src/ride.rs:3283)
83.428164 [INFO ] visit: complete searches=2 anchors=1664/3009/3009 arrival=6500 total=15173 (obc_fw_nrf54l obc-fw-nrf54l/src/visit.rs:565)
83.697400 [INFO ] flat: Route menu loaded 5 route(s) (obc_fw_nrf54l obc-fw-nrf54l/src/flat_store.rs:1832)
83.698553 [INFO ] flat: Route menu loaded 0 trip folder(s) (obc_fw_nrf54l obc-fw-nrf54l/src/flat_store.rs:1877)
83.699747 [INFO ] flat: Rides menu loaded 0 finished ride(s) (obc_fw_nrf54l obc-fw-nrf54l/src/flat_store.rs:1906)
83.743389 [INFO ] find: ready results=1 (obc_fw_nrf54l obc-fw-nrf54l/src/ride.rs:2917)
84.139843 [INFO ] map frame: render 350524 us + push 43201 us | lod 11 | feat 300/485 | chunks 7 | map-cache 1 hit / 6 miss (obc_fw_nrf54l obc-fw-nrf54l/src/ride.rs:3269)
