27.265284 [INFO ] input: Press on FindPlace (obc_fw_nrf54l obc-fw-nrf54l/src/ride.rs:2699)
28.022437 [INFO ] map frame: render 705765 us + push 50692 us | lod 13 | feat 9/136 | chunks 2 | map-cache 2 hit / 0 miss (obc_fw_nrf54l obc-fw-nrf54l/src/ride.rs:3269)
28.023242 [INFO ] stack high-water 32932 / 50000 B (new peak) (obc_fw_nrf54l obc-fw-nrf54l/src/ride.rs:992)
28.057847 [INFO ] freeze: banner repaint rows 96..132 (obc_fw_nrf54l obc-fw-nrf54l/src/ride.rs:3035)
28.067876 [INFO ] ui frame: render 6709 us + push 9779 us (screen redraw, no map) (obc_fw_nrf54l obc-fw-nrf54l/src/ride.rs:3283)
28.947991 [INFO ] visit: complete searches=2 anchors=1664/1681/1681 arrival=17 total=4863 (obc_fw_nrf54l obc-fw-nrf54l/src/visit.rs:565)
29.442571 [INFO ] freeze: banner repaint rows 96..132 (obc_fw_nrf54l obc-fw-nrf54l/src/ride.rs:3035)
29.452610 [INFO ] ui frame: render 6707 us + push 9790 us (screen redraw, no map) (obc_fw_nrf54l obc-fw-nrf54l/src/ride.rs:3283)
29.468652 [INFO ] flat: Route menu loaded 3 route(s) (obc_fw_nrf54l obc-fw-nrf54l/src/flat_store.rs:1832)
29.469728 [INFO ] flat: Route menu loaded 0 trip folder(s) (obc_fw_nrf54l obc-fw-nrf54l/src/flat_store.rs:1877)
29.470832 [INFO ] flat: Rides menu loaded 0 finished ride(s) (obc_fw_nrf54l obc-fw-nrf54l/src/flat_store.rs:1906)
30.081267 [INFO ] freeze: banner repaint rows 96..132 (obc_fw_nrf54l obc-fw-nrf54l/src/ride.rs:3035)
30.091286 [INFO ] ui frame: render 6707 us + push 9773 us (screen redraw, no map) (obc_fw_nrf54l obc-fw-nrf54l/src/ride.rs:3283)
30.255514 [INFO ] visit: complete searches=2 anchors=1664/2142/2142 arrival=489 total=4885 (obc_fw_nrf54l obc-fw-nrf54l/src/visit.rs:565)
30.352320 [INFO ] flat: Route menu loaded 4 route(s) (obc_fw_nrf54l obc-fw-nrf54l/src/flat_store.rs:1832)
30.353432 [INFO ] flat: Route menu loaded 0 trip folder(s) (obc_fw_nrf54l obc-fw-nrf54l/src/flat_store.rs:1877)
30.354580 [INFO ] flat: Rides menu loaded 0 finished ride(s) (obc_fw_nrf54l obc-fw-nrf54l/src/flat_store.rs:1906)
30.918643 [INFO ] visit: complete searches=2 anchors=1664/1664/1664 arrival=254 total=5372 (obc_fw_nrf54l obc-fw-nrf54l/src/visit.rs:565)
31.016465 [INFO ] flat: Route menu loaded 5 route(s) (obc_fw_nrf54l obc-fw-nrf54l/src/flat_store.rs:1832)
31.017614 [INFO ] flat: Route menu loaded 0 trip folder(s) (obc_fw_nrf54l obc-fw-nrf54l/src/flat_store.rs:1877)
31.018809 [INFO ] flat: Rides menu loaded 0 finished ride(s) (obc_fw_nrf54l obc-fw-nrf54l/src/flat_store.rs:1906)
31.041858 [INFO ] freeze: banner repaint rows 96..132 (obc_fw_nrf54l obc-fw-nrf54l/src/ride.rs:3035)
31.051884 [INFO ] ui frame: render 6706 us + push 9777 us (screen redraw, no map) (obc_fw_nrf54l obc-fw-nrf54l/src/ride.rs:3283)
31.770446 [INFO ] visit: complete searches=2 anchors=1664/2445/2445 arrival=970 total=5240 (obc_fw_nrf54l obc-fw-nrf54l/src/visit.rs:565)
31.899698 [INFO ] flat: Route menu loaded 6 route(s) (obc_fw_nrf54l obc-fw-nrf54l/src/flat_store.rs:1832)
31.901344 [INFO ] flat: Route menu loaded 0 trip folder(s) (obc_fw_nrf54l obc-fw-nrf54l/src/flat_store.rs:1877)
31.902961 [INFO ] flat: Rides menu loaded 0 finished ride(s) (obc_fw_nrf54l obc-fw-nrf54l/src/flat_store.rs:1906)
32.031358 [INFO ] freeze: banner repaint rows 96..132 (obc_fw_nrf54l obc-fw-nrf54l/src/ride.rs:3035)
32.041385 [INFO ] ui frame: render 6707 us + push 9779 us (screen redraw, no map) (obc_fw_nrf54l obc-fw-nrf54l/src/ride.rs:3283)
32.660879 [INFO ] visit: complete searches=2 anchors=1664/1664/1664 arrival=802 total=6468 (obc_fw_nrf54l obc-fw-nrf54l/src/visit.rs:565)
32.789767 [INFO ] flat: Route menu loaded 7 route(s) (obc_fw_nrf54l obc-fw-nrf54l/src/flat_store.rs:1832)
32.791372 [INFO ] flat: Route menu loaded 0 trip folder(s) (obc_fw_nrf54l obc-fw-nrf54l/src/flat_store.rs:1877)
32.793038 [INFO ] flat: Rides menu loaded 0 finished ride(s) (obc_fw_nrf54l obc-fw-nrf54l/src/flat_store.rs:1906)
33.113461 [INFO ] freeze: banner repaint rows 96..132 (obc_fw_nrf54l obc-fw-nrf54l/src/ride.rs:3035)
33.123484 [INFO ] ui frame: render 6659 us + push 9774 us (screen redraw, no map) (obc_fw_nrf54l obc-fw-nrf54l/src/ride.rs:3283)
33.704644 [INFO ] visit: complete searches=2 anchors=1664/2368/2368 arrival=1434 total=6323 (obc_fw_nrf54l obc-fw-nrf54l/src/visit.rs:565)
33.838975 [INFO ] flat: Route menu loaded 8 route(s) (obc_fw_nrf54l obc-fw-nrf54l/src/flat_store.rs:1832)
33.840617 [INFO ] flat: Route menu loaded 0 trip folder(s) (obc_fw_nrf54l obc-fw-nrf54l/src/flat_store.rs:1877)
33.842328 [INFO ] flat: Rides menu loaded 0 finished ride(s) (obc_fw_nrf54l obc-fw-nrf54l/src/flat_store.rs:1906)
34.011051 [INFO ] freeze: banner repaint rows 96..132 (obc_fw_nrf54l obc-fw-nrf54l/src/ride.rs:3035)
34.021073 [INFO ] ui frame: render 6713 us + push 9773 us (screen redraw, no map) (obc_fw_nrf54l obc-fw-nrf54l/src/ride.rs:3283)
34.558049 [INFO ] visit: complete searches=2 anchors=1664/2636/2636 arrival=972 total=4864 (obc_fw_nrf54l obc-fw-nrf54l/src/visit.rs:565)
34.682876 [INFO ] flat: Route menu loaded 9 route(s) (obc_fw_nrf54l obc-fw-nrf54l/src/flat_store.rs:1832)
34.684557 [INFO ] flat: Route menu loaded 0 trip folder(s) (obc_fw_nrf54l obc-fw-nrf54l/src/flat_store.rs:1877)
34.686309 [INFO ] flat: Rides menu loaded 0 finished ride(s) (obc_fw_nrf54l obc-fw-nrf54l/src/flat_store.rs:1906)
34.728694 [INFO ] find: ready results=4 (obc_fw_nrf54l obc-fw-nrf54l/src/ride.rs:2917)
35.087232 [INFO ] map frame: render 312591 us + push 43200 us | lod 10 | feat 234/375 | chunks 8 | map-cache 0 hit / 8 miss (obc_fw_nrf54l obc-fw-nrf54l/src/ride.rs:3269)
