68.569411 [INFO ] input: Press on FindPlace (obc_fw_nrf54l obc-fw-nrf54l/src/ride.rs:2699)
69.188277 [INFO ] map frame: render 567523 us + push 50645 us | lod 13 | feat 9/136 | chunks 2 | map-cache 2 hit / 0 miss (obc_fw_nrf54l obc-fw-nrf54l/src/ride.rs:3269)
69.197857 [INFO ] freeze: banner repaint rows 96..132 (obc_fw_nrf54l obc-fw-nrf54l/src/ride.rs:3035)
69.207890 [INFO ] ui frame: render 6678 us + push 9785 us (screen redraw, no map) (obc_fw_nrf54l obc-fw-nrf54l/src/ride.rs:3283)
69.924020 [INFO ] visit: complete searches=2 anchors=1664/2241/2241 arrival=793 total=5295 (obc_fw_nrf54l obc-fw-nrf54l/src/visit.rs:565)
70.426774 [INFO ] freeze: banner repaint rows 96..132 (obc_fw_nrf54l obc-fw-nrf54l/src/ride.rs:3035)
70.436802 [INFO ] ui frame: render 6707 us + push 9780 us (screen redraw, no map) (obc_fw_nrf54l obc-fw-nrf54l/src/ride.rs:3283)
70.452735 [INFO ] flat: Route menu loaded 3 route(s) (obc_fw_nrf54l obc-fw-nrf54l/src/flat_store.rs:1832)
70.453812 [INFO ] flat: Route menu loaded 0 trip folder(s) (obc_fw_nrf54l obc-fw-nrf54l/src/flat_store.rs:1877)
70.454915 [INFO ] flat: Rides menu loaded 0 finished ride(s) (obc_fw_nrf54l obc-fw-nrf54l/src/flat_store.rs:1906)
71.080429 [INFO ] freeze: banner repaint rows 96..132 (obc_fw_nrf54l obc-fw-nrf54l/src/ride.rs:3035)
71.090458 [INFO ] ui frame: render 6707 us + push 9780 us (screen redraw, no map) (obc_fw_nrf54l obc-fw-nrf54l/src/ride.rs:3283)
71.238459 [INFO ] visit: complete searches=2 anchors=1664/5373/5373 arrival=3758 total=4961 (obc_fw_nrf54l obc-fw-nrf54l/src/visit.rs:565)
71.334862 [INFO ] flat: Route menu loaded 4 route(s) (obc_fw_nrf54l obc-fw-nrf54l/src/flat_store.rs:1832)
71.335976 [INFO ] flat: Route menu loaded 0 trip folder(s) (obc_fw_nrf54l obc-fw-nrf54l/src/flat_store.rs:1877)
71.337154 [INFO ] flat: Rides menu loaded 0 finished ride(s) (obc_fw_nrf54l obc-fw-nrf54l/src/flat_store.rs:1906)
72.014008 [INFO ] freeze: banner repaint rows 96..132 (obc_fw_nrf54l obc-fw-nrf54l/src/ride.rs:3035)
72.024054 [INFO ] ui frame: render 6706 us + push 9797 us (screen redraw, no map) (obc_fw_nrf54l obc-fw-nrf54l/src/ride.rs:3283)
72.131273 [INFO ] visit: complete searches=2 anchors=1664/5374/5374 arrival=3771 total=4985 (obc_fw_nrf54l obc-fw-nrf54l/src/visit.rs:565)
72.232329 [INFO ] flat: Route menu loaded 5 route(s) (obc_fw_nrf54l obc-fw-nrf54l/src/flat_store.rs:1832)
72.233477 [INFO ] flat: Route menu loaded 0 trip folder(s) (obc_fw_nrf54l obc-fw-nrf54l/src/flat_store.rs:1877)
72.234673 [INFO ] flat: Rides menu loaded 0 finished ride(s) (obc_fw_nrf54l obc-fw-nrf54l/src/flat_store.rs:1906)
72.278228 [INFO ] find: ready results=3 (obc_fw_nrf54l obc-fw-nrf54l/src/ride.rs:2917)
72.801985 [INFO ] map frame: render 477832 us + push 43198 us | lod 11 | feat 454/614 | chunks 9 | map-cache 0 hit / 9 miss (obc_fw_nrf54l obc-fw-nrf54l/src/ride.rs:3269)
