138.862780 [INFO ] input: Press on VisitReview (obc_fw_nrf54l obc-fw-nrf54l/src/ride.rs:2704)
139.196051 [INFO ] map frame: render 319763 us + push 12775 us | lod 10 | feat 251/375 | chunks 8 | map-cache 0 hit / 8 miss (obc_fw_nrf54l obc-fw-nrf54l/src/ride.rs:3276)
139.432048 [INFO ] map frame: render 122262 us + push 52806 us | lod 13 | feat 37/218 | chunks 3 | map-cache 3 hit / 0 miss (obc_fw_nrf54l obc-fw-nrf54l/src/ride.rs:3276)
139.476573 [INFO ] flat: Route menu loaded 9 route(s) (obc_fw_nrf54l obc-fw-nrf54l/src/flat_store.rs:1837)
139.478217 [INFO ] flat: Route menu loaded 0 trip folder(s) (obc_fw_nrf54l obc-fw-nrf54l/src/flat_store.rs:1882)
139.479899 [INFO ] flat: Rides menu loaded 0 finished ride(s) (obc_fw_nrf54l obc-fw-nrf54l/src/flat_store.rs:1911)
139.605747 [INFO ] map frame: render 93834 us + push 14140 us | lod 13 | feat 37/218 | chunks 3 | map-cache 3 hit / 0 miss (obc_fw_nrf54l obc-fw-nrf54l/src/ride.rs:3276)
139.711205 [INFO ] flat: Route menu loaded 8 route(s) (obc_fw_nrf54l obc-fw-nrf54l/src/flat_store.rs:1837)
139.712714 [INFO ] flat: Route menu loaded 0 trip folder(s) (obc_fw_nrf54l obc-fw-nrf54l/src/flat_store.rs:1882)
139.714276 [INFO ] flat: Rides menu loaded 0 finished ride(s) (obc_fw_nrf54l obc-fw-nrf54l/src/flat_store.rs:1911)
139.827700 [INFO ] map frame: render 93044 us + push 8584 us | lod 13 | feat 37/218 | chunks 3 | map-cache 3 hit / 0 miss (obc_fw_nrf54l obc-fw-nrf54l/src/ride.rs:3276)
140.391485 [INFO ] flat: Route menu loaded 7 route(s) (obc_fw_nrf54l obc-fw-nrf54l/src/flat_store.rs:1837)
140.393022 [INFO ] flat: Route menu loaded 0 trip folder(s) (obc_fw_nrf54l obc-fw-nrf54l/src/flat_store.rs:1882)
140.394615 [INFO ] flat: Rides menu loaded 0 finished ride(s) (obc_fw_nrf54l obc-fw-nrf54l/src/flat_store.rs:1911)
140.508414 [INFO ] map frame: render 92988 us + push 8586 us | lod 13 | feat 37/218 | chunks 3 | map-cache 3 hit / 0 miss (obc_fw_nrf54l obc-fw-nrf54l/src/ride.rs:3276)
140.701882 [INFO ] flat: Route menu loaded 6 route(s) (obc_fw_nrf54l obc-fw-nrf54l/src/flat_store.rs:1837)
140.703397 [INFO ] flat: Route menu loaded 0 trip folder(s) (obc_fw_nrf54l obc-fw-nrf54l/src/flat_store.rs:1882)
140.704944 [INFO ] flat: Rides menu loaded 0 finished ride(s) (obc_fw_nrf54l obc-fw-nrf54l/src/flat_store.rs:1911)
140.817179 [INFO ] map frame: render 93049 us + push 8586 us | lod 13 | feat 37/218 | chunks 3 | map-cache 3 hit / 0 miss (obc_fw_nrf54l obc-fw-nrf54l/src/ride.rs:3276)
141.360530 [INFO ] flat: Route menu loaded 5 route(s) (obc_fw_nrf54l obc-fw-nrf54l/src/flat_store.rs:1837)
141.361650 [INFO ] flat: Route menu loaded 0 trip folder(s) (obc_fw_nrf54l obc-fw-nrf54l/src/flat_store.rs:1882)
141.362732 [INFO ] flat: Rides menu loaded 0 finished ride(s) (obc_fw_nrf54l obc-fw-nrf54l/src/flat_store.rs:1911)
141.472942 [INFO ] map frame: render 92976 us + push 8586 us | lod 13 | feat 37/218 | chunks 3 | map-cache 3 hit / 0 miss (obc_fw_nrf54l obc-fw-nrf54l/src/ride.rs:3276)
141.474411 [INFO ] input: chord Assistant on Assistant (opened/closed) (obc_fw_nrf54l obc-fw-nrf54l/src/ride.rs:2682)
141.577224 [INFO ] ui frame: render 49285 us + push 52809 us (screen redraw, no map) (obc_fw_nrf54l obc-fw-nrf54l/src/ride.rs:3290)
142.222213 [INFO ] input: Press on Assistant (obc_fw_nrf54l obc-fw-nrf54l/src/ride.rs:2704)
142.309090 [INFO ] map frame: render 38244 us + push 47962 us | lod 0 | feat 0/0 | chunks 0 | map-cache 0 hit / 0 miss (obc_fw_nrf54l obc-fw-nrf54l/src/ride.rs:3276)
142.632184 [INFO ] input: Press on FindPlace (obc_fw_nrf54l obc-fw-nrf54l/src/ride.rs:2704)
142.875846 [INFO ] map frame: render 192324 us + push 50644 us | lod 13 | feat 9/136 | chunks 2 | map-cache 2 hit / 0 miss (obc_fw_nrf54l obc-fw-nrf54l/src/ride.rs:3276)
143.032753 [INFO ] freeze: banner repaint rows 88..144 (obc_fw_nrf54l obc-fw-nrf54l/src/ride.rs:3042)
143.043614 [INFO ] ui frame: render 8200 us + push 10612 us (screen redraw, no map) (obc_fw_nrf54l obc-fw-nrf54l/src/ride.rs:3290)
143.496345 [INFO ] visit: complete searches=2 anchors=0/17/17 arrival=17 total=1046 (obc_fw_nrf54l obc-fw-nrf54l/src/visit.rs:565)
143.561573 [INFO ] flat: Route menu loaded 6 route(s) (obc_fw_nrf54l obc-fw-nrf54l/src/flat_store.rs:1837)
143.563118 [INFO ] flat: Route menu loaded 0 trip folder(s) (obc_fw_nrf54l obc-fw-nrf54l/src/flat_store.rs:1882)
143.564667 [INFO ] flat: Rides menu loaded 0 finished ride(s) (obc_fw_nrf54l obc-fw-nrf54l/src/flat_store.rs:1911)
144.016447 [INFO ] freeze: banner repaint rows 88..144 (obc_fw_nrf54l obc-fw-nrf54l/src/ride.rs:3042)
144.031540 [INFO ] ui frame: render 8179 us + push 14845 us (screen redraw, no map) (obc_fw_nrf54l obc-fw-nrf54l/src/ride.rs:3290)
144.115539 [INFO ] visit: complete searches=2 anchors=0/0/0 arrival=255 total=1555 (obc_fw_nrf54l obc-fw-nrf54l/src/visit.rs:565)
144.193175 [INFO ] flat: Route menu loaded 7 route(s) (obc_fw_nrf54l obc-fw-nrf54l/src/flat_store.rs:1837)
144.194618 [INFO ] flat: Route menu loaded 0 trip folder(s) (obc_fw_nrf54l obc-fw-nrf54l/src/flat_store.rs:1882)
144.196114 [INFO ] flat: Rides menu loaded 0 finished ride(s) (obc_fw_nrf54l obc-fw-nrf54l/src/flat_store.rs:1911)
144.906716 [INFO ] visit: complete searches=2 anchors=0/0/0 arrival=803 total=2652 (obc_fw_nrf54l obc-fw-nrf54l/src/visit.rs:565)
144.998294 [INFO ] flat: Route menu loaded 8 route(s) (obc_fw_nrf54l obc-fw-nrf54l/src/flat_store.rs:1837)
144.999806 [INFO ] flat: Route menu loaded 0 trip folder(s) (obc_fw_nrf54l obc-fw-nrf54l/src/flat_store.rs:1882)
145.001380 [INFO ] flat: Rides menu loaded 0 finished ride(s) (obc_fw_nrf54l obc-fw-nrf54l/src/flat_store.rs:1911)
145.030151 [INFO ] freeze: banner repaint rows 88..144 (obc_fw_nrf54l obc-fw-nrf54l/src/ride.rs:3042)
145.042372 [INFO ] ui frame: render 8156 us + push 11972 us (screen redraw, no map) (obc_fw_nrf54l obc-fw-nrf54l/src/ride.rs:3290)
145.779529 [INFO ] visit: complete searches=2 anchors=0/479/479 arrival=489 total=1067 (obc_fw_nrf54l obc-fw-nrf54l/src/visit.rs:565)
145.864635 [INFO ] flat: Route menu loaded 9 route(s) (obc_fw_nrf54l obc-fw-nrf54l/src/flat_store.rs:1837)
145.866152 [INFO ] flat: Route menu loaded 0 trip folder(s) (obc_fw_nrf54l obc-fw-nrf54l/src/flat_store.rs:1882)
145.867744 [INFO ] flat: Rides menu loaded 0 finished ride(s) (obc_fw_nrf54l obc-fw-nrf54l/src/flat_store.rs:1911)
146.013326 [INFO ] freeze: banner repaint rows 88..144 (obc_fw_nrf54l obc-fw-nrf54l/src/ride.rs:3042)
146.024235 [INFO ] ui frame: render 8153 us + push 10661 us (screen redraw, no map) (obc_fw_nrf54l obc-fw-nrf54l/src/ride.rs:3290)
146.603984 [INFO ] visit: complete searches=2 anchors=0/759/759 arrival=809 total=1147 (obc_fw_nrf54l obc-fw-nrf54l/src/visit.rs:565)
146.704806 [INFO ] flat: Route menu loaded 10 route(s) (obc_fw_nrf54l obc-fw-nrf54l/src/flat_store.rs:1837)
146.706803 [INFO ] flat: Route menu loaded 0 trip folder(s) (obc_fw_nrf54l obc-fw-nrf54l/src/flat_store.rs:1882)
146.708882 [INFO ] flat: Rides menu loaded 0 finished ride(s) (obc_fw_nrf54l obc-fw-nrf54l/src/flat_store.rs:1911)
146.751051 [INFO ] find: ready results=3 (obc_fw_nrf54l obc-fw-nrf54l/src/ride.rs:2924)
147.220005 [INFO ] map frame: render 422998 us + push 43211 us | lod 11 | feat 408/614 | chunks 9 | map-cache 0 hit / 9 miss (obc_fw_nrf54l obc-fw-nrf54l/src/ride.rs:3276)
147.647143 [INFO ] map frame: render 414908 us + push 8586 us | lod 11 | feat 408/614 | chunks 9 | map-cache 0 hit / 9 miss (obc_fw_nrf54l obc-fw-nrf54l/src/ride.rs:3276)
147.711535 [INFO ] flat: Route menu loaded 9 route(s) (obc_fw_nrf54l obc-fw-nrf54l/src/flat_store.rs:1837)
147.713147 [INFO ] flat: Route menu loaded 0 trip folder(s) (obc_fw_nrf54l obc-fw-nrf54l/src/flat_store.rs:1882)
147.714833 [INFO ] flat: Rides menu loaded 0 finished ride(s) (obc_fw_nrf54l obc-fw-nrf54l/src/flat_store.rs:1911)
148.148035 [INFO ] map frame: render 414510 us + push 8586 us | lod 11 | feat 408/614 | chunks 9 | map-cache 0 hit / 9 miss (obc_fw_nrf54l obc-fw-nrf54l/src/ride.rs:3276)
148.211443 [INFO ] flat: Route menu loaded 8 route(s) (obc_fw_nrf54l obc-fw-nrf54l/src/flat_store.rs:1837)
148.212919 [INFO ] flat: Route menu loaded 0 trip folder(s) (obc_fw_nrf54l obc-fw-nrf54l/src/flat_store.rs:1882)
148.214463 [INFO ] flat: Rides menu loaded 0 finished ride(s) (obc_fw_nrf54l obc-fw-nrf54l/src/flat_store.rs:1911)
148.647758 [INFO ] map frame: render 413844 us + push 8585 us | lod 11 | feat 408/614 | chunks 9 | map-cache 1 hit / 8 miss (obc_fw_nrf54l obc-fw-nrf54l/src/ride.rs:3276)
182.554835 [INFO ] input: BackHold on FindPlace (obc_fw_nrf54l obc-fw-nrf54l/src/ride.rs:2704)
182.634224 [INFO ] ui frame: render 37053 us + push 41655 us (screen redraw, no map) (obc_fw_nrf54l obc-fw-nrf54l/src/ride.rs:3290)
183.301327 [INFO ] input: Press on Menu (obc_fw_nrf54l obc-fw-nrf54l/src/ride.rs:2704)
183.370366 [INFO ] ui frame: render 23220 us + push 45122 us (screen redraw, no map) (obc_fw_nrf54l obc-fw-nrf54l/src/ride.rs:3290)
