718.429728 [INFO ] input: Press on Warning (obc_fw_nrf54l obc-fw-nrf54l/src/ride.rs:2704)
718.577648 [INFO ] map frame: render 94398 us + push 52811 us | lod 13 | feat 37/218 | chunks 3 | map-cache 0 hit / 3 miss (obc_fw_nrf54l obc-fw-nrf54l/src/ride.rs:3276)
719.795836 [INFO ] input: chord Assistant on Assistant (opened/closed) (obc_fw_nrf54l obc-fw-nrf54l/src/ride.rs:2682)
719.898503 [INFO ] ui frame: render 49229 us + push 52722 us (screen redraw, no map) (obc_fw_nrf54l obc-fw-nrf54l/src/ride.rs:3290)
720.575373 [INFO ] input: Press on Assistant (obc_fw_nrf54l obc-fw-nrf54l/src/ride.rs:2704)
720.662052 [INFO ] map frame: render 38150 us + push 47831 us | lod 0 | feat 0/0 | chunks 0 | map-cache 0 hit / 0 miss (obc_fw_nrf54l obc-fw-nrf54l/src/ride.rs:3276)
720.985247 [INFO ] input: Press on FindPlace (obc_fw_nrf54l obc-fw-nrf54l/src/ride.rs:2704)
721.118756 [INFO ] map frame: render 82146 us + push 50640 us | lod 13 | feat 9/136 | chunks 2 | map-cache 1 hit / 1 miss (obc_fw_nrf54l obc-fw-nrf54l/src/ride.rs:3276)
721.153055 [INFO ] freeze: banner repaint rows 88..144 (obc_fw_nrf54l obc-fw-nrf54l/src/ride.rs:3042)
721.165287 [INFO ] ui frame: render 8157 us + push 11984 us (screen redraw, no map) (obc_fw_nrf54l obc-fw-nrf54l/src/ride.rs:3290)
721.416238 [INFO ] flat: Route menu loaded 6 route(s) (obc_fw_nrf54l obc-fw-nrf54l/src/flat_store.rs:1837)
721.416808 [INFO ] nav route: ok len=17 total_ms=222 snap_ms=66 search_ms=0 emit_ms=1 write_ms=48 rescan_ms=0 source_reads=114 graph_reads=95 index_reads=19 settles=1 eps=13/10 stack_hw=35832/49672 (obc_fw_nrf54l obc-fw-nrf54l/src/ride.rs:505)
721.457805 [INFO ] flat: Route menu loaded 6 route(s) (obc_fw_nrf54l obc-fw-nrf54l/src/flat_store.rs:1837)
721.459318 [INFO ] flat: Route menu loaded 0 trip folder(s) (obc_fw_nrf54l obc-fw-nrf54l/src/flat_store.rs:1882)
721.460863 [INFO ] flat: Rides menu loaded 0 finished ride(s) (obc_fw_nrf54l obc-fw-nrf54l/src/flat_store.rs:1911)
721.467344 [INFO ] nav route: released after 272 ms (obc_fw_nrf54l obc-fw-nrf54l/src/ride.rs:2313)
721.718019 [INFO ] flat: Route menu loaded 7 route(s) (obc_fw_nrf54l obc-fw-nrf54l/src/flat_store.rs:1837)
721.718588 [INFO ] nav route: ok len=255 total_ms=213 snap_ms=50 search_ms=1 emit_ms=4 write_ms=42 rescan_ms=0 source_reads=84 graph_reads=67 index_reads=17 settles=4 eps=13/10 stack_hw=35832/49672 (obc_fw_nrf54l obc-fw-nrf54l/src/ride.rs:505)
721.768135 [INFO ] flat: Route menu loaded 7 route(s) (obc_fw_nrf54l obc-fw-nrf54l/src/flat_store.rs:1837)
721.769575 [INFO ] flat: Route menu loaded 0 trip folder(s) (obc_fw_nrf54l obc-fw-nrf54l/src/flat_store.rs:1882)
721.771106 [INFO ] flat: Rides menu loaded 0 finished ride(s) (obc_fw_nrf54l obc-fw-nrf54l/src/flat_store.rs:1911)
721.778684 [INFO ] nav route: released after 273 ms (obc_fw_nrf54l obc-fw-nrf54l/src/ride.rs:2313)
722.033852 [INFO ] freeze: banner repaint rows 88..144 (obc_fw_nrf54l obc-fw-nrf54l/src/ride.rs:3042)
722.044713 [INFO ] ui frame: render 8153 us + push 10612 us (screen redraw, no map) (obc_fw_nrf54l obc-fw-nrf54l/src/ride.rs:3290)
722.181554 [INFO ] flat: Route menu loaded 8 route(s) (obc_fw_nrf54l obc-fw-nrf54l/src/flat_store.rs:1837)
722.182123 [INFO ] nav route: ok len=803 total_ms=365 snap_ms=53 search_ms=68 emit_ms=19 write_ms=41 rescan_ms=0 source_reads=150 graph_reads=130 index_reads=20 settles=184 eps=13/10 stack_hw=35832/49672 (obc_fw_nrf54l obc-fw-nrf54l/src/ride.rs:505)
722.237352 [INFO ] flat: Route menu loaded 8 route(s) (obc_fw_nrf54l obc-fw-nrf54l/src/flat_store.rs:1837)
722.238914 [INFO ] flat: Route menu loaded 0 trip folder(s) (obc_fw_nrf54l obc-fw-nrf54l/src/flat_store.rs:1882)
722.240554 [INFO ] flat: Rides menu loaded 0 finished ride(s) (obc_fw_nrf54l obc-fw-nrf54l/src/flat_store.rs:1911)
722.248662 [INFO ] nav route: released after 431 ms (obc_fw_nrf54l obc-fw-nrf54l/src/ride.rs:2313)
722.637781 [INFO ] flat: Route menu loaded 9 route(s) (obc_fw_nrf54l obc-fw-nrf54l/src/flat_store.rs:1837)
722.638379 [INFO ] nav route: ok len=482 total_ms=359 snap_ms=108 search_ms=29 emit_ms=24 write_ms=41 rescan_ms=0 source_reads=217 graph_reads=185 index_reads=32 settles=74 eps=13/10 stack_hw=35832/49672 (obc_fw_nrf54l obc-fw-nrf54l/src/ride.rs:505)
722.694167 [INFO ] flat: Route menu loaded 9 route(s) (obc_fw_nrf54l obc-fw-nrf54l/src/flat_store.rs:1837)
722.695781 [INFO ] flat: Route menu loaded 0 trip folder(s) (obc_fw_nrf54l obc-fw-nrf54l/src/flat_store.rs:1882)
722.697540 [INFO ] flat: Rides menu loaded 0 finished ride(s) (obc_fw_nrf54l obc-fw-nrf54l/src/flat_store.rs:1911)
722.704289 [INFO ] nav route: released after 425 ms (obc_fw_nrf54l obc-fw-nrf54l/src/ride.rs:2313)
722.722095 [INFO ] find: ready results=4 (obc_fw_nrf54l obc-fw-nrf54l/src/ride.rs:2924)
723.269566 [INFO ] map frame: render 501541 us + push 43231 us | lod 11 | feat 452/761 | chunks 12 | map-cache 2 hit / 10 miss (obc_fw_nrf54l obc-fw-nrf54l/src/ride.rs:3276)
723.771790 [INFO ] map frame: render 492657 us + push 8585 us | lod 11 | feat 452/761 | chunks 12 | map-cache 2 hit / 10 miss (obc_fw_nrf54l obc-fw-nrf54l/src/ride.rs:3276)
751.520778 [INFO ] input: BackHold on FindPlace (obc_fw_nrf54l obc-fw-nrf54l/src/ride.rs:2704)
751.599888 [INFO ] ui frame: render 36863 us + push 41521 us (screen redraw, no map) (obc_fw_nrf54l obc-fw-nrf54l/src/ride.rs:3290)
752.252668 [INFO ] input: Back on Menu (obc_fw_nrf54l obc-fw-nrf54l/src/ride.rs:2704)
752.796213 [INFO ] map frame: render 492758 us + push 50118 us | lod 11 | feat 452/761 | chunks 12 | map-cache 2 hit / 10 miss (obc_fw_nrf54l obc-fw-nrf54l/src/ride.rs:3276)
752.797096 [INFO ] input: Press on FindPlace (obc_fw_nrf54l obc-fw-nrf54l/src/ride.rs:2704)
752.949559 [INFO ] map frame: render 102720 us + push 48922 us | lod 13 | feat 37/218 | chunks 3 | map-cache 1 hit / 2 miss (obc_fw_nrf54l obc-fw-nrf54l/src/ride.rs:3276)
753.000602 [INFO ] flat: Route menu loaded 9 route(s) (obc_fw_nrf54l obc-fw-nrf54l/src/flat_store.rs:1837)
753.112371 [INFO ] map frame: render 61151 us + push 37275 us | lod 13 | feat 10/136 | chunks 2 | map-cache 2 hit / 0 miss (obc_fw_nrf54l obc-fw-nrf54l/src/ride.rs:3276)
753.144615 [INFO ] input: Step 1 on VisitReview (obc_fw_nrf54l obc-fw-nrf54l/src/ride.rs:2702)
753.215085 [INFO ] map frame: render 61206 us + push 8587 us | lod 13 | feat 10/136 | chunks 2 | map-cache 2 hit / 0 miss (obc_fw_nrf54l obc-fw-nrf54l/src/ride.rs:3276)
753.546423 [INFO ] input: Step 1 on VisitReview (obc_fw_nrf54l obc-fw-nrf54l/src/ride.rs:2702)
753.616101 [INFO ] map frame: render 60411 us + push 8588 us | lod 13 | feat 10/136 | chunks 2 | map-cache 2 hit / 0 miss (obc_fw_nrf54l obc-fw-nrf54l/src/ride.rs:3276)
754.371806 [INFO ] input: Hold on VisitReview (obc_fw_nrf54l obc-fw-nrf54l/src/ride.rs:2704)
754.441509 [INFO ] map frame: render 60326 us + push 8697 us | lod 13 | feat 10/136 | chunks 2 | map-cache 2 hit / 0 miss (obc_fw_nrf54l obc-fw-nrf54l/src/ride.rs:3276)
781.664117 [INFO ] input: Back on VisitReview (obc_fw_nrf54l obc-fw-nrf54l/src/ride.rs:2704)
782.218331 [INFO ] map frame: render 504343 us + push 49157 us | lod 11 | feat 452/761 | chunks 12 | map-cache 2 hit / 10 miss (obc_fw_nrf54l obc-fw-nrf54l/src/ride.rs:3276)
782.218700 [INFO ] input: Back on FindPlace (obc_fw_nrf54l obc-fw-nrf54l/src/ride.rs:2704)
782.308143 [INFO ] map frame: render 38198 us + push 50557 us | lod 0 | feat 0/0 | chunks 0 | map-cache 0 hit / 0 miss (obc_fw_nrf54l obc-fw-nrf54l/src/ride.rs:3276)
782.623184 [INFO ] flat: Route menu loaded 8 route(s) (obc_fw_nrf54l obc-fw-nrf54l/src/flat_store.rs:1837)
782.624665 [INFO ] flat: Route menu loaded 0 trip folder(s) (obc_fw_nrf54l obc-fw-nrf54l/src/flat_store.rs:1882)
782.626209 [INFO ] flat: Rides menu loaded 0 finished ride(s) (obc_fw_nrf54l obc-fw-nrf54l/src/flat_store.rs:1911)
782.644621 [INFO ] input: Back on FindPlace (obc_fw_nrf54l obc-fw-nrf54l/src/ride.rs:2704)
782.742528 [INFO ] ui frame: render 49292 us + push 47929 us (screen redraw, no map) (obc_fw_nrf54l obc-fw-nrf54l/src/ride.rs:3290)
783.121703 [INFO ] flat: Route menu loaded 7 route(s) (obc_fw_nrf54l obc-fw-nrf54l/src/flat_store.rs:1837)
783.123239 [INFO ] flat: Route menu loaded 0 trip folder(s) (obc_fw_nrf54l obc-fw-nrf54l/src/flat_store.rs:1882)
783.124832 [INFO ] flat: Rides menu loaded 0 finished ride(s) (obc_fw_nrf54l obc-fw-nrf54l/src/flat_store.rs:1911)
783.191303 [INFO ] ui frame: render 49323 us + push 8640 us (screen redraw, no map) (obc_fw_nrf54l obc-fw-nrf54l/src/ride.rs:3290)
783.252213 [INFO ] flat: Route menu loaded 6 route(s) (obc_fw_nrf54l obc-fw-nrf54l/src/flat_store.rs:1837)
783.253708 [INFO ] flat: Route menu loaded 0 trip folder(s) (obc_fw_nrf54l obc-fw-nrf54l/src/flat_store.rs:1882)
783.255335 [INFO ] flat: Rides menu loaded 0 finished ride(s) (obc_fw_nrf54l obc-fw-nrf54l/src/flat_store.rs:1911)
783.261758 [INFO ] input: Back on Assistant (obc_fw_nrf54l obc-fw-nrf54l/src/ride.rs:2704)
783.402684 [INFO ] map frame: render 95953 us + push 44302 us | lod 13 | feat 37/218 | chunks 3 | map-cache 2 hit / 1 miss (obc_fw_nrf54l obc-fw-nrf54l/src/ride.rs:3276)
783.466722 [INFO ] flat: Route menu loaded 5 route(s) (obc_fw_nrf54l obc-fw-nrf54l/src/flat_store.rs:1837)
783.467763 [INFO ] flat: Route menu loaded 0 trip folder(s) (obc_fw_nrf54l obc-fw-nrf54l/src/flat_store.rs:1882)
783.468846 [INFO ] flat: Rides menu loaded 0 finished ride(s) (obc_fw_nrf54l obc-fw-nrf54l/src/flat_store.rs:1911)
783.574012 [INFO ] map frame: render 90702 us + push 8597 us | lod 13 | feat 37/218 | chunks 3 | map-cache 3 hit / 0 miss (obc_fw_nrf54l obc-fw-nrf54l/src/ride.rs:3276)
783.641208 [INFO ] input: Press on Map (obc_fw_nrf54l obc-fw-nrf54l/src/ride.rs:2704)
783.732212 [INFO ] ui frame: render 37517 us + push 52815 us (screen redraw, no map) (obc_fw_nrf54l obc-fw-nrf54l/src/ride.rs:3290)
798.571628 [INFO ] input: Step 1 on RideControl (obc_fw_nrf54l obc-fw-nrf54l/src/ride.rs:2702)
798.629552 [INFO ] ui frame: render 37528 us + push 19744 us (screen redraw, no map) (obc_fw_nrf54l obc-fw-nrf54l/src/ride.rs:3290)
798.973444 [INFO ] input: Step 1 on RideControl (obc_fw_nrf54l obc-fw-nrf54l/src/ride.rs:2702)
799.031346 [INFO ] ui frame: render 37460 us + push 19790 us (screen redraw, no map) (obc_fw_nrf54l obc-fw-nrf54l/src/ride.rs:3290)
799.331773 [INFO ] ui frame: render 37833 us + push 14663 us (screen redraw, no map) (obc_fw_nrf54l obc-fw-nrf54l/src/ride.rs:3290)
799.385077 [INFO ] ui frame: render 37918 us + push 14679 us (screen redraw, no map) (obc_fw_nrf54l obc-fw-nrf54l/src/ride.rs:3290)
799.438406 [INFO ] ui frame: render 37971 us + push 14659 us (screen redraw, no map) (obc_fw_nrf54l obc-fw-nrf54l/src/ride.rs:3290)
799.511276 [INFO ] ui frame: render 37958 us + push 14801 us (screen redraw, no map) (obc_fw_nrf54l obc-fw-nrf54l/src/ride.rs:3290)
799.604835 [INFO ] ui frame: render 38020 us + push 14772 us (screen redraw, no map) (obc_fw_nrf54l obc-fw-nrf54l/src/ride.rs:3290)
799.698613 [INFO ] ui frame: render 38105 us + push 14793 us (screen redraw, no map) (obc_fw_nrf54l obc-fw-nrf54l/src/ride.rs:3290)
799.793005 [INFO ] ui frame: render 38089 us + push 14773 us (screen redraw, no map) (obc_fw_nrf54l obc-fw-nrf54l/src/ride.rs:3290)
799.833500 [INFO ] input: Hold on RideControl (obc_fw_nrf54l obc-fw-nrf54l/src/ride.rs:2704)
799.911351 [INFO ] ui frame: render 39394 us + push 37735 us (screen redraw, no map) (obc_fw_nrf54l obc-fw-nrf54l/src/ride.rs:3290)
799.951733 [INFO ] flat ride: rider-confirmed exact removal of 331 (obc_fw_nrf54l obc-fw-nrf54l/src/flat_ride.rs:364)
800.392481 [INFO ] flat ride: exact removal committed (obc_fw_nrf54l obc-fw-nrf54l/src/flat_ride.rs:376)
800.441226 [INFO ] ui frame: render 39463 us + push 8696 us (screen redraw, no map) (obc_fw_nrf54l obc-fw-nrf54l/src/ride.rs:3290)
800.502624 [INFO ] flat: Route menu loaded 5 route(s) (obc_fw_nrf54l obc-fw-nrf54l/src/flat_store.rs:1837)
800.503632 [INFO ] flat: Route menu loaded 0 trip folder(s) (obc_fw_nrf54l obc-fw-nrf54l/src/flat_store.rs:1882)
800.504671 [INFO ] flat: Rides menu loaded 0 finished ride(s) (obc_fw_nrf54l obc-fw-nrf54l/src/flat_store.rs:1911)
808.111035 [INFO ] input: Press on Home (obc_fw_nrf54l obc-fw-nrf54l/src/ride.rs:2704)
808.201514 [INFO ] ui frame: render 37001 us + push 52810 us (screen redraw, no map) (obc_fw_nrf54l obc-fw-nrf54l/src/ride.rs:3290)
808.601795 [INFO ] input: Step 1 on Menu (obc_fw_nrf54l obc-fw-nrf54l/src/ride.rs:2702)
808.664036 [INFO ] ui frame: render 36172 us + push 25451 us (screen redraw, no map) (obc_fw_nrf54l obc-fw-nrf54l/src/ride.rs:3290)
808.736919 [INFO ] ui frame: render 35405 us + push 20709 us (screen redraw, no map) (obc_fw_nrf54l obc-fw-nrf54l/src/ride.rs:3290)
808.789744 [INFO ] ui frame: render 34914 us + push 17154 us (screen redraw, no map) (obc_fw_nrf54l obc-fw-nrf54l/src/ride.rs:3290)
808.856328 [INFO ] ui frame: render 34277 us + push 15544 us (screen redraw, no map) (obc_fw_nrf54l obc-fw-nrf54l/src/ride.rs:3290)
808.920506 [INFO ] ui frame: render 34348 us + push 13065 us (screen redraw, no map) (obc_fw_nrf54l obc-fw-nrf54l/src/ride.rs:3290)
809.002998 [INFO ] input: Step 1 on Menu (obc_fw_nrf54l obc-fw-nrf54l/src/ride.rs:2702)
809.062810 [INFO ] ui frame: render 33037 us + push 26154 us (screen redraw, no map) (obc_fw_nrf54l obc-fw-nrf54l/src/ride.rs:3290)
809.127059 [INFO ] ui frame: render 33333 us + push 14155 us (screen redraw, no map) (obc_fw_nrf54l obc-fw-nrf54l/src/ride.rs:3290)
809.194431 [INFO ] ui frame: render 33985 us + push 16622 us (screen redraw, no map) (obc_fw_nrf54l obc-fw-nrf54l/src/ride.rs:3290)
809.263870 [INFO ] ui frame: render 34426 us + push 18243 us (screen redraw, no map) (obc_fw_nrf54l obc-fw-nrf54l/src/ride.rs:3290)
809.331615 [INFO ] ui frame: render 34475 us + push 16506 us (screen redraw, no map) (obc_fw_nrf54l obc-fw-nrf54l/src/ride.rs:3290)
809.396783 [INFO ] input: Press on Menu (obc_fw_nrf54l obc-fw-nrf54l/src/ride.rs:2704)
809.551558 [INFO ] map frame: render 101376 us + push 52723 us | lod 13 | feat 37/218 | chunks 3 | map-cache 3 hit / 0 miss (obc_fw_nrf54l obc-fw-nrf54l/src/ride.rs:3276)
810.618245 [INFO ] input: chord Assistant on Assistant (opened/closed) (obc_fw_nrf54l obc-fw-nrf54l/src/ride.rs:2682)
810.720922 [INFO ] ui frame: render 49232 us + push 52723 us (screen redraw, no map) (obc_fw_nrf54l obc-fw-nrf54l/src/ride.rs:3290)
811.405793 [INFO ] input: Press on Assistant (obc_fw_nrf54l obc-fw-nrf54l/src/ride.rs:2704)
811.492447 [INFO ] map frame: render 38152 us + push 47826 us | lod 0 | feat 0/0 | chunks 0 | map-cache 0 hit / 0 miss (obc_fw_nrf54l obc-fw-nrf54l/src/ride.rs:3276)
811.815690 [INFO ] input: Press on FindPlace (obc_fw_nrf54l obc-fw-nrf54l/src/ride.rs:2704)
811.947819 [INFO ] map frame: render 80788 us + push 50643 us | lod 13 | feat 9/136 | chunks 2 | map-cache 2 hit / 0 miss (obc_fw_nrf54l obc-fw-nrf54l/src/ride.rs:3276)
812.019831 [INFO ] freeze: banner repaint rows 88..144 (obc_fw_nrf54l obc-fw-nrf54l/src/ride.rs:3042)
812.030691 [INFO ] ui frame: render 8152 us + push 10610 us (screen redraw, no map) (obc_fw_nrf54l obc-fw-nrf54l/src/ride.rs:3290)
812.232984 [INFO ] flat: Route menu loaded 6 route(s) (obc_fw_nrf54l obc-fw-nrf54l/src/flat_store.rs:1837)
812.233601 [INFO ] nav route: ok len=17 total_ms=230 snap_ms=67 search_ms=0 emit_ms=1 write_ms=41 rescan_ms=0 source_reads=114 graph_reads=95 index_reads=19 settles=1 eps=13/10 stack_hw=35832/49672 (obc_fw_nrf54l obc-fw-nrf54l/src/ride.rs:505)
812.271389 [INFO ] flat: Route menu loaded 6 route(s) (obc_fw_nrf54l obc-fw-nrf54l/src/flat_store.rs:1837)
812.272495 [INFO ] flat: Route menu loaded 0 trip folder(s) (obc_fw_nrf54l obc-fw-nrf54l/src/flat_store.rs:1882)
812.273691 [INFO ] flat: Rides menu loaded 0 finished ride(s) (obc_fw_nrf54l obc-fw-nrf54l/src/flat_store.rs:1911)
812.279303 [INFO ] nav route: released after 276 ms (obc_fw_nrf54l obc-fw-nrf54l/src/ride.rs:2313)
812.523306 [INFO ] flat: Route menu loaded 7 route(s) (obc_fw_nrf54l obc-fw-nrf54l/src/flat_store.rs:1837)
812.523875 [INFO ] nav route: ok len=255 total_ms=206 snap_ms=50 search_ms=1 emit_ms=4 write_ms=40 rescan_ms=0 source_reads=84 graph_reads=67 index_reads=17 settles=4 eps=13/10 stack_hw=35832/49672 (obc_fw_nrf54l obc-fw-nrf54l/src/ride.rs:505)
812.566419 [INFO ] flat: Route menu loaded 7 route(s) (obc_fw_nrf54l obc-fw-nrf54l/src/flat_store.rs:1837)
812.567825 [INFO ] flat: Route menu loaded 0 trip folder(s) (obc_fw_nrf54l obc-fw-nrf54l/src/flat_store.rs:1882)
812.569311 [INFO ] flat: Rides menu loaded 0 finished ride(s) (obc_fw_nrf54l obc-fw-nrf54l/src/flat_store.rs:1911)
812.575420 [INFO ] nav route: released after 258 ms (obc_fw_nrf54l obc-fw-nrf54l/src/ride.rs:2313)
812.949894 [INFO ] flat: Route menu loaded 8 route(s) (obc_fw_nrf54l obc-fw-nrf54l/src/flat_store.rs:1837)
812.950463 [INFO ] nav route: ok len=803 total_ms=336 snap_ms=53 search_ms=68 emit_ms=19 write_ms=41 rescan_ms=0 source_reads=150 graph_reads=130 index_reads=20 settles=184 eps=13/10 stack_hw=35832/49672 (obc_fw_nrf54l obc-fw-nrf54l/src/ride.rs:505)
813.004612 [INFO ] flat: Route menu loaded 8 route(s) (obc_fw_nrf54l obc-fw-nrf54l/src/flat_store.rs:1837)
813.006075 [INFO ] flat: Route menu loaded 0 trip folder(s) (obc_fw_nrf54l obc-fw-nrf54l/src/flat_store.rs:1882)
813.007608 [INFO ] flat: Rides menu loaded 0 finished ride(s) (obc_fw_nrf54l obc-fw-nrf54l/src/flat_store.rs:1911)
813.015128 [INFO ] nav route: released after 401 ms (obc_fw_nrf54l obc-fw-nrf54l/src/ride.rs:2313)
813.032346 [INFO ] freeze: banner repaint rows 88..144 (obc_fw_nrf54l obc-fw-nrf54l/src/ride.rs:3042)
813.044594 [INFO ] ui frame: render 8149 us + push 12001 us (screen redraw, no map) (obc_fw_nrf54l obc-fw-nrf54l/src/ride.rs:3290)
813.434434 [INFO ] flat: Route menu loaded 9 route(s) (obc_fw_nrf54l obc-fw-nrf54l/src/flat_store.rs:1837)
813.435003 [INFO ] nav route: ok len=482 total_ms=361 snap_ms=108 search_ms=29 emit_ms=24 write_ms=41 rescan_ms=0 source_reads=217 graph_reads=185 index_reads=32 settles=74 eps=13/10 stack_hw=35832/49672 (obc_fw_nrf54l obc-fw-nrf54l/src/ride.rs:505)
813.494699 [INFO ] flat: Route menu loaded 9 route(s) (obc_fw_nrf54l obc-fw-nrf54l/src/flat_store.rs:1837)
813.496294 [INFO ] flat: Route menu loaded 0 trip folder(s) (obc_fw_nrf54l obc-fw-nrf54l/src/flat_store.rs:1882)
813.497938 [INFO ] flat: Rides menu loaded 0 finished ride(s) (obc_fw_nrf54l obc-fw-nrf54l/src/flat_store.rs:1911)
813.506018 [INFO ] nav route: released after 432 ms (obc_fw_nrf54l obc-fw-nrf54l/src/ride.rs:2313)
813.523777 [INFO ] find: ready results=4 (obc_fw_nrf54l obc-fw-nrf54l/src/ride.rs:2924)
814.074782 [INFO ] map frame: render 505069 us + push 43210 us | lod 11 | feat 452/761 | chunks 12 | map-cache 1 hit / 11 miss (obc_fw_nrf54l obc-fw-nrf54l/src/ride.rs:3276)
814.574808 [INFO ] map frame: render 490573 us + push 8585 us | lod 11 | feat 452/761 | chunks 12 | map-cache 3 hit / 9 miss (obc_fw_nrf54l obc-fw-nrf54l/src/ride.rs:3276)
828.988104 [INFO ] input: Press on FindPlace (obc_fw_nrf54l obc-fw-nrf54l/src/ride.rs:2704)
829.141307 [INFO ] map frame: render 103579 us + push 48934 us | lod 13 | feat 37/218 | chunks 3 | map-cache 0 hit / 3 miss (obc_fw_nrf54l obc-fw-nrf54l/src/ride.rs:3276)
829.150682 [INFO ] freeze: banner repaint rows 88..144 (obc_fw_nrf54l obc-fw-nrf54l/src/ride.rs:3042)
829.162815 [INFO ] ui frame: render 7718 us + push 11885 us (screen redraw, no map) (obc_fw_nrf54l obc-fw-nrf54l/src/ride.rs:3290)
829.213927 [INFO ] flat: Route menu loaded 9 route(s) (obc_fw_nrf54l obc-fw-nrf54l/src/flat_store.rs:1837)
829.327001 [INFO ] map frame: render 62771 us + push 37276 us | lod 13 | feat 10/136 | chunks 2 | map-cache 0 hit / 2 miss (obc_fw_nrf54l obc-fw-nrf54l/src/ride.rs:3276)
830.105122 [INFO ] input: Back on VisitReview (obc_fw_nrf54l obc-fw-nrf54l/src/ride.rs:2704)
830.656468 [INFO ] map frame: render 501457 us + push 49169 us | lod 11 | feat 452/761 | chunks 12 | map-cache 3 hit / 9 miss (obc_fw_nrf54l obc-fw-nrf54l/src/ride.rs:3276)
830.656791 [INFO ] input: Back on FindPlace (obc_fw_nrf54l obc-fw-nrf54l/src/ride.rs:2704)
830.746282 [INFO ] map frame: render 38247 us + push 50550 us | lod 0 | feat 0/0 | chunks 0 | map-cache 0 hit / 0 miss (obc_fw_nrf54l obc-fw-nrf54l/src/ride.rs:3276)
830.955539 [INFO ] flat: Route menu loaded 8 route(s) (obc_fw_nrf54l obc-fw-nrf54l/src/flat_store.rs:1837)
830.957000 [INFO ] flat: Route menu loaded 0 trip folder(s) (obc_fw_nrf54l obc-fw-nrf54l/src/flat_store.rs:1882)
830.958502 [INFO ] flat: Rides menu loaded 0 finished ride(s) (obc_fw_nrf54l obc-fw-nrf54l/src/flat_store.rs:1911)
831.013489 [INFO ] map frame: render 38252 us + push 8643 us | lod 0 | feat 0/0 | chunks 0 | map-cache 0 hit / 0 miss (obc_fw_nrf54l obc-fw-nrf54l/src/ride.rs:3276)
831.087344 [INFO ] flat: Route menu loaded 7 route(s) (obc_fw_nrf54l obc-fw-nrf54l/src/flat_store.rs:1837)
831.088844 [INFO ] flat: Route menu loaded 0 trip folder(s) (obc_fw_nrf54l obc-fw-nrf54l/src/flat_store.rs:1882)
831.090391 [INFO ] flat: Rides menu loaded 0 finished ride(s) (obc_fw_nrf54l obc-fw-nrf54l/src/flat_store.rs:1911)
831.117639 [INFO ] input: Back on FindPlace (obc_fw_nrf54l obc-fw-nrf54l/src/ride.rs:2704)
831.215550 [INFO ] ui frame: render 49293 us + push 47928 us (screen redraw, no map) (obc_fw_nrf54l obc-fw-nrf54l/src/ride.rs:3290)
831.578254 [INFO ] flat: Route menu loaded 6 route(s) (obc_fw_nrf54l obc-fw-nrf54l/src/flat_store.rs:1837)
831.579389 [INFO ] flat: Route menu loaded 0 trip folder(s) (obc_fw_nrf54l obc-fw-nrf54l/src/flat_store.rs:1882)
831.580539 [INFO ] flat: Rides menu loaded 0 finished ride(s) (obc_fw_nrf54l obc-fw-nrf54l/src/flat_store.rs:1911)
831.644641 [INFO ] ui frame: render 49326 us + push 8588 us (screen redraw, no map) (obc_fw_nrf54l obc-fw-nrf54l/src/ride.rs:3290)
831.681104 [INFO ] flat: Route menu loaded 5 route(s) (obc_fw_nrf54l obc-fw-nrf54l/src/flat_store.rs:1837)
831.682111 [INFO ] flat: Route menu loaded 0 trip folder(s) (obc_fw_nrf54l obc-fw-nrf54l/src/flat_store.rs:1882)
831.683151 [INFO ] flat: Rides menu loaded 0 finished ride(s) (obc_fw_nrf54l obc-fw-nrf54l/src/flat_store.rs:1911)
831.687732 [INFO ] input: Back on Assistant (obc_fw_nrf54l obc-fw-nrf54l/src/ride.rs:2704)
831.839024 [INFO ] map frame: render 97752 us + push 52816 us | lod 13 | feat 37/218 | chunks 3 | map-cache 0 hit / 3 miss (obc_fw_nrf54l obc-fw-nrf54l/src/ride.rs:3276)
832.668602 [INFO ] input: chord Assistant on Assistant (opened/closed) (obc_fw_nrf54l obc-fw-nrf54l/src/ride.rs:2682)
832.771278 [INFO ] ui frame: render 49234 us + push 52721 us (screen redraw, no map) (obc_fw_nrf54l obc-fw-nrf54l/src/ride.rs:3290)
833.456188 [INFO ] input: Press on Assistant (obc_fw_nrf54l obc-fw-nrf54l/src/ride.rs:2704)
833.542881 [INFO ] map frame: render 38181 us + push 47837 us | lod 0 | feat 0/0 | chunks 0 | map-cache 0 hit / 0 miss (obc_fw_nrf54l obc-fw-nrf54l/src/ride.rs:3276)
833.849986 [INFO ] input: Press on FindPlace (obc_fw_nrf54l obc-fw-nrf54l/src/ride.rs:2704)
833.982732 [INFO ] map frame: render 81367 us + push 50649 us | lod 13 | feat 9/136 | chunks 2 | map-cache 2 hit / 0 miss (obc_fw_nrf54l obc-fw-nrf54l/src/ride.rs:3276)
834.025704 [INFO ] freeze: banner repaint rows 88..144 (obc_fw_nrf54l obc-fw-nrf54l/src/ride.rs:3042)
834.037937 [INFO ] ui frame: render 8178 us + push 11985 us (screen redraw, no map) (obc_fw_nrf54l obc-fw-nrf54l/src/ride.rs:3290)
834.268798 [INFO ] flat: Route menu loaded 6 route(s) (obc_fw_nrf54l obc-fw-nrf54l/src/flat_store.rs:1837)
834.269367 [INFO ] nav route: ok len=17 total_ms=211 snap_ms=66 search_ms=0 emit_ms=1 write_ms=41 rescan_ms=0 source_reads=114 graph_reads=95 index_reads=19 settles=1 eps=13/10 stack_hw=35832/49672 (obc_fw_nrf54l obc-fw-nrf54l/src/ride.rs:505)
834.307175 [INFO ] flat: Route menu loaded 6 route(s) (obc_fw_nrf54l obc-fw-nrf54l/src/flat_store.rs:1837)
834.308272 [INFO ] flat: Route menu loaded 0 trip folder(s) (obc_fw_nrf54l obc-fw-nrf54l/src/flat_store.rs:1882)
834.309449 [INFO ] flat: Rides menu loaded 0 finished ride(s) (obc_fw_nrf54l obc-fw-nrf54l/src/flat_store.rs:1911)
834.315069 [INFO ] nav route: released after 257 ms (obc_fw_nrf54l obc-fw-nrf54l/src/ride.rs:2313)
834.559385 [INFO ] flat: Route menu loaded 7 route(s) (obc_fw_nrf54l obc-fw-nrf54l/src/flat_store.rs:1837)
834.559983 [INFO ] nav route: ok len=255 total_ms=206 snap_ms=50 search_ms=1 emit_ms=4 write_ms=40 rescan_ms=0 source_reads=84 graph_reads=67 index_reads=17 settles=4 eps=13/10 stack_hw=35832/49672 (obc_fw_nrf54l obc-fw-nrf54l/src/ride.rs:505)
834.602901 [INFO ] flat: Route menu loaded 7 route(s) (obc_fw_nrf54l obc-fw-nrf54l/src/flat_store.rs:1837)
834.604339 [INFO ] flat: Route menu loaded 0 trip folder(s) (obc_fw_nrf54l obc-fw-nrf54l/src/flat_store.rs:1882)
834.605809 [INFO ] flat: Rides menu loaded 0 finished ride(s) (obc_fw_nrf54l obc-fw-nrf54l/src/flat_store.rs:1911)
834.611869 [INFO ] nav route: released after 258 ms (obc_fw_nrf54l obc-fw-nrf54l/src/ride.rs:2313)
834.989501 [INFO ] flat: Route menu loaded 8 route(s) (obc_fw_nrf54l obc-fw-nrf54l/src/flat_store.rs:1837)
834.990070 [INFO ] nav route: ok len=803 total_ms=340 snap_ms=52 search_ms=68 emit_ms=19 write_ms=36 rescan_ms=0 source_reads=150 graph_reads=130 index_reads=20 settles=184 eps=13/10 stack_hw=35832/49672 (obc_fw_nrf54l obc-fw-nrf54l/src/ride.rs:505)
835.045813 [INFO ] flat: Route menu loaded 8 route(s) (obc_fw_nrf54l obc-fw-nrf54l/src/flat_store.rs:1837)
835.047336 [INFO ] flat: Route menu loaded 0 trip folder(s) (obc_fw_nrf54l obc-fw-nrf54l/src/flat_store.rs:1882)
835.048929 [INFO ] flat: Rides menu loaded 0 finished ride(s) (obc_fw_nrf54l obc-fw-nrf54l/src/flat_store.rs:1911)
835.056981 [INFO ] nav route: released after 407 ms (obc_fw_nrf54l obc-fw-nrf54l/src/ride.rs:2313)
835.065659 [INFO ] freeze: banner repaint rows 88..144 (obc_fw_nrf54l obc-fw-nrf54l/src/ride.rs:3042)
835.077879 [INFO ] ui frame: render 8157 us + push 11970 us (screen redraw, no map) (obc_fw_nrf54l obc-fw-nrf54l/src/ride.rs:3290)
835.477383 [INFO ] flat: Route menu loaded 9 route(s) (obc_fw_nrf54l obc-fw-nrf54l/src/flat_store.rs:1837)
835.477952 [INFO ] nav route: ok len=482 total_ms=362 snap_ms=108 search_ms=29 emit_ms=24 write_ms=41 rescan_ms=0 source_reads=217 graph_reads=185 index_reads=32 settles=74 eps=13/10 stack_hw=35832/49672 (obc_fw_nrf54l obc-fw-nrf54l/src/ride.rs:505)
835.537708 [INFO ] flat: Route menu loaded 9 route(s) (obc_fw_nrf54l obc-fw-nrf54l/src/flat_store.rs:1837)
835.539286 [INFO ] flat: Route menu loaded 0 trip folder(s) (obc_fw_nrf54l obc-fw-nrf54l/src/flat_store.rs:1882)
835.540929 [INFO ] flat: Rides menu loaded 0 finished ride(s) (obc_fw_nrf54l obc-fw-nrf54l/src/flat_store.rs:1911)
835.549045 [INFO ] nav route: released after 433 ms (obc_fw_nrf54l obc-fw-nrf54l/src/ride.rs:2313)
835.566811 [INFO ] find: ready results=4 (obc_fw_nrf54l obc-fw-nrf54l/src/ride.rs:2924)
836.117467 [INFO ] map frame: render 504750 us + push 43209 us | lod 11 | feat 452/761 | chunks 12 | map-cache 1 hit / 11 miss (obc_fw_nrf54l obc-fw-nrf54l/src/ride.rs:3276)
836.619462 [INFO ] map frame: render 492543 us + push 8585 us | lod 11 | feat 452/761 | chunks 12 | map-cache 2 hit / 10 miss (obc_fw_nrf54l obc-fw-nrf54l/src/ride.rs:3276)
848.844690 [INFO ] input: Back on FindPlace (obc_fw_nrf54l obc-fw-nrf54l/src/ride.rs:2704)
848.934300 [INFO ] map frame: render 38249 us + push 50656 us | lod 0 | feat 0/0 | chunks 0 | map-cache 0 hit / 0 miss (obc_fw_nrf54l obc-fw-nrf54l/src/ride.rs:3276)
849.067589 [INFO ] flat: Route menu loaded 8 route(s) (obc_fw_nrf54l obc-fw-nrf54l/src/flat_store.rs:1837)
849.069031 [INFO ] flat: Route menu loaded 0 trip folder(s) (obc_fw_nrf54l obc-fw-nrf54l/src/flat_store.rs:1882)
849.070577 [INFO ] flat: Rides menu loaded 0 finished ride(s) (obc_fw_nrf54l obc-fw-nrf54l/src/flat_store.rs:1911)
849.125524 [INFO ] map frame: render 38247 us + push 8586 us | lod 0 | feat 0/0 | chunks 0 | map-cache 0 hit / 0 miss (obc_fw_nrf54l obc-fw-nrf54l/src/ride.rs:3276)
849.417048 [INFO ] flat: Route menu loaded 7 route(s) (obc_fw_nrf54l obc-fw-nrf54l/src/flat_store.rs:1837)
849.418548 [INFO ] flat: Route menu loaded 0 trip folder(s) (obc_fw_nrf54l obc-fw-nrf54l/src/flat_store.rs:1882)
849.420098 [INFO ] flat: Rides menu loaded 0 finished ride(s) (obc_fw_nrf54l obc-fw-nrf54l/src/flat_store.rs:1911)
849.447406 [INFO ] input: Back on FindPlace (obc_fw_nrf54l obc-fw-nrf54l/src/ride.rs:2704)
849.545299 [INFO ] ui frame: render 49292 us + push 47913 us (screen redraw, no map) (obc_fw_nrf54l obc-fw-nrf54l/src/ride.rs:3290)
850.012527 [INFO ] flat: Route menu loaded 6 route(s) (obc_fw_nrf54l obc-fw-nrf54l/src/flat_store.rs:1837)
850.013634 [INFO ] flat: Route menu loaded 0 trip folder(s) (obc_fw_nrf54l obc-fw-nrf54l/src/flat_store.rs:1882)
850.014785 [INFO ] flat: Rides menu loaded 0 finished ride(s) (obc_fw_nrf54l obc-fw-nrf54l/src/flat_store.rs:1911)
850.078914 [INFO ] ui frame: render 49321 us + push 8588 us (screen redraw, no map) (obc_fw_nrf54l obc-fw-nrf54l/src/ride.rs:3290)
850.116258 [INFO ] flat: Route menu loaded 5 route(s) (obc_fw_nrf54l obc-fw-nrf54l/src/flat_store.rs:1837)
850.117296 [INFO ] flat: Route menu loaded 0 trip folder(s) (obc_fw_nrf54l obc-fw-nrf54l/src/flat_store.rs:1882)
850.118335 [INFO ] flat: Rides menu loaded 0 finished ride(s) (obc_fw_nrf54l obc-fw-nrf54l/src/flat_store.rs:1911)
850.122995 [INFO ] input: Back on Assistant (obc_fw_nrf54l obc-fw-nrf54l/src/ride.rs:2704)
850.275077 [INFO ] map frame: render 98541 us + push 52815 us | lod 13 | feat 37/218 | chunks 3 | map-cache 0 hit / 3 miss (obc_fw_nrf54l obc-fw-nrf54l/src/ride.rs:3276)
