0.001166 [INFO ] obc-fw-nrf54l 0.1.0+d55493f (obc_fw_nrf54l obc-fw-nrf54l/src/main.rs:990)
0.001268 [INFO ] boot: RESETREAS=0x00000040 (obc_fw_nrf54l obc-fw-nrf54l/src/main.rs:998)
0.001343 [INFO ] VCOM debug sensors up on UARTE20 (J-Link VCOM 'UART1', TX P1_16 / RX P1_17) @ 115200 (obc_fw_nrf54l obc-fw-nrf54l/src/main.rs:1048)
0.001468 [INFO ] LS021 FLPR: released (INITPC=0x2007d000) — waiting for alive (obc_fw_nrf54l obc-fw-nrf54l/src/ls021_flpr.rs:387)
0.001517 [INFO ] obc-fw-nrf54l: FLPR alive — LS021 panel backend up; init-black then COM (obc_fw_nrf54l obc-fw-nrf54l/src/main.rs:1148)
0.045837 [INFO ] FLPR LS021: gesture/bulge plane on SWI01 @ P3; map plane: thread mode (event-driven, #219) (obc_fw_nrf54l obc-fw-nrf54l/src/main.rs:1199)
0.201855 [INFO ] SD: card up over sEMMC — 60906 MB, 4-bit, 32 MHz reads (high-speed true), RCA 0xaaaa; FLPR mode: storage (obc_fw_nrf54l obc-fw-nrf54l/src/sd.rs:129)
0.220542 [INFO ] flat: ReadWrite at sequence 613 — 7 entries, 60824 free extents of 1048576 B, mount 17751 us (obc_fw_nrf54l obc-fw-nrf54l/src/flat_store.rs:1459)
0.220705 [INFO ] flat: §7.3 recovered a ride — object 293 revision 1, checkpoint 65, 0 B flushed + 12780 B tail (obc_fw_nrf54l obc-fw-nrf54l/src/flat_store.rs:1471)
0.221861 [INFO ] flat: catalog holds 1 map object(s), 4 route(s), 1 ride(s), 1 other — listing complete: true (obc_fw_nrf54l obc-fw-nrf54l/src/flat_store.rs:1495)
0.222998 [INFO ] flat: map object 1 revision 1 open — 44643264 B, read direct (no channel) (obc_fw_nrf54l obc-fw-nrf54l/src/flat_store.rs:1633)
0.241594 [INFO ] map: streaming from SD; bbox lon[7340032..9437184] lat[46137344..48234496] (obc_fw_nrf54l obc-fw-nrf54l/src/main.rs:1356)
0.242512 [INFO ] map: terrain mounted from the §1.3 region (8388704 B) (obc_fw_nrf54l obc-fw-nrf54l/src/main.rs:640)
0.262793 [INFO ] flat: Route menu loaded 4 route(s) (obc_fw_nrf54l obc-fw-nrf54l/src/flat_store.rs:1837)
0.263887 [INFO ] flat: Route menu loaded 0 trip folder(s) (obc_fw_nrf54l obc-fw-nrf54l/src/flat_store.rs:1882)
0.264988 [INFO ] flat: Rides menu loaded 0 finished ride(s) (obc_fw_nrf54l obc-fw-nrf54l/src/flat_store.rs:1911)
0.265444 [INFO ] boot #121 (obc_fw_nrf54l obc-fw-nrf54l/src/main.rs:1447)
0.265520 [INFO ] dfu: running image is d55493f (obc_fw_nrf54l obc-fw-nrf54l/src/dfu.rs:86)
0.265608 [INFO ] store-epoch: no mounted store — no epoch to mint or serve (obc_fw_nrf54l obc-fw-nrf54l/src/main.rs:1513)
0.265670 [INFO ] settings: RRAM slot @ 0x001fc000 blank/invalid → booting defaults (obc_fw_nrf54l obc-fw-nrf54l/src/settings.rs:498)
0.267955 [INFO ] settings: RRAM slot @ 0x001fc000 blank/invalid → booting defaults (obc_fw_nrf54l obc-fw-nrf54l/src/settings.rs:498)
0.270465 [INFO ] stack high-water 22188 / 49672 B (new peak) (obc_fw_nrf54l obc-fw-nrf54l/src/ride.rs:992)
0.328119 [INFO ] flat: storage task up — the write half and the v4 engine are serialized here, reads stay direct (obc_fw_nrf54l obc-fw-nrf54l/src/flat_store.rs:1027)
0.328612 [INFO ] ble: sdc required_memory = 11336 bytes (SDC_MEM_SIZE = 11336) (obc_fw_nrf54l src/ble/mod.rs:359)
0.532466 [INFO ] settings: loaded BLE bond from RRAM @ 0x001fcc00 (obc_fw_nrf54l obc-fw-nrf54l/src/settings.rs:378)
0.532525 [INFO ] ble: restored stored bond — bonded reconnect armed (obc_fw_nrf54l src/ble/mod.rs:399)
0.532967 [WARN ] ClientAttTable buffer (64 bytes) oversized. Only need 22 bytes for exact size (trouble_host src/attribute_server/client_att_table.rs:355)
0.533275 [INFO ] ble: host up as 'OBC-[device]', address [device address] (obc_fw_nrf54l src/ble/mod.rs:416)
0.533613 [INFO ] ble: DIS fw 'd55493f' hw 'nrf54lm20-dk' serial '[device serial]' (obc_fw_nrf54l src/ble/mod.rs:426)
0.533855 [INFO ] ble: [sensor] manager up (SENSOR_LINKS = 3) (obc_fw_nrf54l src/ble/sensors.rs:383)
0.704224 [INFO ] [host] using packet pool with MTU 251 capacity 16 (trouble_host trouble-host-0.7.0/src/host.rs:1519)
0.704296 [INFO ] [host] filter accept list size: 8 (trouble_host trouble-host-0.7.0/src/host.rs:1526)
0.704348 [INFO ] [host] setting txq to 3, fragmenting at 251 (trouble_host trouble-host-0.7.0/src/host.rs:1529)
0.704422 [INFO ] [host] configuring host buffers (1 packets of size 255) (trouble_host trouble-host-0.7.0/src/host.rs:1539)
0.704493 [INFO ] [host] initialized (trouble_host trouble-host-0.7.0/src/host.rs:1561)
0.704538 [INFO ] [host] RPA timeout set to 900s (trouble_host trouble-host-0.7.0/src/host.rs:1580)
0.704630 [INFO ] [host] incremental resolving list add (trouble_host trouble-host-0.7.0/src/host.rs:348)
0.704839 [INFO ] ble: radio off — parked until re-enabled (obc_fw_nrf54l src/ble/mod.rs:453)
0.704895 [INFO ] usb: arming VBUS detect (VREGUSB); no USBHS access until a cable is present (obc_fw_nrf54l src/usb/mod.rs:640)
0.704945 [INFO ] usb: VBUS present — BLE radio parked; bringing the device plane up (obc_fw_nrf54l src/usb/mod.rs:650)
0.705560 [INFO ] usb: device plane up — 1209:0001, serial '[device serial]', HS bulk 512 B (obc_fw_nrf54l src/usb/mod.rs:653)
0.705970 [INFO ] ui frame: render 48680 us + push 386186 us (screen redraw, no map) (obc_fw_nrf54l obc-fw-nrf54l/src/ride.rs:3290)
0.724494 [INFO ] flat: Route menu loaded 4 route(s) (obc_fw_nrf54l obc-fw-nrf54l/src/flat_store.rs:1837)
0.725560 [INFO ] flat: Route menu loaded 0 trip folder(s) (obc_fw_nrf54l obc-fw-nrf54l/src/flat_store.rs:1882)
0.726658 [INFO ] flat: Rides menu loaded 0 finished ride(s) (obc_fw_nrf54l obc-fw-nrf54l/src/flat_store.rs:1911)
0.789263 [INFO ] ui frame: render 48696 us + push 8585 us (screen redraw, no map) (obc_fw_nrf54l obc-fw-nrf54l/src/ride.rs:3290)
1.316164 [INFO ] stack high-water 27440 / 49672 B (new peak) (obc_fw_nrf54l obc-fw-nrf54l/src/ride.rs:992)
13.578151 [INFO ] input: Press on RideRecovery (obc_fw_nrf54l obc-fw-nrf54l/src/ride.rs:2704)
13.732143 [INFO ] map frame: render 98160 us + push 52811 us | lod 13 | feat 34/218 | chunks 3 | map-cache 0 hit / 3 miss (obc_fw_nrf54l obc-fw-nrf54l/src/ride.rs:3276)
13.761995 [INFO ] flat ride: continuing recovered object 293 (obc_fw_nrf54l obc-fw-nrf54l/src/flat_ride.rs:306)
14.024507 [INFO ] map frame: render 92160 us + push 52860 us | lod 13 | feat 37/218 | chunks 3 | map-cache 3 hit / 0 miss (obc_fw_nrf54l obc-fw-nrf54l/src/ride.rs:3276)
14.526010 [INFO ] stack high-water 32480 / 49672 B (new peak) (obc_fw_nrf54l obc-fw-nrf54l/src/ride.rs:992)
20.006777 [INFO ] input: chord Assistant on Assistant (opened/closed) (obc_fw_nrf54l obc-fw-nrf54l/src/ride.rs:2682)
20.109444 [INFO ] ui frame: render 49230 us + push 52720 us (screen redraw, no map) (obc_fw_nrf54l obc-fw-nrf54l/src/ride.rs:3290)
20.786323 [INFO ] input: Press on Assistant (obc_fw_nrf54l obc-fw-nrf54l/src/ride.rs:2704)
20.872997 [INFO ] map frame: render 38179 us + push 47825 us | lod 0 | feat 0/0 | chunks 0 | map-cache 0 hit / 0 miss (obc_fw_nrf54l obc-fw-nrf54l/src/ride.rs:3276)
21.180080 [INFO ] input: Step 1 on FindPlace (obc_fw_nrf54l obc-fw-nrf54l/src/ride.rs:2702)
21.238743 [INFO ] map frame: render 38162 us + push 19810 us | lod 0 | feat 0/0 | chunks 0 | map-cache 0 hit / 0 miss (obc_fw_nrf54l obc-fw-nrf54l/src/ride.rs:3276)
21.573839 [INFO ] input: Step 1 on FindPlace (obc_fw_nrf54l obc-fw-nrf54l/src/ride.rs:2702)
21.632603 [INFO ] map frame: render 38161 us + push 19942 us | lod 0 | feat 0/0 | chunks 0 | map-cache 0 hit / 0 miss (obc_fw_nrf54l obc-fw-nrf54l/src/ride.rs:3276)
21.959572 [INFO ] input: Step 1 on FindPlace (obc_fw_nrf54l obc-fw-nrf54l/src/ride.rs:2702)
22.018467 [INFO ] map frame: render 38161 us + push 20073 us | lod 0 | feat 0/0 | chunks 0 | map-cache 0 hit / 0 miss (obc_fw_nrf54l obc-fw-nrf54l/src/ride.rs:3276)
22.369460 [INFO ] input: Press on FindPlace (obc_fw_nrf54l obc-fw-nrf54l/src/ride.rs:2704)
22.510664 [INFO ] map frame: render 89871 us + push 50642 us | lod 13 | feat 9/136 | chunks 2 | map-cache 2 hit / 0 miss (obc_fw_nrf54l obc-fw-nrf54l/src/ride.rs:3276)
23.006824 [INFO ] flat: Route menu loaded 5 route(s) (obc_fw_nrf54l obc-fw-nrf54l/src/flat_store.rs:1837)
23.007517 [INFO ] nav route: ok len=1251 total_ms=483 snap_ms=102 search_ms=90 emit_ms=65 write_ms=42 rescan_ms=0 source_reads=256 graph_reads=233 index_reads=23 settles=238 eps=13/10 stack_hw=32480/49672 (obc_fw_nrf54l obc-fw-nrf54l/src/ride.rs:505)
23.042120 [INFO ] flat: Route menu loaded 5 route(s) (obc_fw_nrf54l obc-fw-nrf54l/src/flat_store.rs:1837)
23.043191 [INFO ] flat: Route menu loaded 0 trip folder(s) (obc_fw_nrf54l obc-fw-nrf54l/src/flat_store.rs:1882)
23.044321 [INFO ] flat: Rides menu loaded 0 finished ride(s) (obc_fw_nrf54l obc-fw-nrf54l/src/flat_store.rs:1911)
23.049624 [INFO ] nav route: released after 525 ms (obc_fw_nrf54l obc-fw-nrf54l/src/ride.rs:2313)
23.058205 [INFO ] freeze: banner repaint rows 88..144 (obc_fw_nrf54l obc-fw-nrf54l/src/ride.rs:3042)
23.069065 [INFO ] ui frame: render 8152 us + push 10612 us (screen redraw, no map) (obc_fw_nrf54l obc-fw-nrf54l/src/ride.rs:3290)
23.558656 [INFO ] flat: Route menu loaded 6 route(s) (obc_fw_nrf54l obc-fw-nrf54l/src/flat_store.rs:1837)
23.559346 [INFO ] nav route: ok len=851 total_ms=452 snap_ms=111 search_ms=65 emit_ms=43 write_ms=40 rescan_ms=0 source_reads=275 graph_reads=209 index_reads=66 settles=133 eps=13/10 stack_hw=32480/49672 (obc_fw_nrf54l obc-fw-nrf54l/src/ride.rs:505)
23.601070 [INFO ] flat: Route menu loaded 6 route(s) (obc_fw_nrf54l obc-fw-nrf54l/src/flat_store.rs:1837)
23.602599 [INFO ] flat: Route menu loaded 0 trip folder(s) (obc_fw_nrf54l obc-fw-nrf54l/src/flat_store.rs:1882)
23.604151 [INFO ] flat: Rides menu loaded 0 finished ride(s) (obc_fw_nrf54l obc-fw-nrf54l/src/flat_store.rs:1911)
23.610552 [INFO ] nav route: released after 503 ms (obc_fw_nrf54l obc-fw-nrf54l/src/ride.rs:2313)
24.027148 [INFO ] freeze: banner repaint rows 88..144 (obc_fw_nrf54l obc-fw-nrf54l/src/ride.rs:3042)
24.039372 [INFO ] ui frame: render 8178 us + push 11976 us (screen redraw, no map) (obc_fw_nrf54l obc-fw-nrf54l/src/ride.rs:3290)
24.153174 [INFO ] flat: Route menu loaded 7 route(s) (obc_fw_nrf54l obc-fw-nrf54l/src/flat_store.rs:1837)
24.153915 [INFO ] nav route: ok len=859 total_ms=477 snap_ms=116 search_ms=56 emit_ms=45 write_ms=43 rescan_ms=0 source_reads=267 graph_reads=209 index_reads=58 settles=118 eps=13/10 stack_hw=32480/49672 (obc_fw_nrf54l obc-fw-nrf54l/src/ride.rs:505)
24.206288 [INFO ] flat: Route menu loaded 7 route(s) (obc_fw_nrf54l obc-fw-nrf54l/src/flat_store.rs:1837)
24.207824 [INFO ] flat: Route menu loaded 0 trip folder(s) (obc_fw_nrf54l obc-fw-nrf54l/src/flat_store.rs:1882)
24.209421 [INFO ] flat: Rides menu loaded 0 finished ride(s) (obc_fw_nrf54l obc-fw-nrf54l/src/flat_store.rs:1911)
24.217505 [INFO ] nav route: released after 540 ms (obc_fw_nrf54l obc-fw-nrf54l/src/ride.rs:2313)
24.702514 [INFO ] flat: Route menu loaded 8 route(s) (obc_fw_nrf54l obc-fw-nrf54l/src/flat_store.rs:1837)
24.703208 [INFO ] nav route: ok len=1006 total_ms=447 snap_ms=101 search_ms=60 emit_ms=46 write_ms=41 rescan_ms=0 source_reads=237 graph_reads=195 index_reads=42 settles=145 eps=13/10 stack_hw=32480/49672 (obc_fw_nrf54l obc-fw-nrf54l/src/ride.rs:505)
24.759133 [INFO ] flat: Route menu loaded 8 route(s) (obc_fw_nrf54l obc-fw-nrf54l/src/flat_store.rs:1837)
24.760706 [INFO ] flat: Route menu loaded 0 trip folder(s) (obc_fw_nrf54l obc-fw-nrf54l/src/flat_store.rs:1882)
24.762349 [INFO ] flat: Rides menu loaded 0 finished ride(s) (obc_fw_nrf54l obc-fw-nrf54l/src/flat_store.rs:1911)
24.770491 [INFO ] nav route: released after 514 ms (obc_fw_nrf54l obc-fw-nrf54l/src/ride.rs:2313)
24.788356 [INFO ] find: ready results=4 (obc_fw_nrf54l obc-fw-nrf54l/src/ride.rs:2924)
25.342472 [INFO ] map frame: render 508204 us + push 43214 us | lod 10 | feat 437/663 | chunks 15 | map-cache 0 hit / 15 miss (obc_fw_nrf54l obc-fw-nrf54l/src/ride.rs:3276)
25.855194 [INFO ] map frame: render 503110 us + push 8586 us | lod 10 | feat 437/663 | chunks 15 | map-cache 0 hit / 15 miss (obc_fw_nrf54l obc-fw-nrf54l/src/ride.rs:3276)
25.856269 [INFO ] stack high-water 34424 / 49672 B (new peak) (obc_fw_nrf54l obc-fw-nrf54l/src/ride.rs:992)
43.068842 [INFO ] input: BackHold on FindPlace (obc_fw_nrf54l obc-fw-nrf54l/src/ride.rs:2704)
43.148472 [INFO ] ui frame: render 36895 us + push 42059 us (screen redraw, no map) (obc_fw_nrf54l obc-fw-nrf54l/src/ride.rs:3290)
43.817540 [INFO ] input: Press on Menu (obc_fw_nrf54l obc-fw-nrf54l/src/ride.rs:2704)
43.886387 [INFO ] ui frame: render 23103 us + push 45053 us (screen redraw, no map) (obc_fw_nrf54l obc-fw-nrf54l/src/ride.rs:3290)
44.315807 [INFO ] input: Press on RouteMenu (obc_fw_nrf54l obc-fw-nrf54l/src/ride.rs:2704)
44.386478 [INFO ] ui frame: render 39421 us + push 30525 us (screen redraw, no map) (obc_fw_nrf54l obc-fw-nrf54l/src/ride.rs:3290)
45.215867 [INFO ] input: Press on RouteSwap (obc_fw_nrf54l obc-fw-nrf54l/src/ride.rs:2704)
45.394566 [INFO ] map frame: render 125181 us + push 52813 us | lod 13 | feat 43/188 | chunks 4 | map-cache 0 hit / 4 miss (obc_fw_nrf54l obc-fw-nrf54l/src/ride.rs:3276)
46.102483 [INFO ] map frame: render 156282 us + push 31915 us | lod 13 | feat 43/188 | chunks 4 | map-cache 1 hit / 3 miss (obc_fw_nrf54l obc-fw-nrf54l/src/ride.rs:3276)
46.276604 [INFO ] map frame: render 101639 us + push 52844 us | lod 13 | feat 37/218 | chunks 3 | map-cache 0 hit / 3 miss (obc_fw_nrf54l obc-fw-nrf54l/src/ride.rs:3276)
46.314534 [INFO ] flat: Route menu loaded 7 route(s) (obc_fw_nrf54l obc-fw-nrf54l/src/flat_store.rs:1837)
46.316004 [INFO ] flat: Route menu loaded 0 trip folder(s) (obc_fw_nrf54l obc-fw-nrf54l/src/flat_store.rs:1882)
46.317552 [INFO ] flat: Rides menu loaded 0 finished ride(s) (obc_fw_nrf54l obc-fw-nrf54l/src/flat_store.rs:1911)
46.434654 [INFO ] map frame: render 99551 us + push 8585 us | lod 13 | feat 37/218 | chunks 3 | map-cache 0 hit / 3 miss (obc_fw_nrf54l obc-fw-nrf54l/src/ride.rs:3276)
46.982134 [INFO ] flat: Route menu loaded 6 route(s) (obc_fw_nrf54l obc-fw-nrf54l/src/flat_store.rs:1837)
46.983612 [INFO ] flat: Route menu loaded 0 trip folder(s) (obc_fw_nrf54l obc-fw-nrf54l/src/flat_store.rs:1882)
46.985064 [INFO ] flat: Rides menu loaded 0 finished ride(s) (obc_fw_nrf54l obc-fw-nrf54l/src/flat_store.rs:1911)
47.099551 [INFO ] map frame: render 98405 us + push 8586 us | lod 13 | feat 37/218 | chunks 3 | map-cache 1 hit / 2 miss (obc_fw_nrf54l obc-fw-nrf54l/src/ride.rs:3276)
47.214664 [INFO ] map frame: render 98710 us + push 13883 us | lod 13 | feat 37/218 | chunks 3 | map-cache 1 hit / 2 miss (obc_fw_nrf54l obc-fw-nrf54l/src/ride.rs:3276)
47.254430 [INFO ] flat: Route menu loaded 5 route(s) (obc_fw_nrf54l obc-fw-nrf54l/src/flat_store.rs:1837)
47.255536 [INFO ] flat: Route menu loaded 0 trip folder(s) (obc_fw_nrf54l obc-fw-nrf54l/src/flat_store.rs:1882)
47.256682 [INFO ] flat: Rides menu loaded 0 finished ride(s) (obc_fw_nrf54l obc-fw-nrf54l/src/flat_store.rs:1911)
47.369895 [INFO ] map frame: render 97468 us + push 8633 us | lod 13 | feat 37/218 | chunks 3 | map-cache 2 hit / 1 miss (obc_fw_nrf54l obc-fw-nrf54l/src/ride.rs:3276)
47.905215 [INFO ] flat: Route menu loaded 4 route(s) (obc_fw_nrf54l obc-fw-nrf54l/src/flat_store.rs:1837)
47.906218 [INFO ] flat: Route menu loaded 0 trip folder(s) (obc_fw_nrf54l obc-fw-nrf54l/src/flat_store.rs:1882)
47.907257 [INFO ] flat: Rides menu loaded 0 finished ride(s) (obc_fw_nrf54l obc-fw-nrf54l/src/flat_store.rs:1911)
48.018008 [INFO ] map frame: render 96178 us + push 8587 us | lod 13 | feat 37/218 | chunks 3 | map-cache 3 hit / 0 miss (obc_fw_nrf54l obc-fw-nrf54l/src/ride.rs:3276)
50.921730 [INFO ] input: chord Assistant on Assistant (opened/closed) (obc_fw_nrf54l obc-fw-nrf54l/src/ride.rs:2682)
51.024571 [INFO ] ui frame: render 49300 us + push 52821 us (screen redraw, no map) (obc_fw_nrf54l obc-fw-nrf54l/src/ride.rs:3290)
51.701151 [INFO ] input: Press on Assistant (obc_fw_nrf54l obc-fw-nrf54l/src/ride.rs:2704)
51.787978 [INFO ] map frame: render 38212 us + push 47912 us | lod 0 | feat 0/0 | chunks 0 | map-cache 0 hit / 0 miss (obc_fw_nrf54l obc-fw-nrf54l/src/ride.rs:3276)
52.086993 [INFO ] input: Step 1 on FindPlace (obc_fw_nrf54l obc-fw-nrf54l/src/ride.rs:2702)
52.145789 [INFO ] map frame: render 38225 us + push 19905 us | lod 0 | feat 0/0 | chunks 0 | map-cache 0 hit / 0 miss (obc_fw_nrf54l obc-fw-nrf54l/src/ride.rs:3276)
52.488758 [INFO ] input: Step 1 on FindPlace (obc_fw_nrf54l obc-fw-nrf54l/src/ride.rs:2702)
52.547672 [INFO ] map frame: render 38225 us + push 20024 us | lod 0 | feat 0/0 | chunks 0 | map-cache 0 hit / 0 miss (obc_fw_nrf54l obc-fw-nrf54l/src/ride.rs:3276)
52.890582 [INFO ] input: Step 1 on FindPlace (obc_fw_nrf54l obc-fw-nrf54l/src/ride.rs:2702)
52.949653 [INFO ] map frame: render 38255 us + push 20150 us | lod 0 | feat 0/0 | chunks 0 | map-cache 0 hit / 0 miss (obc_fw_nrf54l obc-fw-nrf54l/src/ride.rs:3276)
53.308469 [INFO ] input: Press on FindPlace (obc_fw_nrf54l obc-fw-nrf54l/src/ride.rs:2704)
54.108316 [INFO ] map frame: render 748509 us + push 50643 us | lod 13 | feat 9/136 | chunks 2 | map-cache 2 hit / 0 miss (obc_fw_nrf54l obc-fw-nrf54l/src/ride.rs:3276)
54.118690 [INFO ] freeze: banner repaint rows 88..144 (obc_fw_nrf54l obc-fw-nrf54l/src/ride.rs:3042)
54.130956 [INFO ] ui frame: render 8178 us + push 12018 us (screen redraw, no map) (obc_fw_nrf54l obc-fw-nrf54l/src/ride.rs:3290)
54.212803 [INFO ] stack high-water 34784 / 49672 B (new peak) (obc_fw_nrf54l obc-fw-nrf54l/src/ride.rs:992)
55.031521 [INFO ] freeze: banner repaint rows 88..144 (obc_fw_nrf54l obc-fw-nrf54l/src/ride.rs:3042)
55.043742 [INFO ] ui frame: render 8157 us + push 11973 us (screen redraw, no map) (obc_fw_nrf54l obc-fw-nrf54l/src/ride.rs:3290)
55.085350 [INFO ] visit: complete searches=2 anchors=1664/1664/1664 arrival=1251 total=7365 (obc_fw_nrf54l obc-fw-nrf54l/src/visit.rs:565)
55.197629 [INFO ] flat: Route menu loaded 5 route(s) (obc_fw_nrf54l obc-fw-nrf54l/src/flat_store.rs:1837)
55.198736 [INFO ] flat: Route menu loaded 0 trip folder(s) (obc_fw_nrf54l obc-fw-nrf54l/src/flat_store.rs:1882)
55.199883 [INFO ] flat: Rides menu loaded 0 finished ride(s) (obc_fw_nrf54l obc-fw-nrf54l/src/flat_store.rs:1911)
55.916493 [INFO ] visit: complete searches=2 anchors=1664/3422/3422 arrival=1808 total=4964 (obc_fw_nrf54l obc-fw-nrf54l/src/visit.rs:565)
56.020557 [INFO ] flat: Route menu loaded 6 route(s) (obc_fw_nrf54l obc-fw-nrf54l/src/flat_store.rs:1837)
56.021992 [INFO ] flat: Route menu loaded 0 trip folder(s) (obc_fw_nrf54l obc-fw-nrf54l/src/flat_store.rs:1882)
56.023445 [INFO ] flat: Rides menu loaded 0 finished ride(s) (obc_fw_nrf54l obc-fw-nrf54l/src/flat_store.rs:1911)
56.047998 [INFO ] freeze: banner repaint rows 88..144 (obc_fw_nrf54l obc-fw-nrf54l/src/ride.rs:3042)
56.058853 [INFO ] ui frame: render 8199 us + push 10608 us (screen redraw, no map) (obc_fw_nrf54l obc-fw-nrf54l/src/ride.rs:3290)
56.791499 [INFO ] visit: complete searches=2 anchors=1664/5422/5422 arrival=3759 total=4864 (obc_fw_nrf54l obc-fw-nrf54l/src/visit.rs:565)
56.908306 [INFO ] flat: Route menu loaded 7 route(s) (obc_fw_nrf54l obc-fw-nrf54l/src/flat_store.rs:1837)
56.909840 [INFO ] flat: Route menu loaded 0 trip folder(s) (obc_fw_nrf54l obc-fw-nrf54l/src/flat_store.rs:1882)
56.911433 [INFO ] flat: Rides menu loaded 0 finished ride(s) (obc_fw_nrf54l obc-fw-nrf54l/src/flat_store.rs:1911)
57.045423 [INFO ] freeze: banner repaint rows 88..144 (obc_fw_nrf54l obc-fw-nrf54l/src/ride.rs:3042)
57.057652 [INFO ] ui frame: render 8178 us + push 11981 us (screen redraw, no map) (obc_fw_nrf54l obc-fw-nrf54l/src/ride.rs:3290)
57.637622 [INFO ] visit: complete searches=2 anchors=1664/3591/3591 arrival=1929 total=4868 (obc_fw_nrf54l obc-fw-nrf54l/src/visit.rs:565)
57.758098 [INFO ] flat: Route menu loaded 8 route(s) (obc_fw_nrf54l obc-fw-nrf54l/src/flat_store.rs:1837)
57.759656 [INFO ] flat: Route menu loaded 0 trip folder(s) (obc_fw_nrf54l obc-fw-nrf54l/src/flat_store.rs:1882)
57.761232 [INFO ] flat: Rides menu loaded 0 finished ride(s) (obc_fw_nrf54l obc-fw-nrf54l/src/flat_store.rs:1911)
58.114782 [INFO ] freeze: banner repaint rows 88..144 (obc_fw_nrf54l obc-fw-nrf54l/src/ride.rs:3042)
58.127001 [INFO ] ui frame: render 8157 us + push 11971 us (screen redraw, no map) (obc_fw_nrf54l obc-fw-nrf54l/src/ride.rs:3290)
58.560864 [INFO ] visit: complete searches=2 anchors=1664/3730/3730 arrival=2210 total=5152 (obc_fw_nrf54l obc-fw-nrf54l/src/visit.rs:565)
58.681658 [INFO ] flat: Route menu loaded 9 route(s) (obc_fw_nrf54l obc-fw-nrf54l/src/flat_store.rs:1837)
58.683174 [INFO ] flat: Route menu loaded 0 trip folder(s) (obc_fw_nrf54l obc-fw-nrf54l/src/flat_store.rs:1882)
58.684808 [INFO ] flat: Rides menu loaded 0 finished ride(s) (obc_fw_nrf54l obc-fw-nrf54l/src/flat_store.rs:1911)
59.022104 [INFO ] freeze: banner repaint rows 88..144 (obc_fw_nrf54l obc-fw-nrf54l/src/ride.rs:3042)
59.032962 [INFO ] ui frame: render 8153 us + push 10610 us (screen redraw, no map) (obc_fw_nrf54l obc-fw-nrf54l/src/ride.rs:3290)
59.435216 [INFO ] visit: complete searches=2 anchors=1664/3553/3553 arrival=2210 total=5505 (obc_fw_nrf54l obc-fw-nrf54l/src/visit.rs:565)
59.572103 [INFO ] flat: Route menu loaded 10 route(s) (obc_fw_nrf54l obc-fw-nrf54l/src/flat_store.rs:1837)
59.574107 [INFO ] flat: Route menu loaded 0 trip folder(s) (obc_fw_nrf54l obc-fw-nrf54l/src/flat_store.rs:1882)
59.576236 [INFO ] flat: Rides menu loaded 0 finished ride(s) (obc_fw_nrf54l obc-fw-nrf54l/src/flat_store.rs:1911)
59.621364 [INFO ] find: ready results=4 (obc_fw_nrf54l obc-fw-nrf54l/src/ride.rs:2924)
60.203712 [INFO ] map frame: render 536396 us + push 43206 us | lod 10 | feat 451/663 | chunks 15 | map-cache 0 hit / 15 miss (obc_fw_nrf54l obc-fw-nrf54l/src/ride.rs:3276)
60.748758 [INFO ] map frame: render 533456 us + push 8586 us | lod 10 | feat 451/663 | chunks 15 | map-cache 0 hit / 15 miss (obc_fw_nrf54l obc-fw-nrf54l/src/ride.rs:3276)
60.811170 [INFO ] flat: Route menu loaded 9 route(s) (obc_fw_nrf54l obc-fw-nrf54l/src/flat_store.rs:1837)
60.812687 [INFO ] flat: Route menu loaded 0 trip folder(s) (obc_fw_nrf54l obc-fw-nrf54l/src/flat_store.rs:1882)
60.814292 [INFO ] flat: Rides menu loaded 0 finished ride(s) (obc_fw_nrf54l obc-fw-nrf54l/src/flat_store.rs:1911)
61.361085 [INFO ] map frame: render 530357 us + push 8586 us | lod 10 | feat 451/663 | chunks 15 | map-cache 2 hit / 13 miss (obc_fw_nrf54l obc-fw-nrf54l/src/ride.rs:3276)
61.425377 [INFO ] flat: Route menu loaded 8 route(s) (obc_fw_nrf54l obc-fw-nrf54l/src/flat_store.rs:1837)
61.426952 [INFO ] flat: Route menu loaded 0 trip folder(s) (obc_fw_nrf54l obc-fw-nrf54l/src/flat_store.rs:1882)
61.428594 [INFO ] flat: Rides menu loaded 0 finished ride(s) (obc_fw_nrf54l obc-fw-nrf54l/src/flat_store.rs:1911)
61.977082 [INFO ] map frame: render 530353 us + push 8586 us | lod 10 | feat 451/663 | chunks 15 | map-cache 2 hit / 13 miss (obc_fw_nrf54l obc-fw-nrf54l/src/ride.rs:3276)
65.024417 [INFO ] input: Press on FindPlace (obc_fw_nrf54l obc-fw-nrf54l/src/ride.rs:2704)
65.177311 [INFO ] map frame: render 102720 us + push 49484 us | lod 13 | feat 37/218 | chunks 3 | map-cache 0 hit / 3 miss (obc_fw_nrf54l obc-fw-nrf54l/src/ride.rs:3276)
65.233775 [INFO ] flat: Route menu loaded 8 route(s) (obc_fw_nrf54l obc-fw-nrf54l/src/flat_store.rs:1837)
65.800602 [INFO ] map frame: render 444184 us + push 39304 us | lod 10 | feat 339/426 | chunks 10 | map-cache 1 hit / 9 miss (obc_fw_nrf54l obc-fw-nrf54l/src/ride.rs:3276)
66.173470 [INFO ] input: Step 1 on VisitReview (obc_fw_nrf54l obc-fw-nrf54l/src/ride.rs:2702)
66.316021 [INFO ] map frame: render 102563 us + push 39306 us | lod 13 | feat 37/218 | chunks 3 | map-cache 0 hit / 3 miss (obc_fw_nrf54l obc-fw-nrf54l/src/ride.rs:3276)
66.433417 [INFO ] map frame: render 100572 us + push 8586 us | lod 13 | feat 37/218 | chunks 3 | map-cache 1 hit / 2 miss (obc_fw_nrf54l obc-fw-nrf54l/src/ride.rs:3276)
66.972714 [INFO ] flat: Route menu loaded 9 route(s) (obc_fw_nrf54l obc-fw-nrf54l/src/flat_store.rs:1837)
66.973322 [INFO ] nav route: ok len=1045 total_ms=518 snap_ms=102 search_ms=76 emit_ms=54 write_ms=45 rescan_ms=0 source_reads=267 graph_reads=218 index_reads=49 settles=179 eps=13/10 stack_hw=34784/49672 (obc_fw_nrf54l obc-fw-nrf54l/src/ride.rs:505)
67.030162 [INFO ] flat: Route menu loaded 9 route(s) (obc_fw_nrf54l obc-fw-nrf54l/src/flat_store.rs:1837)
67.031677 [INFO ] flat: Route menu loaded 0 trip folder(s) (obc_fw_nrf54l obc-fw-nrf54l/src/flat_store.rs:1882)
67.033343 [INFO ] flat: Rides menu loaded 0 finished ride(s) (obc_fw_nrf54l obc-fw-nrf54l/src/flat_store.rs:1911)
67.040163 [INFO ] nav route: released after 585 ms (obc_fw_nrf54l obc-fw-nrf54l/src/ride.rs:2313)
67.436588 [INFO ] map frame: render 355577 us + push 37324 us | lod 10 | feat 251/375 | chunks 8 | map-cache 0 hit / 8 miss (obc_fw_nrf54l obc-fw-nrf54l/src/ride.rs:3276)
79.038594 [INFO ] input: Step 1 on VisitReview (obc_fw_nrf54l obc-fw-nrf54l/src/ride.rs:2702)
79.177801 [INFO ] map frame: render 101219 us + push 37306 us | lod 13 | feat 37/218 | chunks 3 | map-cache 1 hit / 2 miss (obc_fw_nrf54l obc-fw-nrf54l/src/ride.rs:3276)
79.226499 [INFO ] flat: Route menu loaded 8 route(s) (obc_fw_nrf54l obc-fw-nrf54l/src/flat_store.rs:1837)
79.339984 [INFO ] map frame: render 102080 us + push 8585 us | lod 13 | feat 37/218 | chunks 3 | map-cache 1 hit / 2 miss (obc_fw_nrf54l obc-fw-nrf54l/src/ride.rs:3276)
79.340735 [INFO ] stack high-water 35832 / 49672 B (new peak) (obc_fw_nrf54l obc-fw-nrf54l/src/ride.rs:992)
79.381604 [INFO ] flat: Route menu loaded 8 route(s) (obc_fw_nrf54l obc-fw-nrf54l/src/flat_store.rs:1837)
79.383111 [INFO ] flat: Route menu loaded 0 trip folder(s) (obc_fw_nrf54l obc-fw-nrf54l/src/flat_store.rs:1882)
79.384672 [INFO ] flat: Rides menu loaded 0 finished ride(s) (obc_fw_nrf54l obc-fw-nrf54l/src/flat_store.rs:1911)
79.501609 [INFO ] map frame: render 98244 us + push 8586 us | lod 13 | feat 37/218 | chunks 3 | map-cache 3 hit / 0 miss (obc_fw_nrf54l obc-fw-nrf54l/src/ride.rs:3276)
80.021163 [INFO ] freeze: banner repaint rows 88..144 (obc_fw_nrf54l obc-fw-nrf54l/src/ride.rs:3042)
80.032019 [INFO ] ui frame: render 8164 us + push 10609 us (screen redraw, no map) (obc_fw_nrf54l obc-fw-nrf54l/src/ride.rs:3290)
80.189187 [INFO ] visit: complete searches=2 anchors=1664/3422/3422 arrival=1808 total=4964 (obc_fw_nrf54l obc-fw-nrf54l/src/visit.rs:565)
80.248846 [INFO ] flat: Route menu loaded 9 route(s) (obc_fw_nrf54l obc-fw-nrf54l/src/flat_store.rs:1837)
80.370015 [INFO ] flat: Route menu loaded 9 route(s) (obc_fw_nrf54l obc-fw-nrf54l/src/flat_store.rs:1837)
80.371536 [INFO ] flat: Route menu loaded 0 trip folder(s) (obc_fw_nrf54l obc-fw-nrf54l/src/flat_store.rs:1882)
80.373145 [INFO ] flat: Rides menu loaded 0 finished ride(s) (obc_fw_nrf54l obc-fw-nrf54l/src/flat_store.rs:1911)
80.871525 [INFO ] map frame: render 446295 us + push 39308 us | lod 10 | feat 339/426 | chunks 10 | map-cache 0 hit / 10 miss (obc_fw_nrf54l obc-fw-nrf54l/src/ride.rs:3276)
92.024252 [INFO ] input: Step 1 on VisitReview (obc_fw_nrf54l obc-fw-nrf54l/src/ride.rs:2702)
92.163304 [INFO ] map frame: render 99061 us + push 39310 us | lod 13 | feat 37/218 | chunks 3 | map-cache 3 hit / 0 miss (obc_fw_nrf54l obc-fw-nrf54l/src/ride.rs:3276)
92.217765 [INFO ] flat: Route menu loaded 8 route(s) (obc_fw_nrf54l obc-fw-nrf54l/src/flat_store.rs:1837)
92.328877 [INFO ] map frame: render 99721 us + push 8585 us | lod 13 | feat 37/218 | chunks 3 | map-cache 3 hit / 0 miss (obc_fw_nrf54l obc-fw-nrf54l/src/ride.rs:3276)
92.370045 [INFO ] flat: Route menu loaded 8 route(s) (obc_fw_nrf54l obc-fw-nrf54l/src/flat_store.rs:1837)
92.371526 [INFO ] flat: Route menu loaded 0 trip folder(s) (obc_fw_nrf54l obc-fw-nrf54l/src/flat_store.rs:1882)
92.373071 [INFO ] flat: Rides menu loaded 0 finished ride(s) (obc_fw_nrf54l obc-fw-nrf54l/src/flat_store.rs:1911)
92.488955 [INFO ] map frame: render 98242 us + push 8587 us | lod 13 | feat 37/218 | chunks 3 | map-cache 3 hit / 0 miss (obc_fw_nrf54l obc-fw-nrf54l/src/ride.rs:3276)
93.030042 [INFO ] flat: Route menu loaded 9 route(s) (obc_fw_nrf54l obc-fw-nrf54l/src/flat_store.rs:1837)
93.030611 [INFO ] nav route: ok len=1045 total_ms=519 snap_ms=102 search_ms=76 emit_ms=54 write_ms=45 rescan_ms=0 source_reads=267 graph_reads=218 index_reads=49 settles=179 eps=13/10 stack_hw=35832/49672 (obc_fw_nrf54l obc-fw-nrf54l/src/ride.rs:505)
93.089596 [INFO ] flat: Route menu loaded 9 route(s) (obc_fw_nrf54l obc-fw-nrf54l/src/flat_store.rs:1837)
93.091207 [INFO ] flat: Route menu loaded 0 trip folder(s) (obc_fw_nrf54l obc-fw-nrf54l/src/flat_store.rs:1882)
93.092880 [INFO ] flat: Rides menu loaded 0 finished ride(s) (obc_fw_nrf54l obc-fw-nrf54l/src/flat_store.rs:1911)
93.100106 [INFO ] nav route: released after 589 ms (obc_fw_nrf54l obc-fw-nrf54l/src/ride.rs:2313)
93.494758 [INFO ] map frame: render 353819 us + push 37277 us | lod 10 | feat 251/375 | chunks 8 | map-cache 0 hit / 8 miss (obc_fw_nrf54l obc-fw-nrf54l/src/ride.rs:3276)
