   Compiling obc-app v0.1.0 (/Users/timo/Documents/OSM-agents/ride-preview-polish/firmware/obc-app)
    Finished `test` profile [unoptimized + debuginfo] target(s) in 5.06s
     Running unittests src/lib.rs (/Users/timo/Documents/OSM-agents/ride-assistant-speed/target/debug/deps/obc_app-4a5de3b2e4103de8)
test result: ok. 918 passed; 0 failed; 0 ignored; 0 measured; 0 filtered out; finished in 0.34s
     Running tests/app.rs (/Users/timo/Documents/OSM-agents/ride-assistant-speed/target/debug/deps/app-7364df6cf1acfd5e)
test result: ok. 10 passed; 0 failed; 0 ignored; 0 measured; 0 filtered out; finished in 0.00s
     Running tests/ble.rs (/Users/timo/Documents/OSM-agents/ride-assistant-speed/target/debug/deps/ble-94d718d159f7e284)
test result: ok. 10 passed; 0 failed; 0 ignored; 0 measured; 0 filtered out; finished in 0.00s
     Running tests/breadcrumb.rs (/Users/timo/Documents/OSM-agents/ride-assistant-speed/target/debug/deps/breadcrumb-a8d748060e066973)
test result: ok. 6 passed; 0 failed; 0 ignored; 0 measured; 0 filtered out; finished in 2.81s
     Running tests/corridor.rs (/Users/timo/Documents/OSM-agents/ride-assistant-speed/target/debug/deps/corridor-110902b73442e8b9)
test result: ok. 5 passed; 0 failed; 0 ignored; 0 measured; 0 filtered out; finished in 0.02s
     Running tests/detour_flow.rs (/Users/timo/Documents/OSM-agents/ride-assistant-speed/target/debug/deps/detour_flow-abb05c9943d16604)
test result: ok. 13 passed; 0 failed; 0 ignored; 0 measured; 0 filtered out; finished in 0.01s
     Running tests/dirty.rs (/Users/timo/Documents/OSM-agents/ride-assistant-speed/target/debug/deps/dirty-8ed71b7dd3c761b1)
test result: ok. 10 passed; 0 failed; 0 ignored; 0 measured; 0 filtered out; finished in 0.00s
     Running tests/hold_hint.rs (/Users/timo/Documents/OSM-agents/ride-assistant-speed/target/debug/deps/hold_hint-dc8281bd36a27d71)
test result: ok. 1 passed; 0 failed; 0 ignored; 0 measured; 0 filtered out; finished in 0.01s
     Running tests/host_protocol.rs (/Users/timo/Documents/OSM-agents/ride-assistant-speed/target/debug/deps/host_protocol-eb3339ea5219ad49)
test result: ok. 3 passed; 0 failed; 0 ignored; 0 measured; 0 filtered out; finished in 0.00s
     Running tests/i18n.rs (/Users/timo/Documents/OSM-agents/ride-assistant-speed/target/debug/deps/i18n-d958ce21690f9117)
test result: ok. 7 passed; 0 failed; 0 ignored; 0 measured; 0 filtered out; finished in 0.04s
     Running tests/input_plane.rs (/Users/timo/Documents/OSM-agents/ride-assistant-speed/target/debug/deps/input_plane-cd2f51780694686c)
test result: ok. 5 passed; 0 failed; 0 ignored; 0 measured; 0 filtered out; finished in 0.00s
     Running tests/marker.rs (/Users/timo/Documents/OSM-agents/ride-assistant-speed/target/debug/deps/marker-7e9a1a69492fd469)
test result: ok. 2 passed; 0 failed; 0 ignored; 0 measured; 0 filtered out; finished in 0.01s
     Running tests/overlay_plane.rs (/Users/timo/Documents/OSM-agents/ride-assistant-speed/target/debug/deps/overlay_plane-57dfeeb1a4804c58)
test result: ok. 6 passed; 0 failed; 0 ignored; 0 measured; 0 filtered out; finished in 0.01s
     Running tests/palette.rs (/Users/timo/Documents/OSM-agents/ride-assistant-speed/target/debug/deps/palette-eae513fcde667738)
test result: ok. 1 passed; 0 failed; 0 ignored; 0 measured; 0 filtered out; finished in 0.00s
     Running tests/poi.rs (/Users/timo/Documents/OSM-agents/ride-assistant-speed/target/debug/deps/poi-f97e73ded8f52373)
test result: ok. 10 passed; 0 failed; 0 ignored; 0 measured; 0 filtered out; finished in 0.02s
     Running tests/ride_recovery.rs (/Users/timo/Documents/OSM-agents/ride-assistant-speed/target/debug/deps/ride_recovery-3d7a1bdee636c7c0)
test result: ok. 4 passed; 0 failed; 0 ignored; 0 measured; 0 filtered out; finished in 0.00s
     Running tests/trips.rs (/Users/timo/Documents/OSM-agents/ride-assistant-speed/target/debug/deps/trips-227ed4bae40f326f)
test result: ok. 6 passed; 0 failed; 0 ignored; 0 measured; 0 filtered out; finished in 0.00s
