planned max heading rate: 40 deg/s
track: 5922 samples, 59210 m, duration 46.0 s, photos at [9.057210238170379, 24.78300060728287, 35.38859300891116]
[cam] pitch=60.0 heading=125.8 dist=2500 center=48.09641,7.89868
[cam] pitch=60.0 heading=125.8 dist=2500 center=48.09641,7.89868
[cam] pitch=30.0 heading=125.8 dist=2500 center=48.09641,7.89868
Invalid c3mm file!
Invalid c3mm file!
[cam] pitch=60.0 heading=125.6 dist=2500 center=48.09619,7.89882
[cam] pitch=60.0 heading=125.5 dist=2500 center=48.09596,7.89889
[cam] pitch=60.0 heading=125.0 dist=2500 center=48.09536,7.89892
Invalid c3mm file!
[cam] pitch=60.0 heading=124.7 dist=2500 center=48.09503,7.89891
[cam] pitch=60.0 heading=124.5 dist=2500 center=48.09480,7.89891
[cam] pitch=60.0 heading=124.3 dist=2500 center=48.09457,7.89892
[cam] pitch=60.0 heading=124.1 dist=2500 center=48.09437,7.89907
[cam] pitch=60.0 heading=123.9 dist=2500 center=48.09423,7.89936
[cam] pitch=60.0 heading=123.6 dist=2500 center=48.09410,7.89967
[cam] pitch=60.0 heading=123.4 dist=2500 center=48.09397,7.89998
[cam] pitch=60.0 heading=123.1 dist=2500 center=48.09384,7.90028
[cam] pitch=60.0 heading=122.9 dist=2500 center=48.09371,7.90059
[cam] pitch=60.0 heading=122.6 dist=2500 center=48.09358,7.90090
[cam] pitch=60.0 heading=122.4 dist=2500 center=48.09340,7.90083
[cam] pitch=60.0 heading=122.1 dist=2500 center=48.09321,7.90067
[cam] pitch=60.0 heading=121.9 dist=2500 center=48.09301,7.90050
[cam] pitch=60.0 heading=121.6 dist=2500 center=48.09281,7.90034
[cam] pitch=60.0 heading=121.4 dist=2500 center=48.09269,7.90037
[cam] pitch=60.0 heading=121.2 dist=2500 center=48.09267,7.90074
[cam] pitch=60.0 heading=120.9 dist=2500 center=48.09262,7.90110
[cam] pitch=60.0 heading=120.8 dist=2500 center=48.09261,7.90141
[cam] pitch=60.0 heading=120.6 dist=2500 center=48.09284,7.90157
[cam] pitch=60.0 heading=120.4 dist=2500 center=48.09302,7.90183
[cam] pitch=60.0 heading=120.3 dist=2500 center=48.09312,7.90217
[cam] pitch=60.0 heading=120.2 dist=2500 center=48.09314,7.90254
[cam] pitch=60.0 heading=120.0 dist=2500 center=48.09312,7.90291
[cam] pitch=60.0 heading=120.0 dist=2500 center=48.09307,7.90327
[cam] pitch=60.0 heading=119.9 dist=2500 center=48.09300,7.90362
[cam] pitch=60.0 heading=119.8 dist=2500 center=48.09312,7.90380
[cam] pitch=60.0 heading=119.8 dist=2500 center=48.09336,7.90387
[cam] pitch=60.0 heading=119.7 dist=2500 center=48.09360,7.90394
[cam] pitch=60.0 heading=119.7 dist=2500 center=48.09378,7.90413
[cam] pitch=60.0 heading=119.7 dist=2500 center=48.09387,7.90447
[cam] pitch=60.0 heading=119.6 dist=2500 center=48.09396,7.90480
[cam] pitch=60.0 heading=119.6 dist=2500 center=48.09401,7.90515
[cam] pitch=60.0 heading=119.5 dist=2500 center=48.09405,7.90547
[cam] pitch=60.0 heading=119.5 dist=2500 center=48.09421,7.90571
[cam] pitch=60.0 heading=119.4 dist=2500 center=48.09405,7.90591
[cam] pitch=60.0 heading=119.3 dist=2500 center=48.09384,7.90606
[cam] pitch=60.0 heading=119.3 dist=2500 center=48.09362,7.90622
[cam] pitch=60.0 heading=119.2 dist=2500 center=48.09340,7.90636
[cam] pitch=60.0 heading=119.1 dist=2500 center=48.09318,7.90650
[cam] pitch=60.0 heading=119.0 dist=2500 center=48.09297,7.90665
[cam] pitch=60.0 heading=118.9 dist=2500 center=48.09276,7.90682
[cam] pitch=60.0 heading=118.8 dist=2500 center=48.09257,7.90703
[cam] pitch=60.0 heading=118.6 dist=2500 center=48.09238,7.90724
[cam] pitch=60.0 heading=118.5 dist=2500 center=48.09219,7.90746
[cam] pitch=60.0 heading=118.4 dist=2500 center=48.09201,7.90769
[cam] pitch=60.0 heading=118.2 dist=2500 center=48.09183,7.90793
[cam] pitch=60.0 heading=118.1 dist=2500 center=48.09167,7.90819
[cam] pitch=60.0 heading=117.9 dist=2500 center=48.09151,7.90846
[cam] pitch=60.0 heading=117.8 dist=2500 center=48.09135,7.90872
[cam] pitch=60.0 heading=117.6 dist=2500 center=48.09119,7.90898
[cam] pitch=60.0 heading=117.4 dist=2500 center=48.09105,7.90923
[cam] pitch=60.0 heading=117.2 dist=2500 center=48.09091,7.90952
[cam] pitch=60.0 heading=117.0 dist=2500 center=48.09074,7.90976
[cam] pitch=60.0 heading=116.6 dist=2500 center=48.09031,7.90986
[cam] pitch=60.0 heading=116.4 dist=2500 center=48.09011,7.90972
[cam] pitch=60.0 heading=116.2 dist=2500 center=48.08991,7.90971
[cam] pitch=60.0 heading=116.0 dist=2500 center=48.08981,7.90997
[cam] pitch=60.0 heading=115.8 dist=2500 center=48.08987,7.91032
[cam] pitch=60.0 heading=115.6 dist=2500 center=48.08987,7.91069
[cam] pitch=60.0 heading=115.4 dist=2500 center=48.08986,7.91106
[cam] pitch=60.0 heading=115.1 dist=2500 center=48.08985,7.91143
[cam] pitch=60.0 heading=114.9 dist=2500 center=48.08985,7.91180
[cam] pitch=60.0 heading=114.6 dist=2500 center=48.08969,7.91189
[cam] pitch=60.0 heading=114.4 dist=2500 center=48.08946,7.91193
[cam] pitch=60.0 heading=114.1 dist=2500 center=48.08925,7.91202
[cam] pitch=60.0 heading=113.8 dist=2500 center=48.08903,7.91212
[cam] pitch=60.0 heading=113.5 dist=2500 center=48.08883,7.91226
[cam] pitch=60.0 heading=113.2 dist=2500 center=48.08864,7.91245
[cam] pitch=60.0 heading=112.9 dist=2500 center=48.08847,7.91268
[cam] pitch=60.0 heading=112.6 dist=2500 center=48.08831,7.91293
[cam] pitch=60.0 heading=112.3 dist=2500 center=48.08816,7.91319
[cam] pitch=60.0 heading=112.0 dist=2500 center=48.08803,7.91347
[cam] pitch=60.0 heading=111.7 dist=2500 center=48.08790,7.91376
[cam] pitch=60.0 heading=111.4 dist=2500 center=48.08778,7.91406
[cam] pitch=60.0 heading=111.1 dist=2500 center=48.08766,7.91435
[cam] pitch=60.0 heading=110.7 dist=2500 center=48.08754,7.91465
[cam] pitch=60.0 heading=110.4 dist=2500 center=48.08745,7.91497
[cam] pitch=60.0 heading=110.1 dist=2500 center=48.08735,7.91529
[cam] pitch=60.0 heading=109.7 dist=2500 center=48.08725,7.91560
[cam] pitch=60.0 heading=109.3 dist=2500 center=48.08715,7.91592
[cam] pitch=60.0 heading=109.0 dist=2500 center=48.08702,7.91619
[cam] pitch=60.0 heading=108.6 dist=2500 center=48.08685,7.91639
[cam] pitch=60.0 heading=108.2 dist=2500 center=48.08665,7.91653
[cam] pitch=60.0 heading=107.9 dist=2500 center=48.08646,7.91666
[cam] pitch=60.0 heading=107.5 dist=2500 center=48.08633,7.91692
[cam] pitch=60.0 heading=107.1 dist=2500 center=48.08623,7.91724
[cam] pitch=60.0 heading=106.7 dist=2500 center=48.08612,7.91754
[cam] pitch=60.0 heading=106.3 dist=2500 center=48.08601,7.91784
[cam] pitch=60.0 heading=106.0 dist=2500 center=48.08589,7.91814
[cam] pitch=60.0 heading=105.6 dist=2500 center=48.08579,7.91846
[cam] pitch=60.0 heading=105.2 dist=2500 center=48.08574,7.91881
[cam] pitch=60.0 heading=104.8 dist=2500 center=48.08571,7.91916
[cam] pitch=60.0 heading=104.5 dist=2500 center=48.08575,7.91953
[cam] pitch=60.0 heading=104.1 dist=2500 center=48.08578,7.91990
[cam] pitch=60.0 heading=103.7 dist=2500 center=48.08578,7.92026
Invalid c3mm file!
[cam] pitch=60.0 heading=103.3 dist=2500 center=48.08573,7.92061
[cam] pitch=60.0 heading=103.0 dist=2500 center=48.08567,7.92096
[cam] pitch=60.0 heading=102.6 dist=2500 center=48.08560,7.92129
[cam] pitch=60.0 heading=102.2 dist=2500 center=48.08556,7.92164
[cam] pitch=60.0 heading=101.9 dist=2500 center=48.08558,7.92201
[cam] pitch=60.0 heading=101.5 dist=2500 center=48.08560,7.92237
[cam] pitch=60.0 heading=101.2 dist=2500 center=48.08560,7.92274
Invalid c3mm file!
[cam] pitch=60.0 heading=100.8 dist=2500 center=48.08555,7.92309
[cam] pitch=60.0 heading=100.4 dist=2500 center=48.08549,7.92343
[cam] pitch=60.0 heading=100.1 dist=2500 center=48.08547,7.92378
[cam] pitch=60.0 heading=99.8 dist=2500 center=48.08554,7.92414
[cam] pitch=60.0 heading=99.4 dist=2500 center=48.08562,7.92450
[cam] pitch=60.0 heading=99.1 dist=2500 center=48.08569,7.92485
[cam] pitch=60.0 heading=98.7 dist=2500 center=48.08575,7.92522
[cam] pitch=60.0 heading=98.4 dist=2500 center=48.08578,7.92558
[cam] pitch=60.0 heading=98.0 dist=2500 center=48.08576,7.92594
[cam] pitch=60.0 heading=97.7 dist=2500 center=48.08573,7.92629
[cam] pitch=60.0 heading=97.3 dist=2500 center=48.08571,7.92665
[cam] pitch=60.0 heading=97.0 dist=2500 center=48.08571,7.92701
[cam] pitch=60.0 heading=96.7 dist=2500 center=48.08572,7.92737
[cam] pitch=60.0 heading=96.3 dist=2500 center=48.08573,7.92773
[cam] pitch=60.0 heading=96.0 dist=2500 center=48.08572,7.92809
[cam] pitch=60.0 heading=95.7 dist=2500 center=48.08566,7.92843
[cam] pitch=60.0 heading=95.3 dist=2500 center=48.08557,7.92875
[cam] pitch=60.0 heading=95.0 dist=2500 center=48.08553,7.92910
[cam] pitch=60.0 heading=94.7 dist=2500 center=48.08552,7.92946
[cam] pitch=60.0 heading=94.4 dist=2500 center=48.08559,7.92978
[cam] pitch=60.0 heading=94.2 dist=2500 center=48.08577,7.93005
[cam] pitch=60.0 heading=93.9 dist=2500 center=48.08593,7.93034
[cam] pitch=60.0 heading=93.7 dist=2500 center=48.08605,7.93066
[cam] pitch=60.0 heading=93.4 dist=2500 center=48.08615,7.93100
[cam] pitch=60.0 heading=93.2 dist=2500 center=48.08622,7.93135
[cam] pitch=60.0 heading=93.0 dist=2500 center=48.08634,7.93167
[cam] pitch=60.0 heading=92.8 dist=2500 center=48.08654,7.93189
[cam] pitch=60.0 heading=92.7 dist=2500 center=48.08678,7.93203
[cam] pitch=60.0 heading=92.5 dist=2500 center=48.08702,7.93214
[cam] pitch=60.0 heading=92.3 dist=2500 center=48.08726,7.93228
[cam] pitch=60.0 heading=92.1 dist=2500 center=48.08749,7.93243
[cam] pitch=60.0 heading=92.0 dist=2500 center=48.08772,7.93261
[cam] pitch=60.0 heading=91.8 dist=2500 center=48.08794,7.93281
[cam] pitch=60.0 heading=91.6 dist=2500 center=48.08806,7.93310
[cam] pitch=60.0 heading=91.4 dist=2500 center=48.08809,7.93347
[cam] pitch=60.0 heading=91.2 dist=2500 center=48.08798,7.93378
[cam] pitch=60.0 heading=90.9 dist=2500 center=48.08781,7.93401
[cam] pitch=60.0 heading=90.7 dist=2500 center=48.08764,7.93425
[cam] pitch=60.0 heading=90.4 dist=2500 center=48.08747,7.93447
[cam] pitch=60.0 heading=90.2 dist=2500 center=48.08729,7.93467
[cam] pitch=60.0 heading=89.9 dist=2500 center=48.08711,7.93488
[cam] pitch=60.0 heading=89.6 dist=2500 center=48.08699,7.93517
[cam] pitch=60.0 heading=89.3 dist=2500 center=48.08688,7.93548
[cam] pitch=60.0 heading=89.1 dist=2500 center=48.08680,7.93580
[cam] pitch=60.0 heading=88.8 dist=2500 center=48.08668,7.93610
[cam] pitch=60.0 heading=88.5 dist=2500 center=48.08652,7.93633
[cam] pitch=60.0 heading=88.2 dist=2500 center=48.08639,7.93657
[cam] pitch=60.0 heading=87.9 dist=2500 center=48.08634,7.93691
[cam] pitch=60.0 heading=87.6 dist=2500 center=48.08632,7.93726
[cam] pitch=60.0 heading=87.3 dist=2500 center=48.08637,7.93761
[cam] pitch=60.0 heading=87.1 dist=2500 center=48.08640,7.93796
[cam] pitch=60.0 heading=86.8 dist=2500 center=48.08636,7.93831
[cam] pitch=60.0 heading=86.5 dist=2500 center=48.08636,7.93866
[cam] pitch=60.0 heading=86.3 dist=2500 center=48.08642,7.93901
[cam] pitch=60.0 heading=86.0 dist=2500 center=48.08658,7.93928
[cam] pitch=60.0 heading=85.8 dist=2500 center=48.08676,7.93954
[cam] pitch=60.0 heading=85.5 dist=2500 center=48.08687,7.93987
[cam] pitch=60.0 heading=85.3 dist=2500 center=48.08697,7.94020
[cam] pitch=60.0 heading=85.1 dist=2500 center=48.08707,7.94053
[cam] pitch=60.0 heading=84.8 dist=2500 center=48.08717,7.94087
[cam] pitch=60.0 heading=84.6 dist=2500 center=48.08727,7.94120
[cam] pitch=60.0 heading=84.4 dist=2500 center=48.08738,7.94153
[cam] pitch=60.0 heading=84.2 dist=2500 center=48.08752,7.94183
[cam] pitch=60.0 heading=84.0 dist=2500 center=48.08766,7.94213
[cam] pitch=60.0 heading=83.7 dist=2500 center=48.08793,7.94275
[cam] pitch=60.0 heading=83.6 dist=2500 center=48.08802,7.94309
[cam] pitch=60.0 heading=83.4 dist=2500 center=48.08814,7.94337
[cam] pitch=60.0 heading=83.3 dist=2500 center=48.08834,7.94360
[cam] pitch=60.0 heading=83.2 dist=2500 center=48.08854,7.94383
[cam] pitch=60.0 heading=83.0 dist=2500 center=48.08873,7.94406
[cam] pitch=60.0 heading=82.9 dist=2500 center=48.08893,7.94430
[cam] pitch=60.0 heading=82.8 dist=2500 center=48.08912,7.94453
[cam] pitch=60.0 heading=82.7 dist=2500 center=48.08931,7.94477
[cam] pitch=60.0 heading=82.6 dist=2500 center=48.08949,7.94503
[cam] pitch=60.0 heading=82.5 dist=2500 center=48.08964,7.94533
[cam] pitch=60.0 heading=82.4 dist=2500 center=48.08974,7.94567
[cam] pitch=60.0 heading=82.3 dist=2500 center=48.08977,7.94603
[cam] pitch=60.0 heading=82.3 dist=2500 center=48.08980,7.94640
[cam] pitch=60.0 heading=82.2 dist=2500 center=48.08983,7.94677
[cam] pitch=60.0 heading=82.1 dist=2500 center=48.08988,7.94713
[cam] pitch=60.0 heading=82.1 dist=2500 center=48.08998,7.94747
[cam] pitch=60.0 heading=82.0 dist=2500 center=48.09012,7.94778
[cam] pitch=60.0 heading=82.0 dist=2500 center=48.09027,7.94808
[cam] pitch=60.0 heading=81.9 dist=2500 center=48.09041,7.94839
[cam] pitch=60.0 heading=81.9 dist=2500 center=48.09056,7.94869
[cam] pitch=60.0 heading=81.9 dist=2500 center=48.09071,7.94899
[cam] pitch=60.0 heading=81.8 dist=2500 center=48.09085,7.94930
[cam] pitch=60.0 heading=81.8 dist=2500 center=48.09098,7.94962
[cam] pitch=60.0 heading=81.8 dist=2500 center=48.09110,7.94994
[cam] pitch=60.0 heading=81.8 dist=2500 center=48.09120,7.95028
[cam] pitch=60.0 heading=81.8 dist=2500 center=48.09129,7.95063
[cam] pitch=60.0 heading=81.8 dist=2500 center=48.09138,7.95097
[cam] pitch=60.0 heading=81.8 dist=2500 center=48.09147,7.95131
[cam] pitch=60.0 heading=81.8 dist=2500 center=48.09158,7.95164
[cam] pitch=60.0 heading=81.8 dist=2500 center=48.09172,7.95194
[cam] pitch=60.0 heading=81.9 dist=2500 center=48.09200,7.95253
[cam] pitch=60.0 heading=82.0 dist=2500 center=48.09213,7.95283
[cam] pitch=60.0 heading=82.0 dist=2500 center=48.09216,7.95317
[cam] pitch=60.0 heading=82.1 dist=2500 center=48.09230,7.95345
[cam] pitch=60.0 heading=82.2 dist=2500 center=48.09242,7.95376
[cam] pitch=60.0 heading=82.3 dist=2500 center=48.09255,7.95406
[cam] pitch=60.0 heading=82.4 dist=2500 center=48.09270,7.95434
[cam] pitch=60.0 heading=82.5 dist=2500 center=48.09285,7.95460
[cam] pitch=60.0 heading=82.6 dist=2500 center=48.09301,7.95487
[cam] pitch=60.0 heading=82.8 dist=2500 center=48.09318,7.95510
[cam] pitch=60.0 heading=82.9 dist=2500 center=48.09336,7.95533
[cam] pitch=60.0 heading=83.1 dist=2500 center=48.09353,7.95556
[cam] pitch=60.0 heading=83.3 dist=2500 center=48.09371,7.95578
[cam] pitch=60.0 heading=83.5 dist=2500 center=48.09388,7.95599
[cam] pitch=60.0 heading=83.7 dist=2500 center=48.09406,7.95621
[cam] pitch=60.0 heading=83.9 dist=2500 center=48.09423,7.95643
[cam] pitch=60.0 heading=84.1 dist=2500 center=48.09441,7.95664
[cam] pitch=60.0 heading=84.3 dist=2500 center=48.09457,7.95688
[cam] pitch=60.0 heading=84.6 dist=2500 center=48.09471,7.95714
[cam] pitch=60.0 heading=84.8 dist=2500 center=48.09482,7.95743
[cam] pitch=60.0 heading=85.1 dist=2500 center=48.09494,7.95773
[cam] pitch=60.0 heading=85.4 dist=2500 center=48.09512,7.95788
[cam] pitch=60.0 heading=85.6 dist=2500 center=48.09532,7.95800
[cam] pitch=60.0 heading=85.9 dist=2500 center=48.09551,7.95815
[cam] pitch=60.0 heading=86.2 dist=2500 center=48.09565,7.95839
[cam] pitch=60.0 heading=86.5 dist=2500 center=48.09572,7.95871
[cam] pitch=60.0 heading=86.7 dist=2500 center=48.09575,7.95905
[cam] pitch=60.0 heading=87.0 dist=2500 center=48.09578,7.95939
[cam] pitch=60.0 heading=87.2 dist=2500 center=48.09582,7.95972
[cam] pitch=60.0 heading=87.5 dist=2500 center=48.09586,7.96005
[cam] pitch=60.0 heading=87.8 dist=2500 center=48.09590,7.96038
[cam] pitch=60.0 heading=88.0 dist=2500 center=48.09593,7.96072
[cam] pitch=60.0 heading=88.3 dist=2500 center=48.09584,7.96101
[cam] pitch=60.0 heading=88.5 dist=2500 center=48.09565,7.96122
[cam] pitch=60.0 heading=88.8 dist=2500 center=48.09545,7.96141
[cam] pitch=60.0 heading=89.0 dist=2500 center=48.09526,7.96161
[cam] pitch=60.0 heading=89.5 dist=2500 center=48.09521,7.96224
[cam] pitch=60.0 heading=90.7 dist=2500 center=48.09516,7.96237
[cam] pitch=60.0 heading=90.7 dist=2500 center=48.09516,7.96237
[cam] pitch=60.0 heading=91.1 dist=2500 center=48.09514,7.96237
[cam] pitch=60.0 heading=91.3 dist=2500 center=48.09512,7.96237
[cam] pitch=60.0 heading=91.5 dist=2500 center=48.09511,7.96237
[cam] pitch=60.0 heading=91.7 dist=2500 center=48.09509,7.96237
[cam] pitch=60.0 heading=91.9 dist=2500 center=48.09508,7.96237
[cam] pitch=60.0 heading=92.1 dist=2500 center=48.09507,7.96236
[cam] pitch=60.0 heading=92.3 dist=2500 center=48.09505,7.96236
[cam] pitch=60.0 heading=92.5 dist=2500 center=48.09504,7.96236
[cam] pitch=60.0 heading=92.7 dist=2500 center=48.09503,7.96236
[cam] pitch=60.0 heading=92.8 dist=2500 center=48.09501,7.96236
[cam] pitch=60.0 heading=93.0 dist=2500 center=48.09500,7.96236
[cam] pitch=60.0 heading=93.2 dist=2500 center=48.09499,7.96236
[cam] pitch=60.0 heading=93.4 dist=2500 center=48.09497,7.96236
[cam] pitch=60.0 heading=93.6 dist=2500 center=48.09496,7.96236
[cam] pitch=60.0 heading=93.7 dist=2500 center=48.09495,7.96236
[cam] pitch=60.0 heading=93.9 dist=2500 center=48.09494,7.96235
[cam] pitch=60.0 heading=94.1 dist=2500 center=48.09493,7.96235
[cam] pitch=60.0 heading=94.2 dist=2500 center=48.09492,7.96235
[cam] pitch=60.0 heading=94.4 dist=2500 center=48.09490,7.96235
[cam] pitch=60.0 heading=94.5 dist=2500 center=48.09489,7.96235
[cam] pitch=60.0 heading=94.7 dist=2500 center=48.09488,7.96235
[cam] pitch=60.0 heading=94.9 dist=2500 center=48.09487,7.96235
[cam] pitch=60.0 heading=95.0 dist=2500 center=48.09486,7.96235
[cam] pitch=60.0 heading=95.2 dist=2500 center=48.09485,7.96234
[cam] pitch=60.0 heading=95.3 dist=2500 center=48.09484,7.96234
[cam] pitch=60.0 heading=95.5 dist=2500 center=48.09483,7.96234
[cam] pitch=60.0 heading=95.6 dist=2500 center=48.09482,7.96234
[cam] pitch=60.0 heading=95.7 dist=2500 center=48.09481,7.96234
[cam] pitch=60.0 heading=95.9 dist=2500 center=48.09480,7.96234
[cam] pitch=60.0 heading=96.0 dist=2500 center=48.09479,7.96234
[cam] pitch=60.0 heading=96.2 dist=2500 center=48.09478,7.96233
[cam] pitch=60.0 heading=96.3 dist=2500 center=48.09477,7.96233
[cam] pitch=60.0 heading=96.4 dist=2500 center=48.09476,7.96233
[cam] pitch=60.0 heading=96.6 dist=2500 center=48.09475,7.96233
[cam] pitch=60.0 heading=96.7 dist=2500 center=48.09474,7.96233
[cam] pitch=60.0 heading=96.8 dist=2500 center=48.09473,7.96233
[cam] pitch=60.0 heading=96.9 dist=2500 center=48.09473,7.96232
[cam] pitch=60.0 heading=97.1 dist=2500 center=48.09472,7.96232
[cam] pitch=60.0 heading=97.2 dist=2500 center=48.09471,7.96232
[cam] pitch=60.0 heading=97.3 dist=2500 center=48.09470,7.96232
[cam] pitch=60.0 heading=97.4 dist=2500 center=48.09469,7.96232
[cam] pitch=60.0 heading=97.5 dist=2500 center=48.09468,7.96232
[cam] pitch=60.0 heading=97.6 dist=2500 center=48.09468,7.96232
[cam] pitch=60.0 heading=97.8 dist=2500 center=48.09467,7.96231
[cam] pitch=60.0 heading=97.9 dist=2500 center=48.09466,7.96231
[cam] pitch=60.0 heading=98.0 dist=2500 center=48.09465,7.96231
[cam] pitch=60.0 heading=98.1 dist=2500 center=48.09464,7.96231
[cam] pitch=60.0 heading=98.2 dist=2500 center=48.09464,7.96231
[cam] pitch=60.0 heading=98.3 dist=2500 center=48.09463,7.96231
[cam] pitch=60.0 heading=98.4 dist=2500 center=48.09462,7.96230
[cam] pitch=60.0 heading=98.5 dist=2500 center=48.09461,7.96230
[cam] pitch=60.0 heading=98.6 dist=2500 center=48.09461,7.96230
[smooth mode=frame] callbacks=292 (58/s) speedJitter=19.4% stalls=2 maxHeadingRate=51 deg/s
    offset shown-vs-playhead camera: mean=22 m max=66 m (ground speed ~1307 m/s)
[stats mode=frame trail=frame] t=10.0 ticks=292 fps=58.2 hitches=6 maxDt=75ms avgUpdate=0.04ms trailPts=1482
[cam] pitch=60.0 heading=98.7 dist=2500 center=48.09460,7.96230
[cam] pitch=60.0 heading=98.8 dist=2500 center=48.09459,7.96230
[cam] pitch=60.0 heading=98.9 dist=2500 center=48.09459,7.96230
[cam] pitch=60.0 heading=99.0 dist=2500 center=48.09458,7.96229
[cam] pitch=60.0 heading=99.1 dist=2500 center=48.09457,7.96229
[cam] pitch=60.0 heading=99.2 dist=2500 center=48.09457,7.96229
[cam] pitch=60.0 heading=99.3 dist=2500 center=48.09456,7.96229
[cam] pitch=60.0 heading=99.4 dist=2500 center=48.09455,7.96229
[cam] pitch=60.0 heading=99.5 dist=2500 center=48.09455,7.96229
[cam] pitch=60.0 heading=99.6 dist=2500 center=48.09454,7.96228
[cam] pitch=60.0 heading=99.7 dist=2500 center=48.09453,7.96228
[cam] pitch=60.0 heading=99.8 dist=2500 center=48.09453,7.96228
[cam] pitch=60.0 heading=99.9 dist=2500 center=48.09452,7.96228
[cam] pitch=60.0 heading=100.0 dist=2500 center=48.09451,7.96228
[cam] pitch=60.0 heading=100.0 dist=2500 center=48.09451,7.96228
[cam] pitch=60.0 heading=100.1 dist=2500 center=48.09450,7.96227
[cam] pitch=60.0 heading=100.2 dist=2500 center=48.09450,7.96227
[cam] pitch=60.0 heading=100.3 dist=2500 center=48.09449,7.96227
[cam] pitch=60.0 heading=100.4 dist=2500 center=48.09448,7.96227
[cam] pitch=60.0 heading=100.5 dist=2500 center=48.09448,7.96227
Invalid c3mm file!
[cam] pitch=60.0 heading=100.6 dist=2500 center=48.09447,7.96227
[cam] pitch=60.0 heading=100.6 dist=2500 center=48.09447,7.96226
[cam] pitch=60.0 heading=100.7 dist=2500 center=48.09446,7.96226
[cam] pitch=60.0 heading=100.8 dist=2500 center=48.09446,7.96226
[cam] pitch=60.0 heading=100.9 dist=2500 center=48.09445,7.96226
[cam] pitch=60.0 heading=101.0 dist=2500 center=48.09444,7.96226
[cam] pitch=60.0 heading=101.0 dist=2500 center=48.09444,7.96226
[cam] pitch=60.0 heading=101.1 dist=2500 center=48.09443,7.96226
[cam] pitch=60.0 heading=101.2 dist=2500 center=48.09443,7.96225
[cam] pitch=60.0 heading=101.3 dist=2500 center=48.09442,7.96225
[cam] pitch=60.0 heading=101.4 dist=2500 center=48.09442,7.96225
[cam] pitch=60.0 heading=101.4 dist=2500 center=48.09441,7.96225
[cam] pitch=60.0 heading=101.5 dist=2500 center=48.09441,7.96225
[cam] pitch=60.0 heading=101.6 dist=2500 center=48.09440,7.96225
[cam] pitch=60.0 heading=101.7 dist=2500 center=48.09440,7.96224
[cam] pitch=60.0 heading=101.7 dist=2500 center=48.09439,7.96224
[cam] pitch=60.0 heading=101.8 dist=2500 center=48.09439,7.96224
[cam] pitch=60.0 heading=101.9 dist=2500 center=48.09438,7.96224
[cam] pitch=60.0 heading=102.0 dist=2500 center=48.09437,7.96224
[cam] pitch=60.0 heading=102.0 dist=2500 center=48.09437,7.96224
[cam] pitch=60.0 heading=102.1 dist=2500 center=48.09436,7.96223
[cam] pitch=60.0 heading=102.2 dist=2500 center=48.09436,7.96223
[cam] pitch=60.0 heading=102.3 dist=2500 center=48.09435,7.96223
[cam] pitch=60.0 heading=102.3 dist=2500 center=48.09435,7.96223
[cam] pitch=60.0 heading=102.4 dist=2500 center=48.09434,7.96223
[cam] pitch=60.0 heading=102.5 dist=2500 center=48.09434,7.96223
[cam] pitch=60.0 heading=102.6 dist=2500 center=48.09433,7.96222
[cam] pitch=60.0 heading=102.6 dist=2500 center=48.09433,7.96222
[cam] pitch=60.0 heading=102.7 dist=2500 center=48.09432,7.96222
[cam] pitch=60.0 heading=102.8 dist=2500 center=48.09432,7.96222
[cam] pitch=60.0 heading=102.9 dist=2500 center=48.09431,7.96222
[cam] pitch=60.0 heading=102.9 dist=2500 center=48.09431,7.96222
[cam] pitch=60.0 heading=103.0 dist=2500 center=48.09430,7.96221
[cam] pitch=60.0 heading=103.1 dist=2500 center=48.09430,7.96221
[cam] pitch=60.0 heading=103.2 dist=2500 center=48.09429,7.96221
[cam] pitch=60.0 heading=103.2 dist=2500 center=48.09429,7.96221
[cam] pitch=60.0 heading=103.3 dist=2500 center=48.09428,7.96221
[cam] pitch=60.0 heading=103.4 dist=2500 center=48.09428,7.96220
[cam] pitch=60.0 heading=103.5 dist=2500 center=48.09427,7.96220
[cam] pitch=60.0 heading=103.5 dist=2500 center=48.09427,7.96220
[cam] pitch=60.0 heading=103.6 dist=2500 center=48.09426,7.96220
[cam] pitch=60.0 heading=103.7 dist=2500 center=48.09426,7.96220
[cam] pitch=60.0 heading=103.8 dist=2500 center=48.09438,7.96267
[cam] pitch=60.0 heading=103.8 dist=2500 center=48.09438,7.96267
[cam] pitch=60.0 heading=104.0 dist=2500 center=48.09439,7.96328
[cam] pitch=60.0 heading=104.0 dist=2500 center=48.09449,7.96354
[cam] pitch=60.0 heading=104.1 dist=2500 center=48.09458,7.96381
[cam] pitch=60.0 heading=104.1 dist=2500 center=48.09446,7.96403
[cam] pitch=60.0 heading=104.2 dist=2500 center=48.09431,7.96427
[cam] pitch=60.0 heading=104.2 dist=2500 center=48.09417,7.96451
[cam] pitch=60.0 heading=104.2 dist=2500 center=48.09402,7.96474
[cam] pitch=60.0 heading=104.3 dist=2500 center=48.09385,7.96491
[cam] pitch=60.0 heading=104.3 dist=2500 center=48.09385,7.96519
[cam] pitch=60.0 heading=104.3 dist=2500 center=48.09372,7.96543
[cam] pitch=60.0 heading=104.3 dist=2500 center=48.09358,7.96566
[cam] pitch=60.0 heading=104.2 dist=2500 center=48.09345,7.96591
[cam] pitch=60.0 heading=104.2 dist=2500 center=48.09326,7.96599
[cam] pitch=60.0 heading=104.2 dist=2500 center=48.09313,7.96622
[cam] pitch=60.0 heading=104.2 dist=2500 center=48.09301,7.96648
[cam] pitch=60.0 heading=104.1 dist=2500 center=48.09288,7.96666
[cam] pitch=60.0 heading=104.1 dist=2500 center=48.09275,7.96690
[cam] pitch=60.0 heading=104.0 dist=2500 center=48.09262,7.96715
[cam] pitch=60.0 heading=103.9 dist=2500 center=48.09250,7.96739
[cam] pitch=60.0 heading=103.9 dist=2500 center=48.09237,7.96764
[cam] pitch=60.0 heading=103.8 dist=2500 center=48.09225,7.96788
[cam] pitch=60.0 heading=103.7 dist=2500 center=48.09211,7.96810
[cam] pitch=60.0 heading=103.6 dist=2500 center=48.09195,7.96831
[cam] pitch=60.0 heading=103.5 dist=2500 center=48.09180,7.96851
[cam] pitch=60.0 heading=103.4 dist=2500 center=48.09177,7.96879
[cam] pitch=60.0 heading=103.3 dist=2500 center=48.09174,7.96906
[cam] pitch=60.0 heading=103.2 dist=2500 center=48.09158,7.96925
[cam] pitch=60.0 heading=103.1 dist=2500 center=48.09143,7.96944
[cam] pitch=60.0 heading=103.0 dist=2500 center=48.09127,7.96963
[cam] pitch=60.0 heading=102.8 dist=2500 center=48.09115,7.96986
[cam] pitch=60.0 heading=102.7 dist=2500 center=48.09118,7.97012
[cam] pitch=60.0 heading=102.6 dist=2500 center=48.09124,7.97041
[cam] pitch=60.0 heading=102.4 dist=2500 center=48.09118,7.97068
[cam] pitch=60.0 heading=102.3 dist=2500 center=48.09106,7.97091
[cam] pitch=60.0 heading=102.2 dist=2500 center=48.09093,7.97112
[cam] pitch=60.0 heading=102.0 dist=2500 center=48.09080,7.97132
[cam] pitch=60.0 heading=101.9 dist=2500 center=48.09066,7.97152
[cam] pitch=60.0 heading=101.7 dist=2500 center=48.09057,7.97177
[cam] pitch=60.0 heading=101.6 dist=2500 center=48.09049,7.97202
[cam] pitch=60.0 heading=101.5 dist=2500 center=48.09040,7.97227
[cam] pitch=60.0 heading=101.4 dist=2500 center=48.09032,7.97253
[cam] pitch=60.0 heading=101.2 dist=2500 center=48.09026,7.97279
[cam] pitch=60.0 heading=101.1 dist=2500 center=48.09027,7.97307
[cam] pitch=60.0 heading=101.0 dist=2500 center=48.09031,7.97334
[cam] pitch=60.0 heading=100.9 dist=2500 center=48.09033,7.97362
[cam] pitch=60.0 heading=100.8 dist=2500 center=48.09035,7.97390
[cam] pitch=60.0 heading=100.7 dist=2500 center=48.09043,7.97444
[cam] pitch=60.0 heading=100.6 dist=2500 center=48.09049,7.97471
[cam] pitch=60.0 heading=100.5 dist=2500 center=48.09055,7.97497
[cam] pitch=60.0 heading=100.5 dist=2500 center=48.09059,7.97524
[cam] pitch=60.0 heading=100.4 dist=2500 center=48.09064,7.97550
[cam] pitch=60.0 heading=100.3 dist=2500 center=48.09068,7.97577
[cam] pitch=60.0 heading=100.3 dist=2500 center=48.09072,7.97603
[cam] pitch=60.0 heading=100.2 dist=2500 center=48.09076,7.97630
[cam] pitch=60.0 heading=100.2 dist=2500 center=48.09079,7.97657
[cam] pitch=60.0 heading=100.1 dist=2500 center=48.09082,7.97683
[cam] pitch=60.0 heading=100.1 dist=2500 center=48.09085,7.97710
[cam] pitch=60.0 heading=100.1 dist=2500 center=48.09087,7.97736
[cam] pitch=60.0 heading=100.1 dist=2500 center=48.09087,7.97763
[cam] pitch=60.0 heading=100.1 dist=2500 center=48.09084,7.97789
[cam] pitch=60.0 heading=100.0 dist=2500 center=48.09080,7.97815
[cam] pitch=60.0 heading=100.1 dist=2500 center=48.09076,7.97840
[cam] pitch=60.0 heading=100.1 dist=2500 center=48.09072,7.97866
[cam] pitch=60.0 heading=100.1 dist=2500 center=48.09073,7.97891
[cam] pitch=60.0 heading=100.2 dist=2500 center=48.09079,7.97916
[cam] pitch=60.0 heading=100.3 dist=2500 center=48.09085,7.97940
[cam] pitch=60.0 heading=100.3 dist=2500 center=48.09091,7.97964
[cam] pitch=60.0 heading=100.4 dist=2500 center=48.09098,7.97987
[cam] pitch=60.0 heading=100.5 dist=2500 center=48.09105,7.98010
[cam] pitch=60.0 heading=100.7 dist=2500 center=48.09114,7.98029
[cam] pitch=60.0 heading=100.8 dist=2500 center=48.09127,7.98045
[cam] pitch=60.0 heading=101.0 dist=2500 center=48.09139,7.98061
[cam] pitch=60.0 heading=101.2 dist=2500 center=48.09151,7.98076
[cam] pitch=60.0 heading=101.4 dist=2500 center=48.09163,7.98091
[cam] pitch=60.0 heading=101.5 dist=2500 center=48.09175,7.98107
[cam] pitch=60.0 heading=101.8 dist=2500 center=48.09186,7.98123
[cam] pitch=60.0 heading=102.0 dist=2500 center=48.09197,7.98140
[cam] pitch=60.0 heading=102.2 dist=2500 center=48.09206,7.98159
[cam] pitch=60.0 heading=102.5 dist=2500 center=48.09215,7.98177
[cam] pitch=60.0 heading=102.7 dist=2500 center=48.09224,7.98195
[cam] pitch=60.0 heading=103.0 dist=2500 center=48.09233,7.98214
[cam] pitch=60.0 heading=103.3 dist=2500 center=48.09242,7.98232
[cam] pitch=60.0 heading=103.5 dist=2500 center=48.09250,7.98251
[cam] pitch=60.0 heading=103.8 dist=2500 center=48.09258,7.98270
[cam] pitch=60.0 heading=104.1 dist=2500 center=48.09265,7.98289
[cam] pitch=60.0 heading=104.4 dist=2500 center=48.09272,7.98309
[cam] pitch=60.0 heading=104.7 dist=2500 center=48.09277,7.98331
[cam] pitch=60.0 heading=105.0 dist=2500 center=48.09279,7.98353
[cam] pitch=60.0 heading=105.3 dist=2500 center=48.09279,7.98376
[cam] pitch=60.0 heading=105.6 dist=2500 center=48.09278,7.98399
[cam] pitch=60.0 heading=105.9 dist=2500 center=48.09276,7.98423
[cam] pitch=60.0 heading=106.2 dist=2500 center=48.09274,7.98446
[cam] pitch=60.0 heading=106.5 dist=2500 center=48.09270,7.98469
[cam] pitch=60.0 heading=106.8 dist=2500 center=48.09265,7.98491
[cam] pitch=60.0 heading=107.1 dist=2500 center=48.09269,7.98511
[cam] pitch=60.0 heading=107.4 dist=2500 center=48.09265,7.98529
[cam] pitch=60.0 heading=107.7 dist=2500 center=48.09257,7.98550
[cam] pitch=60.0 heading=108.0 dist=2500 center=48.09251,7.98572
[cam] pitch=60.0 heading=108.3 dist=2500 center=48.09245,7.98594
[cam] pitch=60.0 heading=108.6 dist=2500 center=48.09238,7.98616
[cam] pitch=60.0 heading=109.0 dist=2500 center=48.09232,7.98637
[cam] pitch=60.0 heading=109.3 dist=2500 center=48.09225,7.98659
[cam] pitch=60.0 heading=109.6 dist=2500 center=48.09220,7.98681
[cam] pitch=60.0 heading=109.9 dist=2500 center=48.09215,7.98703
[cam] pitch=60.0 heading=110.2 dist=2500 center=48.09211,7.98725
[cam] pitch=60.0 heading=110.4 dist=2500 center=48.09207,7.98748
[cam] pitch=60.0 heading=110.7 dist=2500 center=48.09203,7.98770
[cam] pitch=60.0 heading=111.0 dist=2500 center=48.09198,7.98792
Invalid c3mm file!
[cam] pitch=60.0 heading=111.3 dist=2500 center=48.09195,7.98814
[cam] pitch=60.0 heading=111.5 dist=2500 center=48.09191,7.98836
[cam] pitch=60.0 heading=111.8 dist=2500 center=48.09187,7.98858
[cam] pitch=60.0 heading=112.0 dist=2500 center=48.09177,7.98877
[cam] pitch=60.0 heading=112.3 dist=2500 center=48.09164,7.98892
[cam] pitch=60.0 heading=112.5 dist=2500 center=48.09150,7.98903
[cam] pitch=60.0 heading=112.8 dist=2500 center=48.09135,7.98914
[cam] pitch=60.0 heading=113.0 dist=2500 center=48.09120,7.98925
[cam] pitch=60.0 heading=113.3 dist=2500 center=48.09106,7.98937
[cam] pitch=60.0 heading=113.6 dist=2500 center=48.09092,7.98950
[cam] pitch=60.0 heading=113.8 dist=2500 center=48.09077,7.98961
[cam] pitch=60.0 heading=114.2 dist=2500 center=48.09061,7.98971
[cam] pitch=60.0 heading=114.5 dist=2500 center=48.09045,7.98977
[cam] pitch=60.0 heading=114.8 dist=2500 center=48.09028,7.98982
[cam] pitch=60.0 heading=115.2 dist=2500 center=48.09012,7.98989
[cam] pitch=60.0 heading=115.6 dist=2500 center=48.09001,7.99005
[cam] pitch=60.0 heading=116.0 dist=2500 center=48.09000,7.99025
[cam] pitch=60.0 heading=116.4 dist=2500 center=48.09003,7.99043
[cam] pitch=60.0 heading=116.9 dist=2500 center=48.09011,7.99058
[cam] pitch=60.0 heading=117.4 dist=2500 center=48.09019,7.99070
[cam] pitch=60.0 heading=117.9 dist=2500 center=48.09029,7.99080
[cam] pitch=60.0 heading=118.5 dist=2500 center=48.09039,7.99088
[cam] pitch=60.0 heading=119.0 dist=2500 center=48.09049,7.99095
[cam] pitch=60.0 heading=119.6 dist=2500 center=48.09059,7.99102
[cam] pitch=60.0 heading=120.2 dist=2500 center=48.09069,7.99107
[cam] pitch=60.0 heading=120.8 dist=2500 center=48.09080,7.99108
[cam] pitch=60.0 heading=121.4 dist=2500 center=48.09091,7.99109
[cam] pitch=60.0 heading=122.0 dist=2500 center=48.09103,7.99107
[cam] pitch=60.0 heading=122.6 dist=2500 center=48.09114,7.99106
[cam] pitch=60.0 heading=123.2 dist=2500 center=48.09125,7.99104
[cam] pitch=60.0 heading=123.9 dist=2500 center=48.09137,7.99103
[cam] pitch=60.0 heading=124.4 dist=2500 center=48.09148,7.99101
[cam] pitch=60.0 heading=125.0 dist=2500 center=48.09159,7.99101
[cam] pitch=60.0 heading=125.6 dist=2500 center=48.09163,7.99114
[cam] pitch=60.0 heading=126.2 dist=2500 center=48.09153,7.99128
[cam] pitch=60.0 heading=126.7 dist=2500 center=48.09137,7.99136
[cam] pitch=60.0 heading=127.3 dist=2500 center=48.09121,7.99143
[cam] pitch=60.0 heading=127.8 dist=2500 center=48.09104,7.99149
[cam] pitch=60.0 heading=128.3 dist=2500 center=48.09088,7.99155
[cam] pitch=60.0 heading=128.8 dist=2500 center=48.09072,7.99161
[cam] pitch=60.0 heading=129.4 dist=2500 center=48.09056,7.99167
[cam] pitch=60.0 heading=129.8 dist=2500 center=48.09040,7.99173
[cam] pitch=60.0 heading=130.3 dist=2500 center=48.09024,7.99179
[cam] pitch=60.0 heading=130.8 dist=2500 center=48.09008,7.99185
[cam] pitch=60.0 heading=131.3 dist=2500 center=48.08991,7.99186
[cam] pitch=60.0 heading=131.7 dist=2500 center=48.08975,7.99186
[cam] pitch=60.0 heading=132.1 dist=2500 center=48.08958,7.99185
[cam] pitch=60.0 heading=132.6 dist=2500 center=48.08941,7.99184
[cam] pitch=60.0 heading=133.0 dist=2500 center=48.08925,7.99184
[cam] pitch=60.0 heading=133.4 dist=2500 center=48.08908,7.99185
[cam] pitch=60.0 heading=133.7 dist=2500 center=48.08892,7.99186
[cam] pitch=60.0 heading=134.1 dist=2500 center=48.08876,7.99187
[cam] pitch=60.0 heading=134.5 dist=2500 center=48.08860,7.99188
[cam] pitch=60.0 heading=134.8 dist=2500 center=48.08844,7.99190
[cam] pitch=60.0 heading=135.1 dist=2500 center=48.08829,7.99191
[cam] pitch=60.0 heading=135.4 dist=2500 center=48.08813,7.99193
[cam] pitch=60.0 heading=135.7 dist=2500 center=48.08798,7.99196
[cam] pitch=60.0 heading=136.0 dist=2500 center=48.08783,7.99200
[cam] pitch=60.0 heading=136.2 dist=2500 center=48.08768,7.99203
[cam] pitch=60.0 heading=136.5 dist=2500 center=48.08753,7.99207
[cam] pitch=60.0 heading=136.7 dist=2500 center=48.08738,7.99208
[cam] pitch=60.0 heading=136.9 dist=2500 center=48.08723,7.99209
[cam] pitch=60.0 heading=137.1 dist=2500 center=48.08708,7.99205
[cam] pitch=60.0 heading=137.2 dist=2500 center=48.08695,7.99195
[cam] pitch=60.0 heading=137.4 dist=2500 center=48.08684,7.99179
[cam] pitch=60.0 heading=137.6 dist=2500 center=48.08673,7.99163
[cam] pitch=60.0 heading=137.7 dist=2500 center=48.08662,7.99148
[cam] pitch=60.0 heading=137.8 dist=2500 center=48.08650,7.99136
[cam] pitch=60.0 heading=137.9 dist=2500 center=48.08636,7.99126
[cam] pitch=60.0 heading=138.0 dist=2500 center=48.08623,7.99119
[cam] pitch=60.0 heading=138.1 dist=2500 center=48.08609,7.99112
[cam] pitch=60.0 heading=138.2 dist=2500 center=48.08595,7.99107
[cam] pitch=60.0 heading=138.3 dist=2500 center=48.08581,7.99103
[cam] pitch=60.0 heading=138.3 dist=2500 center=48.08567,7.99100
[cam] pitch=60.0 heading=138.4 dist=2500 center=48.08553,7.99099
[cam] pitch=60.0 heading=138.4 dist=2500 center=48.08539,7.99098
[cam] pitch=60.0 heading=138.5 dist=2500 center=48.08525,7.99098
[cam] pitch=60.0 heading=138.5 dist=2500 center=48.08511,7.99099
[cam] pitch=60.0 heading=138.6 dist=2500 center=48.08497,7.99102
[cam] pitch=60.0 heading=138.6 dist=2500 center=48.08483,7.99106
[cam] pitch=60.0 heading=138.6 dist=2500 center=48.08470,7.99112
[cam] pitch=60.0 heading=138.6 dist=2500 center=48.08457,7.99118
[cam] pitch=60.0 heading=138.6 dist=2500 center=48.08444,7.99126
[cam] pitch=60.0 heading=138.6 dist=2500 center=48.08431,7.99133
[cam] pitch=60.0 heading=138.6 dist=2500 center=48.08418,7.99141
[cam] pitch=60.0 heading=138.6 dist=2500 center=48.08405,7.99149
[cam] pitch=60.0 heading=138.6 dist=2500 center=48.08393,7.99157
[cam] pitch=60.0 heading=138.5 dist=2500 center=48.08380,7.99165
[cam] pitch=60.0 heading=138.5 dist=2500 center=48.08367,7.99173
[cam] pitch=60.0 heading=138.5 dist=2500 center=48.08354,7.99181
[cam] pitch=60.0 heading=138.4 dist=2500 center=48.08341,7.99189
[cam] pitch=60.0 heading=138.4 dist=2500 center=48.08328,7.99196
[cam] pitch=60.0 heading=138.3 dist=2500 center=48.08315,7.99203
[cam] pitch=60.0 heading=138.2 dist=2500 center=48.08302,7.99210
[cam] pitch=60.0 heading=138.2 dist=2500 center=48.08289,7.99216
[cam] pitch=60.0 heading=138.1 dist=2500 center=48.08276,7.99223
[cam] pitch=60.0 heading=138.0 dist=2500 center=48.08263,7.99231
[cam] pitch=60.0 heading=137.9 dist=2500 center=48.08250,7.99238
[cam] pitch=60.0 heading=137.8 dist=2500 center=48.08236,7.99245
[cam] pitch=60.0 heading=137.7 dist=2500 center=48.08223,7.99252
[cam] pitch=60.0 heading=137.6 dist=2500 center=48.08210,7.99259
[cam] pitch=60.0 heading=137.5 dist=2500 center=48.08197,7.99265
[cam] pitch=60.0 heading=137.3 dist=2500 center=48.08183,7.99272
[cam] pitch=60.0 heading=137.2 dist=2500 center=48.08170,7.99278
[cam] pitch=60.0 heading=137.1 dist=2500 center=48.08157,7.99284
[cam] pitch=60.0 heading=136.9 dist=2500 center=48.08143,7.99290
[cam] pitch=60.0 heading=136.8 dist=2500 center=48.08130,7.99298
[cam] pitch=60.0 heading=136.6 dist=2500 center=48.08118,7.99308
[cam] pitch=60.0 heading=136.5 dist=2500 center=48.08106,7.99319
[cam] pitch=60.0 heading=136.3 dist=2500 center=48.08094,7.99331
[cam] pitch=60.0 heading=136.1 dist=2500 center=48.08082,7.99342
[cam] pitch=60.0 heading=136.0 dist=2500 center=48.08070,7.99353
[cam] pitch=60.0 heading=135.8 dist=2500 center=48.08057,7.99363
[cam] pitch=60.0 heading=135.6 dist=2500 center=48.08045,7.99374
[cam] pitch=60.0 heading=135.4 dist=2500 center=48.08033,7.99384
[cam] pitch=60.0 heading=135.2 dist=2500 center=48.08021,7.99394
[cam] pitch=60.0 heading=135.0 dist=2500 center=48.08009,7.99405
[cam] pitch=60.0 heading=134.7 dist=2500 center=48.07997,7.99415
[cam] pitch=60.0 heading=134.5 dist=2500 center=48.07985,7.99426
[cam] pitch=60.0 heading=134.2 dist=2500 center=48.07973,7.99436
[cam] pitch=60.0 heading=134.0 dist=2500 center=48.07961,7.99445
[cam] pitch=60.0 heading=133.7 dist=2500 center=48.07949,7.99454
[cam] pitch=60.0 heading=133.4 dist=2500 center=48.07937,7.99464
[cam] pitch=60.0 heading=133.1 dist=2500 center=48.07925,7.99473
[cam] pitch=60.0 heading=132.8 dist=2500 center=48.07914,7.99482
[cam] pitch=60.0 heading=132.5 dist=2500 center=48.07902,7.99492
[cam] pitch=60.0 heading=132.2 dist=2500 center=48.07890,7.99500
[stats mode=frame trail=frame] t=15.0 ticks=299 fps=59.6 hitches=2 maxDt=33ms avgUpdate=0.04ms trailPts=1917
[cam] pitch=60.0 heading=131.8 dist=2500 center=48.07878,7.99506
[smooth mode=frame] callbacks=300 (60/s) speedJitter=18.5% stalls=6 maxHeadingRate=37 deg/s
    offset shown-vs-playhead camera: mean=14 m max=46 m (ground speed ~857 m/s)
[cam] pitch=60.0 heading=131.5 dist=2500 center=48.07866,7.99513
[cam] pitch=60.0 heading=131.1 dist=2500 center=48.07854,7.99516
[cam] pitch=60.0 heading=130.8 dist=2500 center=48.07843,7.99517
[cam] pitch=60.0 heading=130.4 dist=2500 center=48.07831,7.99518
[cam] pitch=60.0 heading=130.0 dist=2500 center=48.07819,7.99519
[cam] pitch=60.0 heading=129.6 dist=2500 center=48.07807,7.99521
[cam] pitch=60.0 heading=129.1 dist=2500 center=48.07796,7.99525
[cam] pitch=60.0 heading=128.7 dist=2500 center=48.07784,7.99529
[cam] pitch=60.0 heading=128.3 dist=2500 center=48.07773,7.99535
[cam] pitch=60.0 heading=127.8 dist=2500 center=48.07762,7.99541
[cam] pitch=60.0 heading=127.4 dist=2500 center=48.07751,7.99548
[cam] pitch=60.0 heading=126.9 dist=2500 center=48.07740,7.99554
[cam] pitch=60.0 heading=126.4 dist=2500 center=48.07729,7.99560
[cam] pitch=60.0 heading=125.9 dist=2500 center=48.07718,7.99567
[cam] pitch=60.0 heading=125.4 dist=2500 center=48.07708,7.99573
[cam] pitch=60.0 heading=124.9 dist=2500 center=48.07697,7.99580
[cam] pitch=60.0 heading=124.4 dist=2500 center=48.07686,7.99586
[cam] pitch=60.0 heading=123.8 dist=2500 center=48.07676,7.99593
[cam] pitch=60.0 heading=123.3 dist=2500 center=48.07666,7.99602
[cam] pitch=60.0 heading=122.7 dist=2500 center=48.07656,7.99612
[cam] pitch=60.0 heading=122.2 dist=2500 center=48.07647,7.99623
[cam] pitch=60.0 heading=121.6 dist=2500 center=48.07637,7.99633
[cam] pitch=60.0 heading=121.0 dist=2500 center=48.07628,7.99643
[cam] pitch=60.0 heading=120.4 dist=2500 center=48.07619,7.99654
[cam] pitch=60.0 heading=119.8 dist=2500 center=48.07609,7.99664
[cam] pitch=60.0 heading=119.2 dist=2500 center=48.07600,7.99674
[cam] pitch=60.0 heading=118.5 dist=2500 center=48.07591,7.99684
[cam] pitch=60.0 heading=117.9 dist=2500 center=48.07582,7.99695
[cam] pitch=60.0 heading=117.2 dist=2500 center=48.07573,7.99705
[cam] pitch=60.0 heading=116.6 dist=2500 center=48.07564,7.99716
[cam] pitch=60.0 heading=115.9 dist=2500 center=48.07556,7.99726
[cam] pitch=60.0 heading=115.2 dist=2500 center=48.07547,7.99737
[cam] pitch=60.0 heading=114.6 dist=2500 center=48.07538,7.99747
[cam] pitch=60.0 heading=113.9 dist=2500 center=48.07529,7.99758
[cam] pitch=60.0 heading=113.2 dist=2500 center=48.07521,7.99768
[cam] pitch=60.0 heading=112.6 dist=2500 center=48.07512,7.99777
[cam] pitch=60.0 heading=111.9 dist=2500 center=48.07503,7.99786
[cam] pitch=60.0 heading=111.2 dist=2500 center=48.07494,7.99795
[cam] pitch=60.0 heading=110.6 dist=2500 center=48.07485,7.99804
[cam] pitch=60.0 heading=109.9 dist=2500 center=48.07476,7.99813
[cam] pitch=60.0 heading=109.2 dist=2500 center=48.07467,7.99822
[cam] pitch=60.0 heading=108.6 dist=2500 center=48.07459,7.99833
[cam] pitch=60.0 heading=107.9 dist=2500 center=48.07451,7.99844
[cam] pitch=60.0 heading=107.2 dist=2500 center=48.07443,7.99856
[cam] pitch=60.0 heading=106.6 dist=2500 center=48.07436,7.99869
[cam] pitch=60.0 heading=105.9 dist=2500 center=48.07428,7.99881
[cam] pitch=60.0 heading=105.2 dist=2500 center=48.07421,7.99894
[cam] pitch=60.0 heading=104.6 dist=2500 center=48.07413,7.99906
[cam] pitch=60.0 heading=103.9 dist=2500 center=48.07406,7.99919
[cam] pitch=60.0 heading=103.2 dist=2500 center=48.07398,7.99930
[cam] pitch=60.0 heading=102.6 dist=2500 center=48.07390,7.99942
[cam] pitch=60.0 heading=101.9 dist=2500 center=48.07382,7.99953
[cam] pitch=60.0 heading=101.2 dist=2500 center=48.07374,7.99961
[cam] pitch=60.0 heading=100.6 dist=2500 center=48.07365,7.99969
[cam] pitch=60.0 heading=99.9 dist=2500 center=48.07357,7.99978
[cam] pitch=60.0 heading=99.2 dist=2500 center=48.07348,7.99986
[cam] pitch=60.0 heading=98.6 dist=2500 center=48.07340,7.99994
[cam] pitch=60.0 heading=97.9 dist=2500 center=48.07331,8.00002
[cam] pitch=60.0 heading=97.2 dist=2500 center=48.07324,8.00012
[cam] pitch=60.0 heading=96.6 dist=2500 center=48.07318,8.00026
[cam] pitch=60.0 heading=95.9 dist=2500 center=48.07322,8.00046
[cam] pitch=60.0 heading=95.2 dist=2500 center=48.07336,8.00058
[cam] pitch=60.0 heading=94.6 dist=2500 center=48.07354,8.00059
[cam] pitch=60.0 heading=93.9 dist=2500 center=48.07373,8.00058
[cam] pitch=60.0 heading=93.2 dist=2500 center=48.07391,8.00055
[cam] pitch=60.0 heading=92.6 dist=2500 center=48.07410,8.00052
[cam] pitch=60.0 heading=91.9 dist=2500 center=48.07428,8.00048
[cam] pitch=60.0 heading=91.2 dist=2500 center=48.07446,8.00046
[cam] pitch=60.0 heading=90.6 dist=2500 center=48.07465,8.00044
[cam] pitch=60.0 heading=89.9 dist=2500 center=48.07483,8.00042
[cam] pitch=60.0 heading=89.2 dist=2500 center=48.07502,8.00040
[cam] pitch=60.0 heading=88.6 dist=2500 center=48.07520,8.00038
[cam] pitch=60.0 heading=87.9 dist=2500 center=48.07539,8.00038
[cam] pitch=60.0 heading=87.2 dist=2500 center=48.07557,8.00039
[cam] pitch=60.0 heading=86.6 dist=2500 center=48.07576,8.00040
[cam] pitch=60.0 heading=85.9 dist=2500 center=48.07594,8.00044
[cam] pitch=60.0 heading=85.2 dist=2500 center=48.07611,8.00054
[cam] pitch=60.0 heading=84.6 dist=2500 center=48.07627,8.00065
[cam] pitch=60.0 heading=83.9 dist=2500 center=48.07641,8.00078
[cam] pitch=60.0 heading=83.2 dist=2500 center=48.07656,8.00092
[cam] pitch=60.0 heading=82.6 dist=2500 center=48.07671,8.00105
[cam] pitch=60.0 heading=82.1 dist=2500 center=48.07684,8.00119
[cam] pitch=60.0 heading=81.7 dist=2500 center=48.07697,8.00131
[cam] pitch=60.0 heading=81.5 dist=2500 center=48.07712,8.00137
[cam] pitch=60.0 heading=81.2 dist=2500 center=48.07727,8.00140
[cam] pitch=60.0 heading=81.0 dist=2500 center=48.07742,8.00142
[cam] pitch=60.0 heading=80.8 dist=2500 center=48.07757,8.00146
[cam] pitch=60.0 heading=80.6 dist=2500 center=48.07772,8.00150
[cam] pitch=60.0 heading=80.4 dist=2500 center=48.07787,8.00154
[cam] pitch=60.0 heading=80.3 dist=2500 center=48.07801,8.00158
[cam] pitch=60.0 heading=80.1 dist=2500 center=48.07815,8.00162
[cam] pitch=60.0 heading=80.0 dist=2500 center=48.07830,8.00166
[cam] pitch=60.0 heading=79.9 dist=2500 center=48.07844,8.00170
[cam] pitch=60.0 heading=79.8 dist=2500 center=48.07858,8.00174
[cam] pitch=60.0 heading=79.7 dist=2500 center=48.07870,8.00183
[cam] pitch=60.0 heading=79.7 dist=2500 center=48.07882,8.00194
[cam] pitch=60.0 heading=79.7 dist=2500 center=48.07892,8.00208
[cam] pitch=60.0 heading=79.7 dist=2500 center=48.07901,8.00224
[cam] pitch=60.0 heading=79.7 dist=2500 center=48.07910,8.00239
[cam] pitch=60.0 heading=79.7 dist=2500 center=48.07919,8.00254
[cam] pitch=60.0 heading=79.8 dist=2500 center=48.07928,8.00269
[cam] pitch=60.0 heading=79.8 dist=2500 center=48.07937,8.00284
[cam] pitch=60.0 heading=79.9 dist=2500 center=48.07947,8.00297
[cam] pitch=60.0 heading=80.1 dist=2500 center=48.07958,8.00305
[cam] pitch=60.0 heading=80.2 dist=2500 center=48.07970,8.00310
[cam] pitch=60.0 heading=80.4 dist=2500 center=48.07983,8.00308
[cam] pitch=60.0 heading=80.6 dist=2500 center=48.07994,8.00302
[cam] pitch=60.0 heading=80.8 dist=2500 center=48.08006,8.00296
[cam] pitch=60.0 heading=81.0 dist=2500 center=48.08018,8.00292
[cam] pitch=60.0 heading=81.3 dist=2500 center=48.08029,8.00289
[cam] pitch=60.0 heading=81.6 dist=2500 center=48.08041,8.00286
[cam] pitch=60.0 heading=81.9 dist=2500 center=48.08053,8.00284
[cam] pitch=60.0 heading=82.3 dist=2500 center=48.08064,8.00283
[cam] pitch=60.0 heading=82.6 dist=2500 center=48.08075,8.00282
[cam] pitch=60.0 heading=83.0 dist=2500 center=48.08087,8.00281
[cam] pitch=60.0 heading=83.4 dist=2500 center=48.08098,8.00280
[cam] pitch=60.0 heading=83.8 dist=2500 center=48.08109,8.00280
[cam] pitch=60.0 heading=84.3 dist=2500 center=48.08119,8.00280
[cam] pitch=60.0 heading=84.8 dist=2500 center=48.08130,8.00280
[cam] pitch=60.0 heading=85.3 dist=2500 center=48.08141,8.00281
[cam] pitch=60.0 heading=85.8 dist=2500 center=48.08151,8.00282
[cam] pitch=60.0 heading=86.3 dist=2500 center=48.08161,8.00284
[cam] pitch=60.0 heading=86.9 dist=2500 center=48.08171,8.00286
[cam] pitch=60.0 heading=87.5 dist=2500 center=48.08181,8.00288
[cam] pitch=60.0 heading=88.1 dist=2500 center=48.08191,8.00290
[cam] pitch=60.0 heading=88.7 dist=2500 center=48.08200,8.00292
[cam] pitch=60.0 heading=89.4 dist=2500 center=48.08210,8.00293
[cam] pitch=60.0 heading=90.1 dist=2500 center=48.08219,8.00296
[cam] pitch=60.0 heading=90.7 dist=2500 center=48.08228,8.00300
[cam] pitch=60.0 heading=91.4 dist=2500 center=48.08237,8.00304
[cam] pitch=60.0 heading=92.1 dist=2500 center=48.08247,8.00306
[cam] pitch=60.0 heading=92.7 dist=2500 center=48.08256,8.00307
[cam] pitch=60.0 heading=93.4 dist=2500 center=48.08265,8.00307
[cam] pitch=60.0 heading=94.1 dist=2500 center=48.08275,8.00308
[cam] pitch=60.0 heading=94.7 dist=2500 center=48.08284,8.00308
[cam] pitch=60.0 heading=95.4 dist=2500 center=48.08294,8.00309
[cam] pitch=60.0 heading=96.1 dist=2500 center=48.08303,8.00309
[cam] pitch=60.0 heading=96.7 dist=2500 center=48.08312,8.00311
[cam] pitch=60.0 heading=97.4 dist=2500 center=48.08322,8.00312
[cam] pitch=60.0 heading=98.1 dist=2500 center=48.08331,8.00313
[cam] pitch=60.0 heading=98.7 dist=2500 center=48.08341,8.00314
[cam] pitch=60.0 heading=99.4 dist=2500 center=48.08350,8.00315
[cam] pitch=60.0 heading=100.1 dist=2500 center=48.08359,8.00313
[cam] pitch=60.0 heading=100.7 dist=2500 center=48.08369,8.00309
[cam] pitch=60.0 heading=101.4 dist=2500 center=48.08377,8.00301
[cam] pitch=60.0 heading=102.1 dist=2500 center=48.08386,8.00292
[cam] pitch=60.0 heading=102.7 dist=2500 center=48.08395,8.00284
[cam] pitch=60.0 heading=103.4 dist=2500 center=48.08400,8.00290
[cam] pitch=60.0 heading=104.1 dist=2500 center=48.08388,8.00302
[cam] pitch=60.0 heading=104.7 dist=2500 center=48.08370,8.00307
[cam] pitch=60.0 heading=105.4 dist=2500 center=48.08353,8.00312
[cam] pitch=60.0 heading=106.1 dist=2500 center=48.08335,8.00316
[cam] pitch=60.0 heading=106.7 dist=2500 center=48.08317,8.00319
[cam] pitch=60.0 heading=107.4 dist=2500 center=48.08299,8.00322
[cam] pitch=60.0 heading=108.1 dist=2500 center=48.08281,8.00325
[cam] pitch=60.0 heading=108.7 dist=2500 center=48.08263,8.00328
[cam] pitch=60.0 heading=109.4 dist=2500 center=48.08245,8.00330
[cam] pitch=60.0 heading=110.1 dist=2500 center=48.08227,8.00333
[cam] pitch=60.0 heading=110.7 dist=2500 center=48.08209,8.00336
[cam] pitch=60.0 heading=111.4 dist=2500 center=48.08191,8.00338
[cam] pitch=60.0 heading=112.1 dist=2500 center=48.08173,8.00340
[cam] pitch=60.0 heading=112.7 dist=2500 center=48.08156,8.00342
[cam] pitch=60.0 heading=113.4 dist=2500 center=48.08138,8.00344
[cam] pitch=60.0 heading=114.1 dist=2500 center=48.08120,8.00345
[cam] pitch=60.0 heading=114.7 dist=2500 center=48.08102,8.00346
[cam] pitch=60.0 heading=115.4 dist=2500 center=48.08085,8.00347
[cam] pitch=60.0 heading=116.1 dist=2500 center=48.08067,8.00348
[cam] pitch=60.0 heading=116.7 dist=2500 center=48.08049,8.00349
[cam] pitch=60.0 heading=117.4 dist=2500 center=48.08032,8.00350
[cam] pitch=60.0 heading=118.1 dist=2500 center=48.08014,8.00351
[cam] pitch=60.0 heading=118.7 dist=2500 center=48.07997,8.00351
[cam] pitch=60.0 heading=119.4 dist=2500 center=48.07979,8.00347
[cam] pitch=60.0 heading=120.1 dist=2500 center=48.07961,8.00343
[cam] pitch=60.0 heading=120.7 dist=2500 center=48.07944,8.00338
[cam] pitch=60.0 heading=121.4 dist=2500 center=48.07926,8.00334
[cam] pitch=60.0 heading=122.1 dist=2500 center=48.07909,8.00333
[cam] pitch=60.0 heading=122.7 dist=2500 center=48.07892,8.00337
[cam] pitch=60.0 heading=123.4 dist=2500 center=48.07876,8.00341
[cam] pitch=60.0 heading=124.1 dist=2500 center=48.07860,8.00347
[cam] pitch=60.0 heading=124.7 dist=2500 center=48.07845,8.00355
[cam] pitch=60.0 heading=125.4 dist=2500 center=48.07831,8.00362
[cam] pitch=60.0 heading=125.9 dist=2500 center=48.07816,8.00371
[cam] pitch=60.0 heading=126.5 dist=2500 center=48.07802,8.00379
[cam] pitch=60.0 heading=126.9 dist=2500 center=48.07789,8.00388
[cam] pitch=60.0 heading=127.2 dist=2500 center=48.07776,8.00397
[cam] pitch=60.0 heading=127.5 dist=2500 center=48.07764,8.00409
[cam] pitch=60.0 heading=127.9 dist=2500 center=48.07752,8.00420
[cam] pitch=60.0 heading=128.2 dist=2500 center=48.07741,8.00432
[cam] pitch=60.0 heading=128.5 dist=2500 center=48.07729,8.00442
[cam] pitch=60.0 heading=128.8 dist=2500 center=48.07715,8.00449
[cam] pitch=60.0 heading=129.0 dist=2500 center=48.07701,8.00455
[cam] pitch=60.0 heading=129.3 dist=2500 center=48.07687,8.00458
[cam] pitch=60.0 heading=129.5 dist=2500 center=48.07672,8.00460
[cam] pitch=60.0 heading=129.7 dist=2500 center=48.07658,8.00463
[cam] pitch=60.0 heading=129.9 dist=2500 center=48.07643,8.00465
[cam] pitch=60.0 heading=130.1 dist=2500 center=48.07629,8.00468
[cam] pitch=60.0 heading=130.3 dist=2500 center=48.07615,8.00472
[cam] pitch=60.0 heading=130.5 dist=2500 center=48.07601,8.00475
[cam] pitch=60.0 heading=130.6 dist=2500 center=48.07587,8.00478
[cam] pitch=60.0 heading=130.8 dist=2500 center=48.07573,8.00480
[cam] pitch=60.0 heading=130.9 dist=2500 center=48.07559,8.00479
[cam] pitch=60.0 heading=131.0 dist=2500 center=48.07545,8.00476
[cam] pitch=60.0 heading=131.1 dist=2500 center=48.07532,8.00467
[cam] pitch=60.0 heading=131.2 dist=2500 center=48.07521,8.00454
[cam] pitch=60.0 heading=131.2 dist=2500 center=48.07510,8.00440
[cam] pitch=60.0 heading=131.3 dist=2500 center=48.07499,8.00427
[cam] pitch=60.0 heading=131.3 dist=2500 center=48.07487,8.00420
[cam] pitch=60.0 heading=131.4 dist=2500 center=48.07473,8.00415
[cam] pitch=60.0 heading=131.4 dist=2500 center=48.07459,8.00415
[cam] pitch=60.0 heading=131.5 dist=2500 center=48.07446,8.00419
[cam] pitch=60.0 heading=131.5 dist=2500 center=48.07432,8.00422
[cam] pitch=60.0 heading=131.5 dist=2500 center=48.07419,8.00429
[cam] pitch=60.0 heading=131.6 dist=2500 center=48.07406,8.00436
[cam] pitch=60.0 heading=131.6 dist=2500 center=48.07393,8.00443
[cam] pitch=60.0 heading=131.6 dist=2500 center=48.07380,8.00451
[cam] pitch=60.0 heading=131.7 dist=2500 center=48.07367,8.00458
[cam] pitch=60.0 heading=131.7 dist=2500 center=48.07354,8.00465
[cam] pitch=60.0 heading=131.7 dist=2500 center=48.07341,8.00470
[cam] pitch=60.0 heading=131.8 dist=2500 center=48.07327,8.00474
[cam] pitch=60.0 heading=131.8 dist=2500 center=48.07313,8.00477
[cam] pitch=60.0 heading=131.8 dist=2500 center=48.07300,8.00481
[cam] pitch=60.0 heading=131.9 dist=2500 center=48.07287,8.00490
[cam] pitch=60.0 heading=131.9 dist=2500 center=48.07280,8.00507
[cam] pitch=60.0 heading=132.0 dist=2500 center=48.07277,8.00527
[cam] pitch=60.0 heading=132.0 dist=2500 center=48.07274,8.00546
[cam] pitch=60.0 heading=132.0 dist=2500 center=48.07270,8.00566
[cam] pitch=60.0 heading=132.1 dist=2500 center=48.07267,8.00586
[cam] pitch=60.0 heading=132.1 dist=2500 center=48.07264,8.00606
[cam] pitch=60.0 heading=132.1 dist=2500 center=48.07258,8.00625
[cam] pitch=60.0 heading=132.2 dist=2500 center=48.07252,8.00643
[cam] pitch=60.0 heading=132.2 dist=2500 center=48.07246,8.00661
[cam] pitch=60.0 heading=132.2 dist=2500 center=48.07240,8.00679
[cam] pitch=60.0 heading=132.3 dist=2500 center=48.07233,8.00697
[cam] pitch=60.0 heading=132.3 dist=2500 center=48.07225,8.00714
[cam] pitch=60.0 heading=132.3 dist=2500 center=48.07216,8.00729
[cam] pitch=60.0 heading=132.3 dist=2500 center=48.07206,8.00742
[cam] pitch=60.0 heading=132.4 dist=2500 center=48.07193,8.00750
[cam] pitch=60.0 heading=132.4 dist=2500 center=48.07180,8.00757
[cam] pitch=60.0 heading=132.4 dist=2500 center=48.07166,8.00761
[cam] pitch=60.0 heading=132.4 dist=2500 center=48.07153,8.00765
[cam] pitch=60.0 heading=132.4 dist=2500 center=48.07141,8.00773
[cam] pitch=60.0 heading=132.4 dist=2500 center=48.07129,8.00783
Invalid c3mm file!
[cam] pitch=60.0 heading=132.4 dist=2500 center=48.07118,8.00795
[cam] pitch=60.0 heading=132.4 dist=2500 center=48.07107,8.00808
[cam] pitch=60.0 heading=132.4 dist=2500 center=48.07097,8.00823
[cam] pitch=60.0 heading=132.4 dist=2500 center=48.07090,8.00840
[cam] pitch=60.0 heading=132.3 dist=2500 center=48.07082,8.00857
[cam] pitch=60.0 heading=132.3 dist=2500 center=48.07073,8.00873
[cam] pitch=60.0 heading=132.3 dist=2500 center=48.07064,8.00889
Invalid c3mm file!
[cam] pitch=60.0 heading=132.2 dist=2500 center=48.07055,8.00904
[cam] pitch=60.0 heading=132.2 dist=2500 center=48.07045,8.00918
[cam] pitch=60.0 heading=132.1 dist=2500 center=48.07035,8.00932
[cam] pitch=60.0 heading=132.1 dist=2500 center=48.07026,8.00947
[cam] pitch=60.0 heading=132.0 dist=2500 center=48.07017,8.00963
[cam] pitch=60.0 heading=131.9 dist=2500 center=48.07008,8.00978
[cam] pitch=60.0 heading=131.8 dist=2500 center=48.06997,8.00991
[cam] pitch=60.0 heading=131.8 dist=2500 center=48.06985,8.00998
[cam] pitch=60.0 heading=131.7 dist=2500 center=48.06971,8.01000
[cam] pitch=60.0 heading=131.6 dist=2500 center=48.06959,8.00995
[cam] pitch=60.0 heading=131.5 dist=2500 center=48.06947,8.00987
[cam] pitch=60.0 heading=131.4 dist=2500 center=48.06935,8.00978
[cam] pitch=60.0 heading=131.4 dist=2500 center=48.06923,8.00969
[cam] pitch=60.0 heading=131.3 dist=2500 center=48.06910,8.00968
[cam] pitch=60.0 heading=131.2 dist=2500 center=48.06899,8.00979
[cam] pitch=60.0 heading=131.1 dist=2500 center=48.06892,8.00997
[cam] pitch=60.0 heading=131.0 dist=2500 center=48.06885,8.01015
[cam] pitch=60.0 heading=130.9 dist=2500 center=48.06878,8.01033
[cam] pitch=60.0 heading=130.8 dist=2500 center=48.06871,8.01052
[cam] pitch=60.0 heading=130.8 dist=2500 center=48.06864,8.01070
[cam] pitch=60.0 heading=130.7 dist=2500 center=48.06857,8.01088
[cam] pitch=60.0 heading=130.6 dist=2500 center=48.06851,8.01106
[cam] pitch=60.0 heading=130.5 dist=2500 center=48.06845,8.01126
[cam] pitch=60.0 heading=130.3 dist=2500 center=48.06839,8.01145
[cam] pitch=60.0 heading=130.2 dist=2500 center=48.06836,8.01166
[cam] pitch=60.0 heading=130.1 dist=2500 center=48.06833,8.01187
[cam] pitch=60.0 heading=130.0 dist=2500 center=48.06829,8.01208
[cam] pitch=60.0 heading=129.8 dist=2500 center=48.06824,8.01228
[cam] pitch=60.0 heading=129.7 dist=2500 center=48.06816,8.01244
[cam] pitch=60.0 heading=129.5 dist=2500 center=48.06804,8.01254
[cam] pitch=60.0 heading=129.3 dist=2500 center=48.06791,8.01259
[cam] pitch=60.0 heading=129.2 dist=2500 center=48.06778,8.01261
[cam] pitch=60.0 heading=129.0 dist=2500 center=48.06765,8.01260
[cam] pitch=60.0 heading=128.7 dist=2500 center=48.06752,8.01261
[cam] pitch=60.0 heading=128.5 dist=2500 center=48.06740,8.01265
[cam] pitch=60.0 heading=128.3 dist=2500 center=48.06728,8.01274
[cam] pitch=60.0 heading=128.0 dist=2500 center=48.06716,8.01283
[cam] pitch=60.0 heading=127.7 dist=2500 center=48.06704,8.01292
[cam] pitch=60.0 heading=127.4 dist=2500 center=48.06692,8.01301
[cam] pitch=60.0 heading=127.1 dist=2500 center=48.06681,8.01310
[cam] pitch=60.0 heading=126.7 dist=2500 center=48.06669,8.01320
[cam] pitch=60.0 heading=126.4 dist=2500 center=48.06658,8.01329
[cam] pitch=60.0 heading=126.0 dist=2500 center=48.06647,8.01339
[cam] pitch=60.0 heading=125.5 dist=2500 center=48.06636,8.01349
[cam] pitch=60.0 heading=125.1 dist=2500 center=48.06625,8.01360
[cam] pitch=60.0 heading=124.6 dist=2500 center=48.06614,8.01368
[cam] pitch=60.0 heading=124.0 dist=2500 center=48.06603,8.01376
[cam] pitch=60.0 heading=123.5 dist=2500 center=48.06592,8.01379
[cam] pitch=60.0 heading=122.8 dist=2500 center=48.06585,8.01369
[cam] pitch=60.0 heading=122.2 dist=2500 center=48.06582,8.01354
[cam] pitch=60.0 heading=121.6 dist=2500 center=48.06580,8.01338
[stats mode=frame trail=frame] t=20.1 ticks=301 fps=60.0 hitches=0 maxDt=17ms avgUpdate=0.04ms trailPts=2381
[cam] pitch=60.0 heading=120.9 dist=2500 center=48.06580,8.01321
[cam] pitch=60.0 heading=120.2 dist=2500 center=48.06579,8.01304
[smooth mode=frame] callbacks=302 (60/s) speedJitter=5.8% stalls=0 maxHeadingRate=40 deg/s
    offset shown-vs-playhead camera: mean=15 m max=21 m (ground speed ~896 m/s)
[cam] pitch=60.0 heading=119.6 dist=2500 center=48.06579,8.01287
[cam] pitch=60.0 heading=118.9 dist=2500 center=48.06579,8.01269
[cam] pitch=60.0 heading=118.2 dist=2500 center=48.06579,8.01252
[cam] pitch=60.0 heading=117.6 dist=2500 center=48.06579,8.01235
[cam] pitch=60.0 heading=116.9 dist=2500 center=48.06581,8.01217
[cam] pitch=60.0 heading=116.2 dist=2500 center=48.06582,8.01199
[cam] pitch=60.0 heading=115.6 dist=2500 center=48.06584,8.01181
[cam] pitch=60.0 heading=114.9 dist=2500 center=48.06585,8.01163
[cam] pitch=60.0 heading=114.2 dist=2500 center=48.06583,8.01147
[cam] pitch=60.0 heading=113.6 dist=2500 center=48.06581,8.01130
[cam] pitch=60.0 heading=112.9 dist=2500 center=48.06579,8.01114
[cam] pitch=60.0 heading=112.2 dist=2500 center=48.06577,8.01098
[cam] pitch=60.0 heading=111.6 dist=2500 center=48.06575,8.01081
[cam] pitch=60.0 heading=110.9 dist=2500 center=48.06573,8.01065
[cam] pitch=60.0 heading=110.2 dist=2500 center=48.06567,8.01055
[cam] pitch=60.0 heading=109.6 dist=2500 center=48.06561,8.01066
[cam] pitch=60.0 heading=108.9 dist=2500 center=48.06569,8.01086
[cam] pitch=60.0 heading=108.2 dist=2500 center=48.06582,8.01105
[cam] pitch=60.0 heading=107.6 dist=2500 center=48.06595,8.01125
[cam] pitch=60.0 heading=106.9 dist=2500 center=48.06604,8.01147
[cam] pitch=60.0 heading=106.2 dist=2500 center=48.06612,8.01169
[cam] pitch=60.0 heading=105.6 dist=2500 center=48.06618,8.01192
[cam] pitch=60.0 heading=104.9 dist=2500 center=48.06622,8.01215
[cam] pitch=60.0 heading=104.2 dist=2500 center=48.06625,8.01238
[cam] pitch=60.0 heading=103.6 dist=2500 center=48.06627,8.01261
[cam] pitch=60.0 heading=102.9 dist=2500 center=48.06629,8.01284
[cam] pitch=60.0 heading=102.2 dist=2500 center=48.06632,8.01306
[cam] pitch=60.0 heading=101.6 dist=2500 center=48.06637,8.01329
[cam] pitch=60.0 heading=100.9 dist=2500 center=48.06642,8.01352
[cam] pitch=60.0 heading=100.2 dist=2500 center=48.06647,8.01374
[cam] pitch=60.0 heading=99.6 dist=2500 center=48.06652,8.01397
[cam] pitch=60.0 heading=98.9 dist=2500 center=48.06657,8.01420
[cam] pitch=60.0 heading=98.2 dist=2500 center=48.06662,8.01442
[cam] pitch=60.0 heading=97.6 dist=2500 center=48.06667,8.01464
[cam] pitch=60.0 heading=96.9 dist=2500 center=48.06671,8.01487
[cam] pitch=60.0 heading=96.2 dist=2500 center=48.06675,8.01509
[cam] pitch=60.0 heading=95.6 dist=2500 center=48.06678,8.01531
[cam] pitch=60.0 heading=94.9 dist=2500 center=48.06682,8.01553
[cam] pitch=60.0 heading=94.2 dist=2500 center=48.06685,8.01575
[cam] pitch=60.0 heading=93.6 dist=2500 center=48.06691,8.01597
[cam] pitch=60.0 heading=92.9 dist=2500 center=48.06701,8.01617
[cam] pitch=60.0 heading=92.2 dist=2500 center=48.06717,8.01630
[cam] pitch=60.0 heading=91.6 dist=2500 center=48.06735,8.01633
[cam] pitch=60.0 heading=90.9 dist=2500 center=48.06754,8.01634
[cam] pitch=60.0 heading=90.2 dist=2500 center=48.06773,8.01638
[cam] pitch=60.0 heading=89.6 dist=2500 center=48.06792,8.01642
[cam] pitch=60.0 heading=88.9 dist=2500 center=48.06811,8.01646
[cam] pitch=60.0 heading=88.2 dist=2500 center=48.06830,8.01650
[cam] pitch=60.0 heading=87.6 dist=2500 center=48.06849,8.01654
[cam] pitch=60.0 heading=86.9 dist=2500 center=48.06867,8.01658
[cam] pitch=60.0 heading=86.2 dist=2500 center=48.06886,8.01661
[cam] pitch=60.0 heading=85.6 dist=2500 center=48.06905,8.01658
[cam] pitch=60.0 heading=84.9 dist=2500 center=48.06924,8.01653
[cam] pitch=60.0 heading=84.2 dist=2500 center=48.06943,8.01648
[cam] pitch=60.0 heading=83.6 dist=2500 center=48.06961,8.01643
[cam] pitch=60.0 heading=82.9 dist=2500 center=48.06980,8.01638
[cam] pitch=60.0 heading=82.2 dist=2500 center=48.06999,8.01632
Invalid c3mm file!
[cam] pitch=60.0 heading=81.6 dist=2500 center=48.07018,8.01627
[cam] pitch=60.0 heading=80.9 dist=2500 center=48.07036,8.01625
[cam] pitch=60.0 heading=80.2 dist=2500 center=48.07055,8.01625
[cam] pitch=60.0 heading=79.6 dist=2500 center=48.07074,8.01626
[cam] pitch=60.0 heading=78.9 dist=2500 center=48.07093,8.01627
[cam] pitch=60.0 heading=78.2 dist=2500 center=48.07112,8.01628
[cam] pitch=60.0 heading=77.6 dist=2500 center=48.07131,8.01628
[cam] pitch=60.0 heading=76.9 dist=2500 center=48.07150,8.01629
[cam] pitch=60.0 heading=76.2 dist=2500 center=48.07169,8.01629
[cam] pitch=60.0 heading=75.6 dist=2500 center=48.07188,8.01630
[cam] pitch=60.0 heading=74.9 dist=2500 center=48.07207,8.01630
[cam] pitch=60.0 heading=74.2 dist=2500 center=48.07226,8.01627
[cam] pitch=60.0 heading=73.9 dist=2500 center=48.07243,8.01623
[cam] pitch=60.0 heading=73.5 dist=2500 center=48.07260,8.01619
[cam] pitch=60.0 heading=73.6 dist=2500 center=48.07274,8.01614
[cam] pitch=60.0 heading=73.6 dist=2500 center=48.07287,8.01607
[cam] pitch=60.0 heading=73.8 dist=2500 center=48.07300,8.01600
[cam] pitch=60.0 heading=73.9 dist=2500 center=48.07312,8.01591
[cam] pitch=60.0 heading=74.1 dist=2500 center=48.07324,8.01582
[cam] pitch=60.0 heading=74.3 dist=2500 center=48.07335,8.01572
[cam] pitch=60.0 heading=74.5 dist=2500 center=48.07344,8.01557
[cam] pitch=60.0 heading=74.8 dist=2500 center=48.07351,8.01541
[cam] pitch=60.0 heading=75.1 dist=2500 center=48.07359,8.01525
[cam] pitch=60.0 heading=75.4 dist=2500 center=48.07366,8.01508
[cam] pitch=60.0 heading=75.8 dist=2500 center=48.07373,8.01493
[cam] pitch=60.0 heading=76.1 dist=2500 center=48.07383,8.01483
[cam] pitch=60.0 heading=76.6 dist=2500 center=48.07395,8.01480
[cam] pitch=60.0 heading=77.0 dist=2500 center=48.07406,8.01478
[cam] pitch=60.0 heading=77.5 dist=2500 center=48.07418,8.01476
[cam] pitch=60.0 heading=77.9 dist=2500 center=48.07429,8.01474
[cam] pitch=60.0 heading=78.5 dist=2500 center=48.07440,8.01472
[cam] pitch=60.0 heading=79.0 dist=2500 center=48.07451,8.01469
[cam] pitch=60.0 heading=79.6 dist=2500 center=48.07461,8.01464
[cam] pitch=60.0 heading=80.2 dist=2500 center=48.07469,8.01454
[cam] pitch=60.0 heading=80.8 dist=2500 center=48.07476,8.01441
[cam] pitch=60.0 heading=81.4 dist=2500 center=48.07482,8.01427
[cam] pitch=60.0 heading=82.1 dist=2500 center=48.07489,8.01414
[cam] pitch=60.0 heading=82.8 dist=2500 center=48.07497,8.01405
[cam] pitch=60.0 heading=83.4 dist=2500 center=48.07506,8.01399
[cam] pitch=60.0 heading=84.1 dist=2500 center=48.07515,8.01393
[cam] pitch=60.0 heading=84.8 dist=2500 center=48.07525,8.01386
[cam] pitch=60.0 heading=85.4 dist=2500 center=48.07534,8.01380
[cam] pitch=60.0 heading=86.1 dist=2500 center=48.07543,8.01375
[cam] pitch=60.0 heading=86.8 dist=2500 center=48.07553,8.01372
[cam] pitch=60.0 heading=87.4 dist=2500 center=48.07563,8.01370
[cam] pitch=60.0 heading=88.1 dist=2500 center=48.07572,8.01370
[cam] pitch=60.0 heading=88.8 dist=2500 center=48.07582,8.01371
[cam] pitch=60.0 heading=89.4 dist=2500 center=48.07592,8.01372
[cam] pitch=60.0 heading=90.1 dist=2500 center=48.07602,8.01374
[cam] pitch=60.0 heading=90.8 dist=2500 center=48.07612,8.01377
[cam] pitch=60.0 heading=91.4 dist=2500 center=48.07621,8.01382
[cam] pitch=60.0 heading=92.1 dist=2500 center=48.07626,8.01397
[cam] pitch=60.0 heading=92.8 dist=2500 center=48.07622,8.01417
[cam] pitch=60.0 heading=93.4 dist=2500 center=48.07610,8.01434
[cam] pitch=60.0 heading=94.1 dist=2500 center=48.07594,8.01447
[cam] pitch=60.0 heading=94.8 dist=2500 center=48.07577,8.01456
[cam] pitch=60.0 heading=95.4 dist=2500 center=48.07559,8.01465
[cam] pitch=60.0 heading=96.1 dist=2500 center=48.07541,8.01473
[cam] pitch=60.0 heading=96.8 dist=2500 center=48.07523,8.01480
[cam] pitch=60.0 heading=97.4 dist=2500 center=48.07504,8.01487
[cam] pitch=60.0 heading=98.1 dist=2500 center=48.07486,8.01494
[cam] pitch=60.0 heading=98.8 dist=2500 center=48.07468,8.01502
[cam] pitch=60.0 heading=99.4 dist=2500 center=48.07452,8.01513
[cam] pitch=60.0 heading=100.1 dist=2500 center=48.07435,8.01524
[cam] pitch=60.0 heading=100.7 dist=2500 center=48.07419,8.01536
[cam] pitch=60.0 heading=101.2 dist=2500 center=48.07403,8.01548
[cam] pitch=60.0 heading=101.7 dist=2500 center=48.07388,8.01560
[cam] pitch=60.0 heading=102.2 dist=2500 center=48.07374,8.01573
[cam] pitch=60.0 heading=102.6 dist=2500 center=48.07358,8.01584
[cam] pitch=60.0 heading=103.1 dist=2500 center=48.07342,8.01594
[cam] pitch=60.0 heading=103.5 dist=2500 center=48.07325,8.01601
[cam] pitch=60.0 heading=103.9 dist=2500 center=48.07308,8.01603
[cam] pitch=60.0 heading=104.3 dist=2500 center=48.07290,8.01607
[cam] pitch=60.0 heading=104.7 dist=2500 center=48.07274,8.01615
[cam] pitch=60.0 heading=105.1 dist=2500 center=48.07261,8.01630
[cam] pitch=60.0 heading=105.5 dist=2500 center=48.07249,8.01646
[cam] pitch=60.0 heading=105.9 dist=2500 center=48.07239,8.01664
[cam] pitch=60.0 heading=106.3 dist=2500 center=48.07228,8.01683
[cam] pitch=60.0 heading=106.6 dist=2500 center=48.07218,8.01701
[cam] pitch=60.0 heading=106.9 dist=2500 center=48.07208,8.01720
[cam] pitch=60.0 heading=107.3 dist=2500 center=48.07197,8.01737
[cam] pitch=60.0 heading=107.6 dist=2500 center=48.07184,8.01752
[cam] pitch=60.0 heading=107.9 dist=2500 center=48.07170,8.01766
[cam] pitch=60.0 heading=108.1 dist=2500 center=48.07157,8.01780
[cam] pitch=60.0 heading=108.4 dist=2500 center=48.07143,8.01795
[cam] pitch=60.0 heading=108.7 dist=2500 center=48.07129,8.01808
[cam] pitch=60.0 heading=108.9 dist=2500 center=48.07114,8.01817
[cam] pitch=60.0 heading=109.2 dist=2500 center=48.07098,8.01826
[cam] pitch=60.0 heading=109.4 dist=2500 center=48.07081,8.01833
[cam] pitch=60.0 heading=109.7 dist=2500 center=48.07065,8.01840
[cam] pitch=60.0 heading=109.9 dist=2500 center=48.07048,8.01847
[cam] pitch=60.0 heading=110.2 dist=2500 center=48.07031,8.01851
[cam] pitch=60.0 heading=110.5 dist=2500 center=48.07013,8.01855
[cam] pitch=60.0 heading=110.8 dist=2500 center=48.06996,8.01859
[cam] pitch=60.0 heading=111.2 dist=2500 center=48.06978,8.01862
[cam] pitch=60.0 heading=111.6 dist=2500 center=48.06959,8.01862
[cam] pitch=60.0 heading=112.0 dist=2500 center=48.06942,8.01866
[cam] pitch=60.0 heading=112.4 dist=2500 center=48.06941,8.01879
[cam] pitch=60.0 heading=112.8 dist=2500 center=48.06954,8.01881
[cam] pitch=60.0 heading=113.2 dist=2500 center=48.06967,8.01881
[cam] pitch=60.0 heading=113.7 dist=2500 center=48.06980,8.01884
[cam] pitch=60.0 heading=114.1 dist=2500 center=48.06993,8.01888
[cam] pitch=60.0 heading=114.6 dist=2500 center=48.07006,8.01893
[cam] pitch=60.0 heading=115.0 dist=2500 center=48.07019,8.01898
[cam] pitch=60.0 heading=115.4 dist=2500 center=48.07033,8.01899
[cam] pitch=60.0 heading=115.8 dist=2500 center=48.07047,8.01899
[cam] pitch=60.0 heading=116.2 dist=2500 center=48.07062,8.01898
[cam] pitch=60.0 heading=116.6 dist=2500 center=48.07073,8.01905
[cam] pitch=60.0 heading=116.9 dist=2500 center=48.07063,8.01921
[cam] pitch=60.0 heading=117.3 dist=2500 center=48.07045,8.01929
[cam] pitch=60.0 heading=117.6 dist=2500 center=48.07027,8.01936
[cam] pitch=60.0 heading=118.2 dist=2500 center=48.06990,8.01946
[cam] pitch=60.0 heading=118.5 dist=2500 center=48.06971,8.01946
[cam] pitch=60.0 heading=118.7 dist=2500 center=48.06952,8.01944
[cam] pitch=60.0 heading=119.0 dist=2500 center=48.06934,8.01939
[cam] pitch=60.0 heading=119.2 dist=2500 center=48.06915,8.01933
[cam] pitch=60.0 heading=119.4 dist=2500 center=48.06896,8.01931
[cam] pitch=60.0 heading=119.6 dist=2500 center=48.06877,8.01934
[cam] pitch=60.0 heading=119.8 dist=2500 center=48.06858,8.01937
[cam] pitch=60.0 heading=120.0 dist=2500 center=48.06839,8.01939
[cam] pitch=60.0 heading=120.1 dist=2500 center=48.06820,8.01936
[cam] pitch=60.0 heading=120.3 dist=2500 center=48.06801,8.01936
[cam] pitch=60.0 heading=120.4 dist=2500 center=48.06781,8.01937
[cam] pitch=60.0 heading=120.5 dist=2500 center=48.06762,8.01939
[cam] pitch=60.0 heading=120.6 dist=2500 center=48.06743,8.01946
[cam] pitch=60.0 heading=120.7 dist=2500 center=48.06726,8.01957
[cam] pitch=60.0 heading=120.8 dist=2500 center=48.06708,8.01969
[cam] pitch=60.0 heading=120.8 dist=2500 center=48.06689,8.01980
Invalid c3mm file!
[cam] pitch=60.0 heading=120.9 dist=2500 center=48.06670,8.01988
[cam] pitch=60.0 heading=120.9 dist=2500 center=48.06651,8.01994
[cam] pitch=60.0 heading=121.0 dist=2500 center=48.06631,8.02001
[cam] pitch=60.0 heading=121.0 dist=2500 center=48.06611,8.02007
[cam] pitch=60.0 heading=121.0 dist=2500 center=48.06591,8.02014
[cam] pitch=60.0 heading=121.0 dist=2500 center=48.06570,8.02019
[cam] pitch=60.0 heading=121.0 dist=2500 center=48.06550,8.02023
[cam] pitch=60.0 heading=120.9 dist=2500 center=48.06529,8.02028
[cam] pitch=60.0 heading=120.9 dist=2500 center=48.06509,8.02037
[cam] pitch=60.0 heading=120.8 dist=2500 center=48.06489,8.02050
[cam] pitch=60.0 heading=120.8 dist=2500 center=48.06470,8.02065
[cam] pitch=60.0 heading=120.7 dist=2500 center=48.06451,8.02080
[cam] pitch=60.0 heading=120.6 dist=2500 center=48.06431,8.02094
[cam] pitch=60.0 heading=120.5 dist=2500 center=48.06410,8.02106
[cam] pitch=60.0 heading=120.4 dist=2500 center=48.06389,8.02114
[cam] pitch=60.0 heading=120.3 dist=2500 center=48.06367,8.02122
[cam] pitch=60.0 heading=120.1 dist=2500 center=48.06345,8.02130
[cam] pitch=60.0 heading=120.0 dist=2500 center=48.06323,8.02139
[cam] pitch=60.0 heading=119.7 dist=2500 center=48.06279,8.02164
[cam] pitch=60.0 heading=119.5 dist=2500 center=48.06257,8.02179
[cam] pitch=60.0 heading=119.3 dist=2500 center=48.06234,8.02193
[cam] pitch=60.0 heading=119.1 dist=2500 center=48.06212,8.02208
[cam] pitch=60.0 heading=118.9 dist=2500 center=48.06191,8.02229
[cam] pitch=60.0 heading=118.6 dist=2500 center=48.06171,8.02251
[cam] pitch=60.0 heading=118.4 dist=2500 center=48.06151,8.02273
[cam] pitch=60.0 heading=118.1 dist=2500 center=48.06130,8.02292
[cam] pitch=60.0 heading=117.8 dist=2500 center=48.06107,8.02304
[cam] pitch=60.0 heading=117.6 dist=2500 center=48.06083,8.02308
[cam] pitch=60.0 heading=117.3 dist=2500 center=48.06059,8.02304
[cam] pitch=60.0 heading=116.9 dist=2500 center=48.06036,8.02300
[cam] pitch=60.0 heading=116.6 dist=2500 center=48.06012,8.02296
[cam] pitch=60.0 heading=116.3 dist=2500 center=48.05989,8.02297
[cam] pitch=60.0 heading=115.9 dist=2500 center=48.05967,8.02309
[cam] pitch=60.0 heading=115.6 dist=2500 center=48.05946,8.02328
[cam] pitch=60.0 heading=115.2 dist=2500 center=48.05925,8.02348
[cam] pitch=60.0 heading=114.9 dist=2500 center=48.05905,8.02368
[cam] pitch=60.0 heading=114.5 dist=2500 center=48.05884,8.02388
[cam] pitch=60.0 heading=114.2 dist=2500 center=48.05865,8.02410
[cam] pitch=60.0 heading=113.8 dist=2500 center=48.05852,8.02441
[cam] pitch=60.0 heading=113.5 dist=2500 center=48.05842,8.02477
[cam] pitch=60.0 heading=113.1 dist=2500 center=48.05833,8.02513
[cam] pitch=60.0 heading=112.8 dist=2500 center=48.05824,8.02549
[cam] pitch=60.0 heading=112.4 dist=2500 center=48.05815,8.02585
[cam] pitch=60.0 heading=112.1 dist=2500 center=48.05806,8.02622
[cam] pitch=60.0 heading=111.7 dist=2500 center=48.05803,8.02660
[cam] pitch=60.0 heading=111.4 dist=2500 center=48.05806,8.02700
[cam] pitch=60.0 heading=111.1 dist=2500 center=48.05808,8.02740
[cam] pitch=60.0 heading=110.8 dist=2500 center=48.05810,8.02780
[cam] pitch=60.0 heading=110.4 dist=2500 center=48.05808,8.02819
[cam] pitch=60.0 heading=110.1 dist=2500 center=48.05802,8.02856
[cam] pitch=60.0 heading=109.8 dist=2500 center=48.05794,8.02893
[cam] pitch=60.0 heading=109.5 dist=2500 center=48.05784,8.02928
[cam] pitch=60.0 heading=108.9 dist=2500 center=48.05778,8.03004
[cam] pitch=60.0 heading=108.6 dist=2500 center=48.05782,8.03044
[cam] pitch=60.0 heading=108.4 dist=2500 center=48.05785,8.03083
[cam] pitch=60.0 heading=108.1 dist=2500 center=48.05786,8.03122
[cam] pitch=60.0 heading=107.9 dist=2500 center=48.05789,8.03161
[cam] pitch=60.0 heading=107.7 dist=2500 center=48.05802,8.03196
[cam] pitch=60.0 heading=107.4 dist=2500 center=48.05818,8.03228
[cam] pitch=60.0 heading=107.2 dist=2500 center=48.05834,8.03261
[cam] pitch=60.0 heading=107.0 dist=2500 center=48.05849,8.03294
[cam] pitch=60.0 heading=106.8 dist=2500 center=48.05862,8.03330
[cam] pitch=60.0 heading=106.6 dist=2500 center=48.05873,8.03366
[cam] pitch=60.0 heading=106.4 dist=2500 center=48.05879,8.03404
[cam] pitch=60.0 heading=106.2 dist=2500 center=48.05883,8.03443
[cam] pitch=60.0 heading=106.0 dist=2500 center=48.05883,8.03482
[cam] pitch=60.0 heading=105.8 dist=2500 center=48.05881,8.03521
[cam] pitch=60.0 heading=105.6 dist=2500 center=48.05878,8.03559
[cam] pitch=60.0 heading=105.4 dist=2500 center=48.05876,8.03598
[cam] pitch=60.0 heading=105.2 dist=2500 center=48.05875,8.03637
[cam] pitch=60.0 heading=105.0 dist=2500 center=48.05874,8.03676
[cam] pitch=60.0 heading=104.8 dist=2500 center=48.05869,8.03714
[cam] pitch=60.0 heading=104.6 dist=2500 center=48.05863,8.03752
[cam] pitch=60.0 heading=104.4 dist=2500 center=48.05856,8.03788
[cam] pitch=60.0 heading=104.2 dist=2500 center=48.05849,8.03825
[cam] pitch=60.0 heading=104.0 dist=2500 center=48.05838,8.03860
[cam] pitch=60.0 heading=103.7 dist=2500 center=48.05823,8.03889
[cam] pitch=60.0 heading=103.5 dist=2500 center=48.05805,8.03914
[cam] pitch=60.0 heading=103.3 dist=2500 center=48.05786,8.03939
[cam] pitch=60.0 heading=103.1 dist=2500 center=48.05770,8.03968
[cam] pitch=60.0 heading=102.8 dist=2500 center=48.05759,8.04001
[cam] pitch=60.0 heading=102.6 dist=2500 center=48.05749,8.04037
[cam] pitch=60.0 heading=102.4 dist=2500 center=48.05742,8.04073
[cam] pitch=60.0 heading=102.2 dist=2500 center=48.05739,8.04112
[cam] pitch=60.0 heading=102.1 dist=2500 center=48.05742,8.04150
[cam] pitch=60.0 heading=101.9 dist=2500 center=48.05753,8.04186
[cam] pitch=60.0 heading=101.7 dist=2500 center=48.05768,8.04219
[cam] pitch=60.0 heading=101.6 dist=2500 center=48.05784,8.04251
[cam] pitch=60.0 heading=101.4 dist=2500 center=48.05798,8.04284
[cam] pitch=60.0 heading=101.3 dist=2500 center=48.05809,8.04320
[cam] pitch=60.0 heading=101.1 dist=2500 center=48.05819,8.04357
[cam] pitch=60.0 heading=101.0 dist=2500 center=48.05826,8.04394
[cam] pitch=60.0 heading=100.9 dist=2500 center=48.05833,8.04432
[cam] pitch=60.0 heading=100.7 dist=2500 center=48.05836,8.04470
[cam] pitch=60.0 heading=100.7 dist=2500 center=48.05836,8.04470
[cam] pitch=60.0 heading=100.6 dist=2500 center=48.05837,8.04471
[cam] pitch=60.0 heading=100.5 dist=2500 center=48.05838,8.04471
[cam] pitch=60.0 heading=100.4 dist=2500 center=48.05838,8.04471
[cam] pitch=60.0 heading=100.3 dist=2500 center=48.05839,8.04471
[cam] pitch=60.0 heading=100.2 dist=2500 center=48.05839,8.04471
[cam] pitch=60.0 heading=100.1 dist=2500 center=48.05840,8.04471
[cam] pitch=60.0 heading=100.0 dist=2500 center=48.05841,8.04472
[cam] pitch=60.0 heading=100.0 dist=2500 center=48.05841,8.04472
[cam] pitch=60.0 heading=99.9 dist=2500 center=48.05841,8.04472
[cam] pitch=60.0 heading=99.8 dist=2500 center=48.05842,8.04472
[cam] pitch=60.0 heading=99.8 dist=2500 center=48.05842,8.04472
[cam] pitch=60.0 heading=99.7 dist=2500 center=48.05843,8.04472
[cam] pitch=60.0 heading=99.7 dist=2500 center=48.05843,8.04472
[cam] pitch=60.0 heading=99.7 dist=2500 center=48.05843,8.04472
[cam] pitch=60.0 heading=99.6 dist=2500 center=48.05843,8.04472
[cam] pitch=60.0 heading=99.6 dist=2500 center=48.05844,8.04472
[stats mode=frame trail=frame] t=25.1 ticks=298 fps=59.4 hitches=3 maxDt=33ms avgUpdate=0.06ms trailPts=2962
[cam] pitch=60.0 heading=99.6 dist=2500 center=48.05844,8.04472
[cam] pitch=60.0 heading=99.6 dist=2500 center=48.05844,8.04472
[cam] pitch=60.0 heading=99.5 dist=2500 center=48.05844,8.04472
[smooth mode=frame] callbacks=299 (60/s) speedJitter=18.5% stalls=6 maxHeadingRate=40 deg/s
    offset shown-vs-playhead camera: mean=20 m max=57 m (ground speed ~1172 m/s)
[cam] pitch=60.0 heading=99.5 dist=2500 center=48.05844,8.04472
[cam] pitch=60.0 heading=99.5 dist=2500 center=48.05844,8.04472
[cam] pitch=60.0 heading=99.5 dist=2500 center=48.05844,8.04472
[cam] pitch=60.0 heading=99.5 dist=2500 center=48.05844,8.04472
[cam] pitch=60.0 heading=99.6 dist=2500 center=48.05844,8.04472
[cam] pitch=60.0 heading=99.6 dist=2500 center=48.05844,8.04472
[cam] pitch=60.0 heading=99.6 dist=2500 center=48.05844,8.04472
[cam] pitch=60.0 heading=99.6 dist=2500 center=48.05843,8.04472
[cam] pitch=60.0 heading=99.7 dist=2500 center=48.05843,8.04472
[cam] pitch=60.0 heading=99.7 dist=2500 center=48.05843,8.04472
[cam] pitch=60.0 heading=99.7 dist=2500 center=48.05843,8.04472
[cam] pitch=60.0 heading=99.8 dist=2500 center=48.05842,8.04472
[cam] pitch=60.0 heading=99.8 dist=2500 center=48.05842,8.04472
[cam] pitch=60.0 heading=99.9 dist=2500 center=48.05841,8.04472
[cam] pitch=60.0 heading=100.0 dist=2500 center=48.05841,8.04472
[cam] pitch=60.0 heading=100.0 dist=2500 center=48.05840,8.04471
[cam] pitch=60.0 heading=100.1 dist=2500 center=48.05840,8.04471
[cam] pitch=60.0 heading=100.2 dist=2500 center=48.05839,8.04471
[cam] pitch=60.0 heading=100.3 dist=2500 center=48.05839,8.04471
[cam] pitch=60.0 heading=100.4 dist=2500 center=48.05838,8.04471
[cam] pitch=60.0 heading=100.5 dist=2500 center=48.05837,8.04471
[cam] pitch=60.0 heading=100.6 dist=2500 center=48.05837,8.04470
[cam] pitch=60.0 heading=100.7 dist=2500 center=48.05836,8.04470
[cam] pitch=60.0 heading=100.8 dist=2500 center=48.05835,8.04470
[cam] pitch=60.0 heading=100.9 dist=2500 center=48.05834,8.04470
[cam] pitch=60.0 heading=101.0 dist=2500 center=48.05834,8.04470
[cam] pitch=60.0 heading=101.2 dist=2500 center=48.05833,8.04469
[cam] pitch=60.0 heading=101.3 dist=2500 center=48.05832,8.04469
[cam] pitch=60.0 heading=101.4 dist=2500 center=48.05831,8.04469
[cam] pitch=60.0 heading=101.6 dist=2500 center=48.05830,8.04468
[cam] pitch=60.0 heading=101.7 dist=2500 center=48.05829,8.04468
[cam] pitch=60.0 heading=101.9 dist=2500 center=48.05828,8.04468
[cam] pitch=60.0 heading=102.0 dist=2500 center=48.05827,8.04467
[cam] pitch=60.0 heading=102.2 dist=2500 center=48.05825,8.04467
[cam] pitch=60.0 heading=102.4 dist=2500 center=48.05824,8.04467
[cam] pitch=60.0 heading=102.6 dist=2500 center=48.05823,8.04466
[cam] pitch=60.0 heading=102.8 dist=2500 center=48.05822,8.04466
[cam] pitch=60.0 heading=102.9 dist=2500 center=48.05820,8.04465
[cam] pitch=60.0 heading=103.1 dist=2500 center=48.05819,8.04465
[cam] pitch=60.0 heading=103.4 dist=2500 center=48.05818,8.04464
[cam] pitch=60.0 heading=103.6 dist=2500 center=48.05816,8.04464
[cam] pitch=60.0 heading=103.8 dist=2500 center=48.05815,8.04463
[cam] pitch=60.0 heading=104.0 dist=2500 center=48.05813,8.04463
[cam] pitch=60.0 heading=104.2 dist=2500 center=48.05812,8.04462
[cam] pitch=60.0 heading=104.5 dist=2500 center=48.05810,8.04462
[cam] pitch=60.0 heading=104.7 dist=2500 center=48.05808,8.04461
[cam] pitch=60.0 heading=105.0 dist=2500 center=48.05807,8.04460
[cam] pitch=60.0 heading=105.2 dist=2500 center=48.05805,8.04460
[cam] pitch=60.0 heading=105.5 dist=2500 center=48.05803,8.04459
[cam] pitch=60.0 heading=105.7 dist=2500 center=48.05801,8.04458
[cam] pitch=60.0 heading=106.0 dist=2500 center=48.05799,8.04457
[cam] pitch=60.0 heading=106.3 dist=2500 center=48.05797,8.04456
[cam] pitch=60.0 heading=106.6 dist=2500 center=48.05795,8.04456
[cam] pitch=60.0 heading=106.9 dist=2500 center=48.05793,8.04455
[cam] pitch=60.0 heading=107.2 dist=2500 center=48.05791,8.04454
[cam] pitch=60.0 heading=107.5 dist=2500 center=48.05789,8.04453
[cam] pitch=60.0 heading=107.8 dist=2500 center=48.05787,8.04452
[cam] pitch=60.0 heading=108.2 dist=2500 center=48.05785,8.04451
[cam] pitch=60.0 heading=108.5 dist=2500 center=48.05783,8.04450
[cam] pitch=60.0 heading=108.8 dist=2500 center=48.05780,8.04448
[cam] pitch=60.0 heading=109.2 dist=2500 center=48.05778,8.04447
[cam] pitch=60.0 heading=109.5 dist=2500 center=48.05776,8.04446
[cam] pitch=60.0 heading=109.9 dist=2500 center=48.05773,8.04445
[cam] pitch=60.0 heading=110.3 dist=2500 center=48.05771,8.04443
[cam] pitch=60.0 heading=110.7 dist=2500 center=48.05768,8.04442
[cam] pitch=60.0 heading=111.0 dist=2500 center=48.05766,8.04440
[cam] pitch=60.0 heading=111.4 dist=2500 center=48.05763,8.04439
[cam] pitch=60.0 heading=111.9 dist=2500 center=48.05760,8.04437
[cam] pitch=60.0 heading=112.3 dist=2500 center=48.05758,8.04436
[cam] pitch=60.0 heading=112.7 dist=2500 center=48.05755,8.04434
[cam] pitch=60.0 heading=113.1 dist=2500 center=48.05752,8.04432
[cam] pitch=60.0 heading=113.6 dist=2500 center=48.05749,8.04430
[cam] pitch=60.0 heading=114.0 dist=2500 center=48.05746,8.04428
[cam] pitch=60.0 heading=114.5 dist=2500 center=48.05743,8.04426
[cam] pitch=60.0 heading=114.9 dist=2500 center=48.05740,8.04424
[cam] pitch=60.0 heading=115.4 dist=2500 center=48.05737,8.04422
[cam] pitch=60.0 heading=115.9 dist=2500 center=48.05734,8.04420
[cam] pitch=60.0 heading=116.4 dist=2500 center=48.05731,8.04418
[cam] pitch=60.0 heading=116.9 dist=2500 center=48.05728,8.04415
[cam] pitch=60.0 heading=117.4 dist=2500 center=48.05725,8.04413
[cam] pitch=60.0 heading=118.0 dist=2500 center=48.05721,8.04410
[cam] pitch=60.0 heading=118.5 dist=2500 center=48.05718,8.04407
[cam] pitch=60.0 heading=119.1 dist=2500 center=48.05715,8.04405
[cam] pitch=60.0 heading=119.6 dist=2500 center=48.05711,8.04402
[cam] pitch=60.0 heading=120.2 dist=2500 center=48.05708,8.04399
[cam] pitch=60.0 heading=121.4 dist=2500 center=48.05701,8.04392
[cam] pitch=60.0 heading=122.0 dist=2500 center=48.05697,8.04389
[cam] pitch=60.0 heading=122.6 dist=2500 center=48.05693,8.04386
[cam] pitch=60.0 heading=123.2 dist=2500 center=48.05689,8.04382
[cam] pitch=60.0 heading=123.9 dist=2500 center=48.05686,8.04378
[cam] pitch=60.0 heading=124.5 dist=2500 center=48.05682,8.04374
[cam] pitch=60.0 heading=125.2 dist=2500 center=48.05678,8.04370
[cam] pitch=60.0 heading=125.8 dist=2500 center=48.05674,8.04366
[cam] pitch=60.0 heading=126.5 dist=2500 center=48.05670,8.04362
[cam] pitch=60.0 heading=127.2 dist=2500 center=48.05667,8.04358
[cam] pitch=60.0 heading=127.8 dist=2500 center=48.05663,8.04354
[cam] pitch=60.0 heading=128.5 dist=2500 center=48.05659,8.04349
[cam] pitch=60.0 heading=129.2 dist=2500 center=48.05656,8.04345
[cam] pitch=60.0 heading=130.5 dist=2500 center=48.05650,8.04375
[cam] pitch=60.0 heading=130.5 dist=2500 center=48.05650,8.04375
[cam] pitch=60.0 heading=131.2 dist=2500 center=48.05652,8.04408
[cam] pitch=60.0 heading=131.8 dist=2500 center=48.05658,8.04440
[cam] pitch=60.0 heading=132.5 dist=2500 center=48.05662,8.04472
[cam] pitch=60.0 heading=133.2 dist=2500 center=48.05663,8.04505
[cam] pitch=60.0 heading=133.8 dist=2500 center=48.05665,8.04538
[cam] pitch=60.0 heading=134.5 dist=2500 center=48.05664,8.04571
[cam] pitch=60.0 heading=135.2 dist=2500 center=48.05662,8.04605
[cam] pitch=60.0 heading=135.8 dist=2500 center=48.05659,8.04638
[cam] pitch=60.0 heading=136.5 dist=2500 center=48.05656,8.04672
[cam] pitch=60.0 heading=137.2 dist=2500 center=48.05653,8.04705
[cam] pitch=60.0 heading=137.8 dist=2500 center=48.05649,8.04738
[cam] pitch=60.0 heading=138.5 dist=2500 center=48.05642,8.04771
[cam] pitch=60.0 heading=139.2 dist=2500 center=48.05625,8.04797
[cam] pitch=60.0 heading=139.8 dist=2500 center=48.05599,8.04807
[cam] pitch=60.0 heading=140.5 dist=2500 center=48.05570,8.04807
[cam] pitch=60.0 heading=141.2 dist=2500 center=48.05542,8.04807
[cam] pitch=60.0 heading=141.8 dist=2500 center=48.05513,8.04807
[cam] pitch=60.0 heading=142.5 dist=2500 center=48.05485,8.04806
[cam] pitch=60.0 heading=143.2 dist=2500 center=48.05457,8.04806
[cam] pitch=60.0 heading=143.8 dist=2500 center=48.05428,8.04807
[cam] pitch=60.0 heading=144.5 dist=2500 center=48.05401,8.04810
[cam] pitch=60.0 heading=145.2 dist=2500 center=48.05373,8.04813
[cam] pitch=60.0 heading=145.8 dist=2500 center=48.05345,8.04816
[cam] pitch=60.0 heading=146.5 dist=2500 center=48.05317,8.04818
[cam] pitch=60.0 heading=147.2 dist=2500 center=48.05289,8.04818
[cam] pitch=60.0 heading=147.8 dist=2500 center=48.05261,8.04815
[cam] pitch=60.0 heading=148.5 dist=2500 center=48.05233,8.04810
[cam] pitch=60.0 heading=149.2 dist=2500 center=48.05205,8.04802
[cam] pitch=60.0 heading=149.8 dist=2500 center=48.05176,8.04793
[cam] pitch=60.0 heading=150.5 dist=2500 center=48.05148,8.04783
[cam] pitch=60.0 heading=151.2 dist=2500 center=48.05120,8.04774
[cam] pitch=60.0 heading=151.8 dist=2500 center=48.05093,8.04764
[cam] pitch=60.0 heading=152.5 dist=2500 center=48.05065,8.04756
[cam] pitch=60.0 heading=153.2 dist=2500 center=48.05037,8.04749
[cam] pitch=60.0 heading=153.8 dist=2500 center=48.05009,8.04746
[cam] pitch=60.0 heading=154.5 dist=2500 center=48.04981,8.04745
[cam] pitch=60.0 heading=155.2 dist=2500 center=48.04954,8.04748
[cam] pitch=60.0 heading=155.8 dist=2500 center=48.04928,8.04751
[cam] pitch=60.0 heading=156.5 dist=2500 center=48.04901,8.04754
[cam] pitch=60.0 heading=157.2 dist=2500 center=48.04874,8.04758
[cam] pitch=60.0 heading=157.8 dist=2500 center=48.04848,8.04765
[cam] pitch=60.0 heading=158.5 dist=2500 center=48.04822,8.04772
[cam] pitch=60.0 heading=159.2 dist=2500 center=48.04799,8.04785
[cam] pitch=60.0 heading=159.8 dist=2500 center=48.04782,8.04809
[cam] pitch=60.0 heading=160.5 dist=2500 center=48.04774,8.04840
[cam] pitch=60.0 heading=161.2 dist=2500 center=48.04767,8.04871
[cam] pitch=60.0 heading=161.8 dist=2500 center=48.04759,8.04902
[cam] pitch=60.0 heading=162.5 dist=2500 center=48.04752,8.04933
[cam] pitch=60.0 heading=163.2 dist=2500 center=48.04746,8.04964
[cam] pitch=60.0 heading=163.8 dist=2500 center=48.04735,8.04993
[cam] pitch=60.0 heading=164.5 dist=2500 center=48.04720,8.05018
[cam] pitch=60.0 heading=165.2 dist=2500 center=48.04703,8.05042
[cam] pitch=60.0 heading=165.8 dist=2500 center=48.04686,8.05066
[cam] pitch=60.0 heading=166.5 dist=2500 center=48.04669,8.05089
[cam] pitch=60.0 heading=167.2 dist=2500 center=48.04647,8.05104
[cam] pitch=60.0 heading=167.8 dist=2500 center=48.04621,8.05107
[cam] pitch=60.0 heading=168.5 dist=2500 center=48.04595,8.05111
[cam] pitch=60.0 heading=169.2 dist=2500 center=48.04573,8.05124
org.openbikecomputer.spike.flyover: 17587
